ingestion-worker-file-1  | {"event": "[nsqd:4150:ingest.task.file:worker] received heartbeat", "logger": "nsq.client", "level": "info", "timestamp": "2026-01-11T23:01:00.923161Z"}
ingestion-worker-file-1  | {"event": "[nsqd:4150:ingest.task.file:worker] received heartbeat", "logger": "nsq.client", "level": "info", "timestamp": "2026-01-11T23:01:30.923212Z"}
backend-1                | INF    2 [ingest.result/backend] querying nsqlookupd http://nsqlookupd:4161/lookup?topic=ingest.result
nsqlookupd-1             | [nsqlookupd] 2026/01/11 23:09:11.287608 INFO: 200 GET /lookup?topic=ingest.result (172.20.0.6:43782) 15.309µs
ingestion-worker-file-1  | {"event": "[nsqd:4150:ingest.task.file:worker] received heartbeat", "logger": "nsq.client", "level": "info", "timestamp": "2026-01-11T23:02:00.923711Z"}
postgres-1               | 2026-01-11 22:55:55.760 UTC [41] LOG:  background worker "logical replication launcher" (PID 47) exited with exit code 1
nsqlookupd-1             | [nsqlookupd] 2026/01/11 23:09:18.297548 INFO: 200 GET /lookup?topic=ingest.task.file (172.20.0.7:52744) 5.6µs
ingestion-worker-file-1  | {"event": "[nsqd:4150:ingest.task.file:worker] received heartbeat", "logger": "nsq.client", "level": "info", "timestamp": "2026-01-11T23:02:30.922722Z"}
postgres-1               | 2026-01-11 22:55:55.760 UTC [42] LOG:  shutting down
ingestion-worker-file-1  | {"event": "[nsqd:4150:ingest.task.file:worker] received heartbeat", "logger": "nsq.client", "level": "info", "timestamp": "2026-01-11T23:03:00.922692Z"}
nsqlookupd-1             | [nsqlookupd] 2026/01/11 23:09:24.617576 INFO: CLIENT(172.20.0.5:45508): pinged (last ping 14.999568862s)
frontend-1               | 172.20.0.1 - - [11/Jan/2026:23:00:58 +0000] "GET /api/sources/2944f3a9-3109-4b0c-80f9-5081ea2acc51/pages HTTP/1.1" 200 7718 "http://localhost:3000/sources/2944f3a9-3109-4b0c-80f9-5081ea2acc51" "Mozilla/5.0 (X11; Linux x86_64) AppleWebKit/537.36 (KHTML, like Gecko) Chrome/143.0.0.0 Safari/537.36" "-"
nsqlookupd-1             | [nsqlookupd] 2026/01/11 23:09:39.617574 INFO: CLIENT(172.20.0.5:45508): pinged (last ping 14.999998474s)
nsqd-1                   | [nsqd] 2026/01/11 23:38:02.838126 INFO: 200 GET /ping ([::1]:44610) 831ns
ingestion-worker-file-1  | {"event": "[nsqd:4150:ingest.task.file:worker] received heartbeat", "logger": "nsq.client", "level": "info", "timestamp": "2026-01-11T23:03:30.922640Z"}
ingestion-worker-file-1  | {"event": "[nsqd:4150:ingest.task.file:worker] received heartbeat", "logger": "nsq.client", "level": "info", "timestamp": "2026-01-11T23:04:00.923509Z"}
nsqd-1                   | [nsqd] 2026/01/11 23:38:07.862149 INFO: 200 GET /ping ([::1]:44624) 1.012µs
ingestion-worker-web-1   | {"url": "https://pinia.vuejs.org/cookbook", "event": "crawl_starting", "logger": "handlers.web", "level": "info", "timestamp": "2026-01-11T23:10:11.893781Z"}
nsqlookupd-1             | [nsqlookupd] 2026/01/11 23:09:54.617578 INFO: CLIENT(172.20.0.5:45508): pinged (last ping 15.000003483s)
ingestion-worker-web-1   | [INIT].... → Crawl4AI 0.7.8 
nsqlookupd-1             | [nsqlookupd] 2026/01/11 23:10:09.618412 INFO: CLIENT(172.20.0.5:45508): pinged (last ping 15.000832942s)
nsqd-1                   | [nsqd] 2026/01/11 23:38:12.892229 INFO: 200 GET /ping ([::1]:37702) 1.002µs
ingestion-worker-web-1   | [INIT].... → Crawl4AI 0.7.8 
nsqd-1                   | [nsqd] 2026/01/11 23:38:17.931183 INFO: 200 GET /ping ([::1]:37710) 1.153µs
nsqd-1                   | [nsqd] 2026/01/11 23:38:22.957395 INFO: 200 GET /ping ([::1]:38252) 902ns
nsqd-1                   | [nsqd] 2026/01/11 23:38:27.992495 INFO: 200 GET /ping ([::1]:38260) 872ns
nsqd-1                   | [nsqd] 2026/01/11 23:38:33.034569 INFO: 200 GET /ping ([::1]:40948) 832ns
nsqd-1                   | [nsqd] 2026/01/11 23:38:38.063228 INFO: 200 GET /ping ([::1]:40960) 1.142µs
nsqd-1                   | [nsqd] 2026/01/11 23:38:43.100411 INFO: 200 GET /ping ([::1]:40264) 1.002µs
nsqd-1                   | [nsqd] 2026/01/11 23:38:48.132236 INFO: 200 GET /ping ([::1]:40274) 892ns
nsqd-1                   | [nsqd] 2026/01/11 23:38:53.176869 INFO: 200 GET /ping ([::1]:45120) 892ns
nsqd-1                   | [nsqd] 2026/01/11 23:38:58.204896 INFO: 200 GET /ping ([::1]:45132) 952ns
nsqd-1                   | [nsqd] 2026/01/11 23:39:03.236887 INFO: 200 GET /ping ([::1]:50072) 931ns
nsqd-1                   | [nsqd] 2026/01/11 23:39:08.275333 INFO: 200 GET /ping ([::1]:50088) 1.042µs
nsqd-1                   | [nsqd] 2026/01/11 23:39:13.306991 INFO: 200 GET /ping ([::1]:39778) 941ns
nsqd-1                   | [nsqd] 2026/01/11 23:39:18.349555 INFO: 200 GET /ping ([::1]:39788) 732ns
nsqd-1                   | [nsqd] 2026/01/11 23:39:23.386626 INFO: 200 GET /ping ([::1]:43324) 891ns
nsqlookupd-1             | [nsqlookupd] 2026/01/11 23:10:11.287454 INFO: 200 GET /lookup?topic=ingest.result (172.20.0.6:43782) 11.481µs
postgres-1               | 2026-01-11 22:55:55.764 UTC [42] LOG:  checkpoint starting: shutdown immediate
nsqlookupd-1             | [nsqlookupd] 2026/01/11 23:10:11.815438 INFO: 200 GET /lookup?topic=ingest.task.web (172.20.0.8:40164) 5.64µs
nsqlookupd-1             | [nsqlookupd] 2026/01/11 23:10:18.296499 INFO: 200 GET /lookup?topic=ingest.task.file (172.20.0.7:36396) 5.38µs
nsqlookupd-1             | [nsqlookupd] 2026/01/11 23:10:24.617921 INFO: CLIENT(172.20.0.5:45508): pinged (last ping 14.999510351s)
postgres-1               | 2026-01-11 22:55:55.978 UTC [42] LOG:  checkpoint complete: wrote 926 buffers (5.7%); 0 WAL file(s) added, 0 removed, 0 recycled; write=0.024 s, sync=0.165 s, total=0.219 s; sync files=301, longest=0.006 s, average=0.001 s; distance=4272 kB, estimate=4272 kB; lsn=0/191E918, redo lsn=0/191E918
postgres-1               | 2026-01-11 22:55:55.984 UTC [41] LOG:  database system is shut down
postgres-1               |  done
postgres-1               | server stopped
postgres-1               | 
postgres-1               | PostgreSQL init process complete; ready for start up.
postgres-1               | 
postgres-1               | 2026-01-11 22:55:56.081 UTC [1] LOG:  starting PostgreSQL 16.11 on x86_64-pc-linux-musl, compiled by gcc (Alpine 15.2.0) 15.2.0, 64-bit
postgres-1               | 2026-01-11 22:55:56.081 UTC [1] LOG:  listening on IPv4 address "0.0.0.0", port 5432
postgres-1               | 2026-01-11 22:55:56.081 UTC [1] LOG:  listening on IPv6 address "::", port 5432
postgres-1               | 2026-01-11 22:55:56.089 UTC [1] LOG:  listening on Unix socket "/var/run/postgresql/.s.PGSQL.5432"
postgres-1               | 2026-01-11 22:55:56.098 UTC [57] LOG:  database system was shut down at 2026-01-11 22:55:55 UTC
postgres-1               | 2026-01-11 22:55:56.105 UTC [1] LOG:  database system is ready to accept connections
postgres-1               | 2026-01-11 23:00:56.147 UTC [55] LOG:  checkpoint starting: time
postgres-1               | 2026-01-11 23:01:08.784 UTC [55] LOG:  checkpoint complete: wrote 128 buffers (0.8%); 0 WAL file(s) added, 0 removed, 0 recycled; write=12.570 s, sync=0.060 s, total=12.637 s; sync files=119, longest=0.002 s, average=0.001 s; distance=623 kB, estimate=623 kB; lsn=0/19BA940, redo lsn=0/19BA908
postgres-1               | 2026-01-11 23:10:56.984 UTC [55] LOG:  checkpoint starting: time
postgres-1               | 2026-01-11 23:10:57.207 UTC [55] LOG:  checkpoint complete: wrote 3 buffers (0.0%); 0 WAL file(s) added, 0 removed, 0 recycled; write=0.204 s, sync=0.006 s, total=0.224 s; sync files=3, longest=0.004 s, average=0.002 s; distance=17 kB, estimate=563 kB; lsn=0/19BEEF0, redo lsn=0/19BEEB8
postgres-1               | 2026-01-11 23:15:56.307 UTC [55] LOG:  checkpoint starting: time
postgres-1               | 2026-01-11 23:15:57.328 UTC [55] LOG:  checkpoint complete: wrote 11 buffers (0.1%); 0 WAL file(s) added, 0 removed, 0 recycled; write=1.007 s, sync=0.006 s, total=1.021 s; sync files=8, longest=0.003 s, average=0.001 s; distance=41 kB, estimate=511 kB; lsn=0/19C9368, redo lsn=0/19C9330
frontend-1               | 172.20.0.1 - - [11/Jan/2026:23:01:00 +0000] "GET /api/sources/2944f3a9-3109-4b0c-80f9-5081ea2acc51?exclude_chunks=true HTTP/1.1" 200 248 "http://localhost:3000/sources/2944f3a9-3109-4b0c-80f9-5081ea2acc51" "Mozilla/5.0 (X11; Linux x86_64) AppleWebKit/537.36 (KHTML, like Gecko) Chrome/143.0.0.0 Safari/537.36" "-"
ingestion-worker-file-1  | {"event": "[nsqd:4150:ingest.task.file:worker] received heartbeat", "logger": "nsq.client", "level": "info", "timestamp": "2026-01-11T23:04:30.923222Z"}
nsqd-1                   | [nsqd] 2026/01/11 23:39:28.418169 INFO: 200 GET /ping ([::1]:43340) 1.142µs
frontend-1               | 172.20.0.1 - - [11/Jan/2026:23:01:00 +0000] "GET /api/sources/2944f3a9-3109-4b0c-80f9-5081ea2acc51/pages HTTP/1.1" 200 7718 "http://localhost:3000/sources/2944f3a9-3109-4b0c-80f9-5081ea2acc51" "Mozilla/5.0 (X11; Linux x86_64) AppleWebKit/537.36 (KHTML, like Gecko) Chrome/143.0.0.0 Safari/537.36" "-"
backend-1                | INF    2 [ingest.result/backend] querying nsqlookupd http://nsqlookupd:4161/lookup?topic=ingest.result
nsqd-1                   | [nsqd] 2026/01/11 23:39:33.456285 INFO: 200 GET /ping ([::1]:57242) 1.042µs
nsqd-1                   | [nsqd] 2026/01/11 23:39:38.492340 INFO: 200 GET /ping ([::1]:57250) 1.203µs
nsqd-1                   | [nsqd] 2026/01/11 23:39:43.532492 INFO: 200 GET /ping ([::1]:39100) 992ns
nsqd-1                   | [nsqd] 2026/01/11 23:39:48.554089 INFO: 200 GET /ping ([::1]:39106) 892ns
nsqd-1                   | [nsqd] 2026/01/11 23:39:53.596210 INFO: 200 GET /ping ([::1]:60066) 801ns
nsqd-1                   | [nsqd] 2026/01/11 23:39:58.619191 INFO: 200 GET /ping ([::1]:60076) 731ns
nsqd-1                   | [nsqd] 2026/01/11 23:40:03.657687 INFO: 200 GET /ping ([::1]:45128) 1.092µs
nsqd-1                   | [nsqd] 2026/01/11 23:40:08.693078 INFO: 200 GET /ping ([::1]:45136) 892ns
nsqd-1                   | [nsqd] 2026/01/11 23:40:13.737198 INFO: 200 GET /ping ([::1]:42810) 871ns
nsqd-1                   | [nsqd] 2026/01/11 23:40:18.772497 INFO: 200 GET /ping ([::1]:42818) 831ns
nsqd-1                   | [nsqd] 2026/01/11 23:40:23.814307 INFO: 200 GET /ping ([::1]:59884) 1.022µs
nsqd-1                   | [nsqd] 2026/01/11 23:40:28.851336 INFO: 200 GET /ping ([::1]:59888) 1.022µs
nsqd-1                   | [nsqd] 2026/01/11 23:40:33.876912 INFO: 200 GET /ping ([::1]:37326) 942ns
nsqd-1                   | [nsqd] 2026/01/11 23:40:38.915370 INFO: 200 GET /ping ([::1]:37330) 1.002µs
nsqd-1                   | [nsqd] 2026/01/11 23:40:43.954285 INFO: 200 GET /ping ([::1]:44234) 952ns
nsqd-1                   | [nsqd] 2026/01/11 23:40:48.983701 INFO: 200 GET /ping ([::1]:44246) 921ns
nsqd-1                   | [nsqd] 2026/01/11 23:40:54.026470 INFO: 200 GET /ping ([::1]:37920) 1.072µs
nsqd-1                   | [nsqd] 2026/01/11 23:40:59.060485 INFO: 200 GET /ping ([::1]:37936) 952ns
nsqd-1                   | [nsqd] 2026/01/11 23:41:04.105582 INFO: 200 GET /ping ([::1]:53998) 902ns
nsqd-1                   | [nsqd] 2026/01/11 23:41:09.136628 INFO: 200 GET /ping ([::1]:54010) 772ns
nsqd-1                   | [nsqd] 2026/01/11 23:41:14.178151 INFO: 200 GET /ping ([::1]:58932) 941ns
nsqd-1                   | [nsqd] 2026/01/11 23:41:19.214534 INFO: 200 GET /ping ([::1]:58946) 952ns
nsqd-1                   | [nsqd] 2026/01/11 23:41:24.255177 INFO: 200 GET /ping ([::1]:48620) 962ns
nsqd-1                   | [nsqd] 2026/01/11 23:41:29.291286 INFO: 200 GET /ping ([::1]:48636) 1.032µs
nsqd-1                   | [nsqd] 2026/01/11 23:41:34.328123 INFO: 200 GET /ping ([::1]:54728) 861ns
nsqd-1                   | [nsqd] 2026/01/11 23:41:39.360685 INFO: 200 GET /ping ([::1]:54734) 1.222µs
nsqd-1                   | [nsqd] 2026/01/11 23:41:44.397213 INFO: 200 GET /ping ([::1]:41196) 1.122µs
frontend-1               | 172.20.0.1 - - [11/Jan/2026:23:01:02 +0000] "GET /api/sources/2944f3a9-3109-4b0c-80f9-5081ea2acc51?exclude_chunks=true HTTP/1.1" 200 248 "http://localhost:3000/sources/2944f3a9-3109-4b0c-80f9-5081ea2acc51" "Mozilla/5.0 (X11; Linux x86_64) AppleWebKit/537.36 (KHTML, like Gecko) Chrome/143.0.0.0 Safari/537.36" "-"
backend-1                | INF    2 [ingest.result/backend] querying nsqlookupd http://nsqlookupd:4161/lookup?topic=ingest.result
frontend-1               | 172.20.0.1 - - [11/Jan/2026:23:01:02 +0000] "GET /api/sources/2944f3a9-3109-4b0c-80f9-5081ea2acc51/pages HTTP/1.1" 200 7718 "http://localhost:3000/sources/2944f3a9-3109-4b0c-80f9-5081ea2acc51" "Mozilla/5.0 (X11; Linux x86_64) AppleWebKit/537.36 (KHTML, like Gecko) Chrome/143.0.0.0 Safari/537.36" "-"
nsqlookupd-1             | [nsqlookupd] 2026/01/11 23:10:39.618287 INFO: CLIENT(172.20.0.5:45508): pinged (last ping 15.000363724s)
backend-1                | INF    2 [ingest.result/backend] querying nsqlookupd http://nsqlookupd:4161/lookup?topic=ingest.result
nsqlookupd-1             | [nsqlookupd] 2026/01/11 23:10:54.618430 INFO: CLIENT(172.20.0.5:45508): pinged (last ping 15.000144308s)
nsqlookupd-1             | [nsqlookupd] 2026/01/11 23:11:04.826347 INFO: 200 GET /lookup?topic=ingest.task.web (172.20.0.8:42376) 6.302µs
nsqlookupd-1             | [nsqlookupd] 2026/01/11 23:11:09.617904 INFO: CLIENT(172.20.0.5:45508): pinged (last ping 14.999473851s)
nsqlookupd-1             | [nsqlookupd] 2026/01/11 23:11:11.287471 INFO: 200 GET /lookup?topic=ingest.result (172.20.0.6:43782) 6.743µs
nsqlookupd-1             | [nsqlookupd] 2026/01/11 23:11:18.297988 INFO: 200 GET /lookup?topic=ingest.task.file (172.20.0.7:57946) 6.472µs
nsqlookupd-1             | [nsqlookupd] 2026/01/11 23:11:24.618642 INFO: CLIENT(172.20.0.5:45508): pinged (last ping 15.000738463s)
nsqlookupd-1             | [nsqlookupd] 2026/01/11 23:11:39.618221 INFO: CLIENT(172.20.0.5:45508): pinged (last ping 14.999579165s)
nsqlookupd-1             | [nsqlookupd] 2026/01/11 23:11:54.618438 INFO: CLIENT(172.20.0.5:45508): pinged (last ping 15.000217389s)
nsqlookupd-1             | [nsqlookupd] 2026/01/11 23:12:04.821147 INFO: 200 GET /lookup?topic=ingest.task.web (172.20.0.8:40152) 6.071µs
nsqlookupd-1             | [nsqlookupd] 2026/01/11 23:12:09.618424 INFO: CLIENT(172.20.0.5:45508): pinged (last ping 14.999985285s)
nsqlookupd-1             | [nsqlookupd] 2026/01/11 23:12:11.287783 INFO: 200 GET /lookup?topic=ingest.result (172.20.0.6:43782) 7.775µs
nsqlookupd-1             | [nsqlookupd] 2026/01/11 23:12:18.297119 INFO: 200 GET /lookup?topic=ingest.task.file (172.20.0.7:45108) 6.332µs
nsqlookupd-1             | [nsqlookupd] 2026/01/11 23:12:24.618051 INFO: CLIENT(172.20.0.5:45508): pinged (last ping 14.999626973s)
nsqlookupd-1             | [nsqlookupd] 2026/01/11 23:12:39.617829 INFO: CLIENT(172.20.0.5:45508): pinged (last ping 14.999777863s)
nsqlookupd-1             | [nsqlookupd] 2026/01/11 23:12:54.618629 INFO: CLIENT(172.20.0.5:45508): pinged (last ping 15.00080023s)
nsqlookupd-1             | [nsqlookupd] 2026/01/11 23:13:04.829843 INFO: 200 GET /lookup?topic=ingest.task.web (172.20.0.8:43346) 6.832µs
nsqlookupd-1             | [nsqlookupd] 2026/01/11 23:13:09.618492 INFO: CLIENT(172.20.0.5:45508): pinged (last ping 14.999862948s)
nsqlookupd-1             | [nsqlookupd] 2026/01/11 23:13:11.287999 INFO: 200 GET /lookup?topic=ingest.result (172.20.0.6:43782) 7.995µs
frontend-1               | 172.20.0.1 - - [11/Jan/2026:23:01:04 +0000] "GET /api/sources/2944f3a9-3109-4b0c-80f9-5081ea2acc51?exclude_chunks=true HTTP/1.1" 200 248 "http://localhost:3000/sources/2944f3a9-3109-4b0c-80f9-5081ea2acc51" "Mozilla/5.0 (X11; Linux x86_64) AppleWebKit/537.36 (KHTML, like Gecko) Chrome/143.0.0.0 Safari/537.36" "-"
nsqlookupd-1             | [nsqlookupd] 2026/01/11 23:13:18.291349 INFO: 200 GET /lookup?topic=ingest.task.file (172.20.0.7:54760) 5.411µs
frontend-1               | 172.20.0.1 - - [11/Jan/2026:23:01:04 +0000] "GET /api/sources/2944f3a9-3109-4b0c-80f9-5081ea2acc51/pages HTTP/1.1" 200 7718 "http://localhost:3000/sources/2944f3a9-3109-4b0c-80f9-5081ea2acc51" "Mozilla/5.0 (X11; Linux x86_64) AppleWebKit/537.36 (KHTML, like Gecko) Chrome/143.0.0.0 Safari/537.36" "-"
nsqd-1                   | [nsqd] 2026/01/11 23:41:49.434604 INFO: 200 GET /ping ([::1]:41198) 1.132µs
backend-1                | INF    2 [ingest.result/backend] querying nsqlookupd http://nsqlookupd:4161/lookup?topic=ingest.result
backend-1                | INF    2 [ingest.result/backend] querying nsqlookupd http://nsqlookupd:4161/lookup?topic=ingest.result
backend-1                | INF    2 [ingest.result/backend] querying nsqlookupd http://nsqlookupd:4161/lookup?topic=ingest.result
backend-1                | INF    2 [ingest.result/backend] querying nsqlookupd http://nsqlookupd:4161/lookup?topic=ingest.result
ingestion-worker-file-1  | {"event": "[nsqd:4150:ingest.task.file:worker] received heartbeat", "logger": "nsq.client", "level": "info", "timestamp": "2026-01-11T23:05:00.923456Z"}
ingestion-worker-file-1  | {"event": "[nsqd:4150:ingest.task.file:worker] received heartbeat", "logger": "nsq.client", "level": "info", "timestamp": "2026-01-11T23:05:30.922813Z"}
ingestion-worker-file-1  | {"event": "[nsqd:4150:ingest.task.file:worker] received heartbeat", "logger": "nsq.client", "level": "info", "timestamp": "2026-01-11T23:06:00.923509Z"}
ingestion-worker-file-1  | {"event": "[nsqd:4150:ingest.task.file:worker] received heartbeat", "logger": "nsq.client", "level": "info", "timestamp": "2026-01-11T23:06:30.923160Z"}
ingestion-worker-file-1  | {"event": "Finished converting document fb8b9062-4596-403f-8047-fc2448382968_RESTful_Web_Services.pdf in 535.13 sec.", "logger": "docling.document_converter", "level": "info", "timestamp": "2026-01-11T23:07:00.748416Z"}
ingestion-worker-file-1  | {"event": "[nsqd:4150:ingest.task.file:worker] received heartbeat", "logger": "nsq.client", "level": "info", "timestamp": "2026-01-11T23:07:00.922997Z"}
ingestion-worker-file-1  | {"source_id": "2c696c8e-d61c-4d72-b563-62a17428fea2", "url": "/var/lib/qurio/uploads/fb8b9062-4596-403f-8047-fc2448382968_RESTful_Web_Services.pdf", "event": "result_published", "logger": "__main__", "level": "info", "timestamp": "2026-01-11T23:07:01.021206Z"}
ingestion-worker-file-1  | {"event": "[nsqd:4150] connection closed", "logger": "nsq.writer", "level": "warning", "timestamp": "2026-01-11T23:07:01.021329Z"}
ingestion-worker-file-1  | {"event": "[nsqd:4150] attempting to reconnect in 15.00s", "logger": "nsq.writer", "level": "info", "timestamp": "2026-01-11T23:07:01.021363Z"}
ingestion-worker-file-1  | {"event": "[nsqd:4150:nsqd:4150] ERROR: Error(b'E_BAD_MESSAGE PUB message too big 1109179 > 1048576')", "logger": "nsq.client", "level": "error", "timestamp": "2026-01-11T23:07:01.021419Z"}
ingestion-worker-file-1  | {"source_id": "2c696c8e-d61c-4d72-b563-62a17428fea2", "url": "/var/lib/qurio/uploads/fb8b9062-4596-403f-8047-fc2448382968_RESTful_Web_Services.pdf", "event": "result_published", "logger": "__main__", "level": "info", "timestamp": "2026-01-11T23:07:01.021435Z"}
ingestion-worker-file-1  | {"event": "[nsqd:4150:nsqd:4150] ERROR: ConnectionClosedError('Stream is closed')", "logger": "nsq.client", "level": "error", "timestamp": "2026-01-11T23:07:01.021490Z"}
ingestion-worker-file-1  | {"event": "[nsqd:4150] connecting to nsqd", "logger": "nsq.writer", "level": "info", "timestamp": "2026-01-11T23:07:16.021993Z"}
ingestion-worker-file-1  | {"event": "[nsqd:4150:nsqd:4150] IDENTIFY sent {'short_id': 'b50b26515316', 'long_id': 'b50b26515316', 'client_id': 'b50b26515316', 'hostname': 'b50b26515316', 'heartbeat_interval': 30000, 'feature_negotiation': True, 'tls_v1': False, 'snappy': False, 'deflate': False, 'deflate_level': 6, 'output_buffer_timeout': 250, 'output_buffer_size': 16384, 'sample_rate': 0, 'user_agent': 'pynsq/0.9.1'}", "logger": "nsq.client", "level": "info", "timestamp": "2026-01-11T23:07:16.022477Z"}
ingestion-worker-file-1  | {"event": "[nsqd:4150:nsqd:4150] IDENTIFY received {'max_rdy_count': 2500, 'version': '1.3.0', 'max_msg_timeout': 900000, 'msg_timeout': 60000, 'tls_v1': False, 'deflate': False, 'deflate_level': 6, 'max_deflate_level': 6, 'snappy': False, 'sample_rate': 0, 'auth_required': False, 'output_buffer_size': 16384, 'output_buffer_timeout': 250}", "logger": "nsq.client", "level": "info", "timestamp": "2026-01-11T23:07:16.022750Z"}
ingestion-worker-file-1  | {"event": "[nsqd:4150:ingest.task.file:worker] received heartbeat", "logger": "nsq.client", "level": "info", "timestamp": "2026-01-11T23:07:30.922634Z"}
ingestion-worker-file-1  | {"event": "[nsqd:4150:ingest.task.file:worker] received heartbeat", "logger": "nsq.client", "level": "info", "timestamp": "2026-01-11T23:08:00.923433Z"}
ingestion-worker-file-1  | {"event": "[nsqd:4150:ingest.task.file:worker] received heartbeat", "logger": "nsq.client", "level": "info", "timestamp": "2026-01-11T23:08:30.923364Z"}
backend-1                | INF    2 [ingest.result/backend] querying nsqlookupd http://nsqlookupd:4161/lookup?topic=ingest.result
nsqlookupd-1             | [nsqlookupd] 2026/01/11 23:13:24.618381 INFO: CLIENT(172.20.0.5:45508): pinged (last ping 14.999890017s)
ingestion-worker-file-1  | {"event": "[nsqd:4150:ingest.task.file:worker] received heartbeat", "logger": "nsq.client", "level": "info", "timestamp": "2026-01-11T23:09:00.923425Z"}
nsqlookupd-1             | [nsqlookupd] 2026/01/11 23:13:39.618433 INFO: CLIENT(172.20.0.5:45508): pinged (last ping 15.00005111s)
nsqlookupd-1             | [nsqlookupd] 2026/01/11 23:13:54.618405 INFO: CLIENT(172.20.0.5:45508): pinged (last ping 14.999971524s)
nsqlookupd-1             | [nsqlookupd] 2026/01/11 23:14:04.827534 INFO: 200 GET /lookup?topic=ingest.task.web (172.20.0.8:52372) 6.783µs
nsqlookupd-1             | [nsqlookupd] 2026/01/11 23:14:09.618337 INFO: CLIENT(172.20.0.5:45508): pinged (last ping 14.999928219s)
frontend-1               | 172.20.0.1 - - [11/Jan/2026:23:01:06 +0000] "GET /api/sources/2944f3a9-3109-4b0c-80f9-5081ea2acc51?exclude_chunks=true HTTP/1.1" 200 248 "http://localhost:3000/sources/2944f3a9-3109-4b0c-80f9-5081ea2acc51" "Mozilla/5.0 (X11; Linux x86_64) AppleWebKit/537.36 (KHTML, like Gecko) Chrome/143.0.0.0 Safari/537.36" "-"
ingestion-worker-file-1  | {"event": "[nsqd:4150:ingest.task.file:worker] received heartbeat", "logger": "nsq.client", "level": "info", "timestamp": "2026-01-11T23:09:30.922778Z"}
frontend-1               | 172.20.0.1 - - [11/Jan/2026:23:01:06 +0000] "GET /api/sources/2944f3a9-3109-4b0c-80f9-5081ea2acc51/pages HTTP/1.1" 200 7718 "http://localhost:3000/sources/2944f3a9-3109-4b0c-80f9-5081ea2acc51" "Mozilla/5.0 (X11; Linux x86_64) AppleWebKit/537.36 (KHTML, like Gecko) Chrome/143.0.0.0 Safari/537.36" "-"
frontend-1               | 172.20.0.1 - - [11/Jan/2026:23:01:08 +0000] "GET /api/sources/2944f3a9-3109-4b0c-80f9-5081ea2acc51?exclude_chunks=true HTTP/1.1" 200 248 "http://localhost:3000/sources/2944f3a9-3109-4b0c-80f9-5081ea2acc51" "Mozilla/5.0 (X11; Linux x86_64) AppleWebKit/537.36 (KHTML, like Gecko) Chrome/143.0.0.0 Safari/537.36" "-"
ingestion-worker-file-1  | {"event": "[nsqd:4150:ingest.task.file:worker] received heartbeat", "logger": "nsq.client", "level": "info", "timestamp": "2026-01-11T23:10:00.922727Z"}
ingestion-worker-file-1  | {"event": "[nsqd:4150:ingest.task.file:worker] received heartbeat", "logger": "nsq.client", "level": "info", "timestamp": "2026-01-11T23:10:30.923335Z"}
ingestion-worker-file-1  | {"event": "[nsqd:4150:ingest.task.file:worker] received heartbeat", "logger": "nsq.client", "level": "info", "timestamp": "2026-01-11T23:11:00.922676Z"}
ingestion-worker-file-1  | {"event": "[nsqd:4150:ingest.task.file:worker] received heartbeat", "logger": "nsq.client", "level": "info", "timestamp": "2026-01-11T23:11:30.923245Z"}
ingestion-worker-file-1  | {"event": "[nsqd:4150:ingest.task.file:worker] received heartbeat", "logger": "nsq.client", "level": "info", "timestamp": "2026-01-11T23:12:00.923501Z"}
ingestion-worker-file-1  | {"event": "[nsqd:4150:ingest.task.file:worker] received heartbeat", "logger": "nsq.client", "level": "info", "timestamp": "2026-01-11T23:12:30.922724Z"}
ingestion-worker-file-1  | {"event": "[nsqd:4150:ingest.task.file:worker] received heartbeat", "logger": "nsq.client", "level": "info", "timestamp": "2026-01-11T23:13:00.923534Z"}
ingestion-worker-file-1  | {"event": "[nsqd:4150:ingest.task.file:worker] received heartbeat", "logger": "nsq.client", "level": "info", "timestamp": "2026-01-11T23:13:30.923389Z"}
ingestion-worker-file-1  | {"event": "[nsqd:4150:ingest.task.file:worker] received heartbeat", "logger": "nsq.client", "level": "info", "timestamp": "2026-01-11T23:14:00.922542Z"}
ingestion-worker-file-1  | {"event": "[nsqd:4150:ingest.task.file:worker] received heartbeat", "logger": "nsq.client", "level": "info", "timestamp": "2026-01-11T23:14:30.923407Z"}
ingestion-worker-file-1  | {"event": "[nsqd:4150:ingest.task.file:worker] received heartbeat", "logger": "nsq.client", "level": "info", "timestamp": "2026-01-11T23:15:00.922700Z"}
ingestion-worker-file-1  | {"event": "[nsqd:4150:ingest.task.file:worker] received heartbeat", "logger": "nsq.client", "level": "info", "timestamp": "2026-01-11T23:15:30.923168Z"}
ingestion-worker-file-1  | {"event": "[nsqd:4150:ingest.task.file:worker] received heartbeat", "logger": "nsq.client", "level": "info", "timestamp": "2026-01-11T23:16:00.922946Z"}
ingestion-worker-file-1  | {"event": "[nsqd:4150:ingest.task.file:worker] received heartbeat", "logger": "nsq.client", "level": "info", "timestamp": "2026-01-11T23:16:30.923404Z"}
ingestion-worker-file-1  | {"event": "[nsqd:4150:ingest.task.file:worker] received heartbeat", "logger": "nsq.client", "level": "info", "timestamp": "2026-01-11T23:17:00.922798Z"}
ingestion-worker-file-1  | {"event": "[nsqd:4150:ingest.task.file:worker] received heartbeat", "logger": "nsq.client", "level": "info", "timestamp": "2026-01-11T23:17:30.923120Z"}
ingestion-worker-file-1  | {"event": "[nsqd:4150:ingest.task.file:worker] received heartbeat", "logger": "nsq.client", "level": "info", "timestamp": "2026-01-11T23:18:00.923503Z"}
ingestion-worker-file-1  | {"event": "[nsqd:4150:ingest.task.file:worker] received heartbeat", "logger": "nsq.client", "level": "info", "timestamp": "2026-01-11T23:18:30.923131Z"}
ingestion-worker-file-1  | {"event": "[nsqd:4150:ingest.task.file:worker] received heartbeat", "logger": "nsq.client", "level": "info", "timestamp": "2026-01-11T23:19:00.922698Z"}
ingestion-worker-file-1  | {"event": "[nsqd:4150:ingest.task.file:worker] received heartbeat", "logger": "nsq.client", "level": "info", "timestamp": "2026-01-11T23:19:30.923205Z"}
ingestion-worker-file-1  | {"event": "[nsqd:4150:ingest.task.file:worker] received heartbeat", "logger": "nsq.client", "level": "info", "timestamp": "2026-01-11T23:20:00.923162Z"}
ingestion-worker-file-1  | {"event": "[nsqd:4150:ingest.task.file:worker] received heartbeat", "logger": "nsq.client", "level": "info", "timestamp": "2026-01-11T23:20:30.923250Z"}
ingestion-worker-file-1  | {"event": "[nsqd:4150:ingest.task.file:worker] received heartbeat", "logger": "nsq.client", "level": "info", "timestamp": "2026-01-11T23:21:00.923179Z"}
ingestion-worker-file-1  | {"event": "[nsqd:4150:ingest.task.file:worker] received heartbeat", "logger": "nsq.client", "level": "info", "timestamp": "2026-01-11T23:21:30.922705Z"}
ingestion-worker-file-1  | {"event": "[nsqd:4150:ingest.task.file:worker] received heartbeat", "logger": "nsq.client", "level": "info", "timestamp": "2026-01-11T23:22:00.923401Z"}
ingestion-worker-file-1  | {"event": "[nsqd:4150:ingest.task.file:worker] received heartbeat", "logger": "nsq.client", "level": "info", "timestamp": "2026-01-11T23:22:30.923250Z"}
ingestion-worker-file-1  | {"event": "[nsqd:4150:ingest.task.file:worker] received heartbeat", "logger": "nsq.client", "level": "info", "timestamp": "2026-01-11T23:23:00.923069Z"}
ingestion-worker-file-1  | {"event": "[nsqd:4150:ingest.task.file:worker] received heartbeat", "logger": "nsq.client", "level": "info", "timestamp": "2026-01-11T23:23:30.923399Z"}
ingestion-worker-file-1  | {"event": "[nsqd:4150:ingest.task.file:worker] received heartbeat", "logger": "nsq.client", "level": "info", "timestamp": "2026-01-11T23:24:00.922782Z"}
ingestion-worker-file-1  | {"event": "[nsqd:4150:ingest.task.file:worker] received heartbeat", "logger": "nsq.client", "level": "info", "timestamp": "2026-01-11T23:24:30.922713Z"}
ingestion-worker-file-1  | {"event": "[nsqd:4150:ingest.task.file:worker] received heartbeat", "logger": "nsq.client", "level": "info", "timestamp": "2026-01-11T23:25:00.922888Z"}
ingestion-worker-file-1  | {"event": "[nsqd:4150:ingest.task.file:worker] received heartbeat", "logger": "nsq.client", "level": "info", "timestamp": "2026-01-11T23:25:30.923432Z"}
ingestion-worker-file-1  | {"event": "[nsqd:4150:ingest.task.file:worker] received heartbeat", "logger": "nsq.client", "level": "info", "timestamp": "2026-01-11T23:26:00.922663Z"}
ingestion-worker-file-1  | {"event": "[nsqd:4150:ingest.task.file:worker] received heartbeat", "logger": "nsq.client", "level": "info", "timestamp": "2026-01-11T23:26:30.922835Z"}
ingestion-worker-file-1  | {"event": "[nsqd:4150:ingest.task.file:worker] received heartbeat", "logger": "nsq.client", "level": "info", "timestamp": "2026-01-11T23:27:00.923000Z"}
ingestion-worker-file-1  | {"event": "[nsqd:4150:ingest.task.file:worker] received heartbeat", "logger": "nsq.client", "level": "info", "timestamp": "2026-01-11T23:27:30.922779Z"}
ingestion-worker-file-1  | {"event": "[nsqd:4150:ingest.task.file:worker] received heartbeat", "logger": "nsq.client", "level": "info", "timestamp": "2026-01-11T23:28:00.923596Z"}
ingestion-worker-file-1  | {"event": "[nsqd:4150:ingest.task.file:worker] received heartbeat", "logger": "nsq.client", "level": "info", "timestamp": "2026-01-11T23:28:30.922848Z"}
ingestion-worker-file-1  | {"event": "[nsqd:4150:ingest.task.file:worker] received heartbeat", "logger": "nsq.client", "level": "info", "timestamp": "2026-01-11T23:29:00.923718Z"}
ingestion-worker-file-1  | {"event": "[nsqd:4150:ingest.task.file:worker] received heartbeat", "logger": "nsq.client", "level": "info", "timestamp": "2026-01-11T23:29:30.922859Z"}
ingestion-worker-file-1  | {"event": "[nsqd:4150:ingest.task.file:worker] received heartbeat", "logger": "nsq.client", "level": "info", "timestamp": "2026-01-11T23:30:00.922600Z"}
ingestion-worker-file-1  | {"event": "[nsqd:4150:ingest.task.file:worker] received heartbeat", "logger": "nsq.client", "level": "info", "timestamp": "2026-01-11T23:30:30.923263Z"}
ingestion-worker-file-1  | {"event": "[nsqd:4150:ingest.task.file:worker] received heartbeat", "logger": "nsq.client", "level": "info", "timestamp": "2026-01-11T23:31:00.923147Z"}
ingestion-worker-file-1  | {"event": "[nsqd:4150:ingest.task.file:worker] received heartbeat", "logger": "nsq.client", "level": "info", "timestamp": "2026-01-11T23:31:30.923238Z"}
ingestion-worker-file-1  | {"event": "[nsqd:4150:ingest.task.file:worker] received heartbeat", "logger": "nsq.client", "level": "info", "timestamp": "2026-01-11T23:32:00.923008Z"}
ingestion-worker-file-1  | {"event": "[nsqd:4150:ingest.task.file:worker] received heartbeat", "logger": "nsq.client", "level": "info", "timestamp": "2026-01-11T23:32:30.923194Z"}
ingestion-worker-file-1  | {"event": "[nsqd:4150:ingest.task.file:worker] received heartbeat", "logger": "nsq.client", "level": "info", "timestamp": "2026-01-11T23:33:00.923258Z"}
ingestion-worker-file-1  | {"event": "[nsqd:4150:ingest.task.file:worker] received heartbeat", "logger": "nsq.client", "level": "info", "timestamp": "2026-01-11T23:33:30.923526Z"}
ingestion-worker-file-1  | {"event": "[nsqd:4150:ingest.task.file:worker] received heartbeat", "logger": "nsq.client", "level": "info", "timestamp": "2026-01-11T23:34:00.922907Z"}
ingestion-worker-file-1  | {"event": "[nsqd:4150:ingest.task.file:worker] received heartbeat", "logger": "nsq.client", "level": "info", "timestamp": "2026-01-11T23:34:30.923078Z"}
ingestion-worker-file-1  | {"event": "[nsqd:4150:ingest.task.file:worker] received heartbeat", "logger": "nsq.client", "level": "info", "timestamp": "2026-01-11T23:35:00.922649Z"}
ingestion-worker-file-1  | {"event": "[nsqd:4150:ingest.task.file:worker] received heartbeat", "logger": "nsq.client", "level": "info", "timestamp": "2026-01-11T23:35:30.923570Z"}
nsqlookupd-1             | [nsqlookupd] 2026/01/11 23:14:11.287362 INFO: 200 GET /lookup?topic=ingest.result (172.20.0.6:43782) 12.454µs
backend-1                | INF    2 [ingest.result/backend] querying nsqlookupd http://nsqlookupd:4161/lookup?topic=ingest.result
ingestion-worker-file-1  | {"event": "[nsqd:4150:ingest.task.file:worker] received heartbeat", "logger": "nsq.client", "level": "info", "timestamp": "2026-01-11T23:36:00.923505Z"}
nsqd-1                   | [nsqd] 2026/01/11 23:41:54.474965 INFO: 200 GET /ping ([::1]:55834) 922ns
backend-1                | INF    2 [ingest.result/backend] querying nsqlookupd http://nsqlookupd:4161/lookup?topic=ingest.result
backend-1                | INF    2 [ingest.result/backend] querying nsqlookupd http://nsqlookupd:4161/lookup?topic=ingest.result
ingestion-worker-file-1  | {"event": "[nsqd:4150:ingest.task.file:worker] received heartbeat", "logger": "nsq.client", "level": "info", "timestamp": "2026-01-11T23:36:30.923288Z"}
backend-1                | INF    2 [ingest.result/backend] querying nsqlookupd http://nsqlookupd:4161/lookup?topic=ingest.result
backend-1                | INF    2 [ingest.result/backend] querying nsqlookupd http://nsqlookupd:4161/lookup?topic=ingest.result
backend-1                | INF    2 [ingest.result/backend] querying nsqlookupd http://nsqlookupd:4161/lookup?topic=ingest.result
backend-1                | INF    2 [ingest.result/backend] querying nsqlookupd http://nsqlookupd:4161/lookup?topic=ingest.result
nsqd-1                   | [nsqd] 2026/01/11 23:41:59.501405 INFO: 200 GET /ping ([::1]:55842) 922ns
backend-1                | INF    2 [ingest.result/backend] querying nsqlookupd http://nsqlookupd:4161/lookup?topic=ingest.result
backend-1                | INF    2 [ingest.result/backend] querying nsqlookupd http://nsqlookupd:4161/lookup?topic=ingest.result
backend-1                | INF    2 [ingest.result/backend] querying nsqlookupd http://nsqlookupd:4161/lookup?topic=ingest.result
backend-1                | INF    2 [ingest.result/backend] querying nsqlookupd http://nsqlookupd:4161/lookup?topic=ingest.result
backend-1                | INF    2 [ingest.result/backend] querying nsqlookupd http://nsqlookupd:4161/lookup?topic=ingest.result
backend-1                | INF    2 [ingest.result/backend] querying nsqlookupd http://nsqlookupd:4161/lookup?topic=ingest.result
backend-1                | INF    2 [ingest.result/backend] querying nsqlookupd http://nsqlookupd:4161/lookup?topic=ingest.result
backend-1                | INF    2 [ingest.result/backend] querying nsqlookupd http://nsqlookupd:4161/lookup?topic=ingest.result
backend-1                | INF    2 [ingest.result/backend] querying nsqlookupd http://nsqlookupd:4161/lookup?topic=ingest.result
backend-1                | INF    2 [ingest.result/backend] querying nsqlookupd http://nsqlookupd:4161/lookup?topic=ingest.result
backend-1                | INF    2 [ingest.result/backend] querying nsqlookupd http://nsqlookupd:4161/lookup?topic=ingest.result
backend-1                | {"time":"2026-01-12T00:13:50.216741996Z","level":"INFO","msg":"request received","method":"GET","path":"/sources","correlation_id":"0d654851-1d7e-43d2-b11d-8ab4dfe60dd8"}
backend-1                | {"time":"2026-01-12T00:13:50.217062471Z","level":"INFO","msg":"request completed","method":"GET","path":"/sources","correlation_id":"0d654851-1d7e-43d2-b11d-8ab4dfe60dd8","duration":299806}
backend-1                | {"time":"2026-01-12T00:13:51.365175833Z","level":"INFO","msg":"request received","method":"GET","path":"/sources/2c696c8e-d61c-4d72-b563-62a17428fea2","correlation_id":"0bb0a646-0ec8-4c59-b430-cc0c7863d2bc"}
backend-1                | {"time":"2026-01-12T00:13:51.366741069Z","level":"INFO","msg":"request completed","method":"GET","path":"/sources/2c696c8e-d61c-4d72-b563-62a17428fea2","correlation_id":"0bb0a646-0ec8-4c59-b430-cc0c7863d2bc","duration":1544626}
backend-1                | {"time":"2026-01-12T00:13:51.368413457Z","level":"INFO","msg":"request received","method":"GET","path":"/sources/2c696c8e-d61c-4d72-b563-62a17428fea2/pages","correlation_id":"e820da23-7a20-4041-997d-ed6475ef5338"}
backend-1                | {"time":"2026-01-12T00:13:51.368600069Z","level":"INFO","msg":"request completed","method":"GET","path":"/sources/2c696c8e-d61c-4d72-b563-62a17428fea2/pages","correlation_id":"e820da23-7a20-4041-997d-ed6475ef5338","duration":178417}
backend-1                | {"time":"2026-01-12T00:13:53.240746389Z","level":"INFO","msg":"request received","method":"GET","path":"/sources/2c696c8e-d61c-4d72-b563-62a17428fea2","correlation_id":"a6bba97a-9d7e-469d-84d0-3468f29908d4"}
backend-1                | {"time":"2026-01-12T00:13:53.241948829Z","level":"INFO","msg":"request completed","method":"GET","path":"/sources/2c696c8e-d61c-4d72-b563-62a17428fea2","correlation_id":"a6bba97a-9d7e-469d-84d0-3468f29908d4","duration":1187362}
backend-1                | {"time":"2026-01-12T00:13:53.254819214Z","level":"INFO","msg":"request received","method":"GET","path":"/sources/2c696c8e-d61c-4d72-b563-62a17428fea2/pages","correlation_id":"7a5193c3-9b61-4fea-8753-2f22316d6bce"}
nsqlookupd-1             | [nsqlookupd] 2026/01/11 23:14:18.292779 INFO: 200 GET /lookup?topic=ingest.task.file (172.20.0.7:43790) 6.502µs
ingestion-worker-web-1   | {"url": "https://pinia.vuejs.org/core-concepts", "links_found": 48, "title": "Defining a Store [\u200b](https://pinia.vuejs.org/core-concepts/#Defining-a-Store)", "path": "core-concepts", "event": "crawl_completed", "logger": "handlers.web", "level": "info", "timestamp": "2026-01-11T23:10:11.948123Z"}
ingestion-worker-web-1   | {"source_id": "2944f3a9-3109-4b0c-80f9-5081ea2acc51", "url": "https://pinia.vuejs.org/api", "event": "result_published", "logger": "__main__", "level": "info", "timestamp": "2026-01-11T23:10:11.949459Z"}
ingestion-worker-web-1   | {"data": {"correlation_id": "2944f3a9-3109-4b0c-80f9-5081ea2acc51", "depth": 1, "exclusions": [], "gemini_api_key": "AIzaSyCe-DB54bMkUURJlkDvovYN4B8f_NH_zB0", "id": "2944f3a9-3109-4b0c-80f9-5081ea2acc51", "max_depth": 1, "type": "web", "url": "https://pinia.vuejs.org/cookbook/migration-v1-v2.html"}, "event": "message_received", "logger": "__main__", "level": "info", "timestamp": "2026-01-11T23:10:11.949778Z"}
backend-1                | {"time":"2026-01-12T00:13:53.255101417Z","level":"INFO","msg":"request completed","method":"GET","path":"/sources/2c696c8e-d61c-4d72-b563-62a17428fea2/pages","correlation_id":"7a5193c3-9b61-4fea-8753-2f22316d6bce","duration":266724}
ingestion-worker-web-1   | {"url": "https://pinia.vuejs.org/cookbook/migration-v1-v2.html", "event": "crawl_starting", "logger": "handlers.web", "level": "info", "timestamp": "2026-01-11T23:10:11.949876Z"}
ingestion-worker-web-1   | {"source_id": "2944f3a9-3109-4b0c-80f9-5081ea2acc51", "url": "https://pinia.vuejs.org/api", "event": "result_published", "logger": "__main__", "level": "info", "timestamp": "2026-01-11T23:10:11.983272Z"}
backend-1                | {"time":"2026-01-12T00:13:53.831837968Z","level":"INFO","msg":"request received","method":"GET","path":"/sources/2c696c8e-d61c-4d72-b563-62a17428fea2","correlation_id":"ffcb2af3-0119-49e7-8b49-e20d09944000"}
backend-1                | {"time":"2026-01-12T00:13:53.833016785Z","level":"INFO","msg":"request completed","method":"GET","path":"/sources/2c696c8e-d61c-4d72-b563-62a17428fea2","correlation_id":"ffcb2af3-0119-49e7-8b49-e20d09944000","duration":1162685}
backend-1                | {"time":"2026-01-12T00:13:53.851479159Z","level":"INFO","msg":"request received","method":"GET","path":"/sources/2c696c8e-d61c-4d72-b563-62a17428fea2/pages","correlation_id":"ad29dedd-1a57-4e0b-ad95-a6810d706cd1"}
backend-1                | {"time":"2026-01-12T00:13:53.851768285Z","level":"INFO","msg":"request completed","method":"GET","path":"/sources/2c696c8e-d61c-4d72-b563-62a17428fea2/pages","correlation_id":"ad29dedd-1a57-4e0b-ad95-a6810d706cd1","duration":273426}
backend-1                | {"time":"2026-01-12T00:13:54.018545848Z","level":"INFO","msg":"request received","method":"GET","path":"/sources/2c696c8e-d61c-4d72-b563-62a17428fea2","correlation_id":"0e69329f-afbb-4567-b5b9-0acbce78359b"}
backend-1                | {"time":"2026-01-12T00:13:54.019880449Z","level":"INFO","msg":"request completed","method":"GET","path":"/sources/2c696c8e-d61c-4d72-b563-62a17428fea2","correlation_id":"0e69329f-afbb-4567-b5b9-0acbce78359b","duration":1317739}
backend-1                | {"time":"2026-01-12T00:13:54.035892225Z","level":"INFO","msg":"request received","method":"GET","path":"/sources/2c696c8e-d61c-4d72-b563-62a17428fea2/pages","correlation_id":"967efec3-1e6f-4b0c-b4d1-a499f0f02781"}
backend-1                | {"time":"2026-01-12T00:13:54.036129223Z","level":"INFO","msg":"request completed","method":"GET","path":"/sources/2c696c8e-d61c-4d72-b563-62a17428fea2/pages","correlation_id":"967efec3-1e6f-4b0c-b4d1-a499f0f02781","duration":224554}
backend-1                | {"time":"2026-01-12T00:13:54.206736979Z","level":"INFO","msg":"request received","method":"GET","path":"/sources/2c696c8e-d61c-4d72-b563-62a17428fea2","correlation_id":"157f396c-3993-402a-98e2-21899f3c7dd9"}
backend-1                | {"time":"2026-01-12T00:13:54.207998071Z","level":"INFO","msg":"request completed","method":"GET","path":"/sources/2c696c8e-d61c-4d72-b563-62a17428fea2","correlation_id":"157f396c-3993-402a-98e2-21899f3c7dd9","duration":1244330}
backend-1                | {"time":"2026-01-12T00:13:54.224239902Z","level":"INFO","msg":"request received","method":"GET","path":"/sources/2c696c8e-d61c-4d72-b563-62a17428fea2/pages","correlation_id":"a3a559f5-2431-4581-afcd-24bf6beb3f20"}
backend-1                | {"time":"2026-01-12T00:13:54.224547583Z","level":"INFO","msg":"request completed","method":"GET","path":"/sources/2c696c8e-d61c-4d72-b563-62a17428fea2/pages","correlation_id":"a3a559f5-2431-4581-afcd-24bf6beb3f20","duration":271253}
backend-1                | {"time":"2026-01-12T00:13:54.38661382Z","level":"INFO","msg":"request received","method":"GET","path":"/sources/2c696c8e-d61c-4d72-b563-62a17428fea2","correlation_id":"20173b0b-358e-4dc2-b821-ee69a475ec76"}
backend-1                | {"time":"2026-01-12T00:13:54.387749594Z","level":"INFO","msg":"request completed","method":"GET","path":"/sources/2c696c8e-d61c-4d72-b563-62a17428fea2","correlation_id":"20173b0b-358e-4dc2-b821-ee69a475ec76","duration":1123302}
backend-1                | {"time":"2026-01-12T00:13:54.406426283Z","level":"INFO","msg":"request received","method":"GET","path":"/sources/2c696c8e-d61c-4d72-b563-62a17428fea2/pages","correlation_id":"0f4bcc0a-b28c-4537-8574-cab5d5bab057"}
backend-1                | {"time":"2026-01-12T00:13:54.406677147Z","level":"INFO","msg":"request completed","method":"GET","path":"/sources/2c696c8e-d61c-4d72-b563-62a17428fea2/pages","correlation_id":"0f4bcc0a-b28c-4537-8574-cab5d5bab057","duration":239663}
backend-1                | {"time":"2026-01-12T00:13:54.595967684Z","level":"INFO","msg":"request received","method":"GET","path":"/sources/2c696c8e-d61c-4d72-b563-62a17428fea2","correlation_id":"d41f856f-52dd-4075-bbe2-e521377575ec"}
backend-1                | {"time":"2026-01-12T00:13:54.59720999Z","level":"INFO","msg":"request completed","method":"GET","path":"/sources/2c696c8e-d61c-4d72-b563-62a17428fea2","correlation_id":"d41f856f-52dd-4075-bbe2-e521377575ec","duration":1223040}
backend-1                | {"time":"2026-01-12T00:13:54.611101623Z","level":"INFO","msg":"request received","method":"GET","path":"/sources/2c696c8e-d61c-4d72-b563-62a17428fea2/pages","correlation_id":"221ff2f6-7215-4d5d-ab99-dd21b03248e0"}
backend-1                | {"time":"2026-01-12T00:13:54.611397151Z","level":"INFO","msg":"request completed","method":"GET","path":"/sources/2c696c8e-d61c-4d72-b563-62a17428fea2/pages","correlation_id":"221ff2f6-7215-4d5d-ab99-dd21b03248e0","duration":276833}
backend-1                | {"time":"2026-01-12T00:13:56.614569511Z","level":"INFO","msg":"request received","method":"GET","path":"/sources/2c696c8e-d61c-4d72-b563-62a17428fea2","correlation_id":"8eebc5f0-2fb5-4b3e-bff2-0d49d83e3242"}
backend-1                | {"time":"2026-01-12T00:13:56.615374652Z","level":"INFO","msg":"request completed","method":"GET","path":"/sources/2c696c8e-d61c-4d72-b563-62a17428fea2","correlation_id":"8eebc5f0-2fb5-4b3e-bff2-0d49d83e3242","duration":791525}
nsqlookupd-1             | [nsqlookupd] 2026/01/11 23:14:24.618348 INFO: CLIENT(172.20.0.5:45508): pinged (last ping 15.000015666s)
ingestion-worker-file-1  | {"event": "[nsqd:4150:ingest.task.file:worker] received heartbeat", "logger": "nsq.client", "level": "info", "timestamp": "2026-01-11T23:37:00.923387Z"}
frontend-1               | 172.20.0.1 - - [11/Jan/2026:23:01:08 +0000] "GET /api/sources/2944f3a9-3109-4b0c-80f9-5081ea2acc51/pages HTTP/1.1" 200 7718 "http://localhost:3000/sources/2944f3a9-3109-4b0c-80f9-5081ea2acc51" "Mozilla/5.0 (X11; Linux x86_64) AppleWebKit/537.36 (KHTML, like Gecko) Chrome/143.0.0.0 Safari/537.36" "-"
ingestion-worker-web-1   | [FETCH]... ↓ https://pinia.vuejs.org/ssr                                        
nsqd-1                   | [nsqd] 2026/01/11 23:42:04.530155 INFO: 200 GET /ping ([::1]:56736) 902ns
nsqlookupd-1             | [nsqlookupd] 2026/01/11 23:14:39.618375 INFO: CLIENT(172.20.0.5:45508): pinged (last ping 15.000026227s)
nsqlookupd-1             | [nsqlookupd] 2026/01/11 23:14:54.617870 INFO: CLIENT(172.20.0.5:45508): pinged (last ping 14.999494834s)
nsqlookupd-1             | [nsqlookupd] 2026/01/11 23:15:04.833444 INFO: 200 GET /lookup?topic=ingest.task.web (172.20.0.8:55726) 5.26µs
nsqlookupd-1             | [nsqlookupd] 2026/01/11 23:15:09.618141 INFO: CLIENT(172.20.0.5:45508): pinged (last ping 15.000270771s)
nsqlookupd-1             | [nsqlookupd] 2026/01/11 23:15:11.288192 INFO: 200 GET /lookup?topic=ingest.result (172.20.0.6:43782) 7.254µs
nsqlookupd-1             | [nsqlookupd] 2026/01/11 23:15:18.296851 INFO: 200 GET /lookup?topic=ingest.task.file (172.20.0.7:43628) 14.978µs
nsqlookupd-1             | [nsqlookupd] 2026/01/11 23:15:24.618407 INFO: CLIENT(172.20.0.5:45508): pinged (last ping 15.000266333s)
nsqlookupd-1             | [nsqlookupd] 2026/01/11 23:15:39.618285 INFO: CLIENT(172.20.0.5:45508): pinged (last ping 14.999878964s)
nsqlookupd-1             | [nsqlookupd] 2026/01/11 23:15:54.617731 INFO: CLIENT(172.20.0.5:45508): pinged (last ping 14.999444099s)
nsqlookupd-1             | [nsqlookupd] 2026/01/11 23:16:04.833685 INFO: 200 GET /lookup?topic=ingest.task.web (172.20.0.8:49474) 11.652µs
nsqlookupd-1             | [nsqlookupd] 2026/01/11 23:16:09.617944 INFO: CLIENT(172.20.0.5:45508): pinged (last ping 15.000214755s)
nsqlookupd-1             | [nsqlookupd] 2026/01/11 23:16:11.287431 INFO: 200 GET /lookup?topic=ingest.result (172.20.0.6:43782) 9.027µs
nsqlookupd-1             | [nsqlookupd] 2026/01/11 23:16:18.292919 INFO: 200 GET /lookup?topic=ingest.task.file (172.20.0.7:40116) 11.031µs
nsqlookupd-1             | [nsqlookupd] 2026/01/11 23:16:24.618576 INFO: CLIENT(172.20.0.5:45508): pinged (last ping 15.000630433s)
nsqlookupd-1             | [nsqlookupd] 2026/01/11 23:16:39.618090 INFO: CLIENT(172.20.0.5:45508): pinged (last ping 14.999514875s)
nsqlookupd-1             | [nsqlookupd] 2026/01/11 23:16:54.618151 INFO: CLIENT(172.20.0.5:45508): pinged (last ping 15.000060359s)
nsqlookupd-1             | [nsqlookupd] 2026/01/11 23:17:04.832907 INFO: 200 GET /lookup?topic=ingest.task.web (172.20.0.8:34034) 5.901µs
nsqlookupd-1             | [nsqlookupd] 2026/01/11 23:17:09.617748 INFO: CLIENT(172.20.0.5:45508): pinged (last ping 14.999596813s)
nsqlookupd-1             | [nsqlookupd] 2026/01/11 23:17:11.288085 INFO: 200 GET /lookup?topic=ingest.result (172.20.0.6:43782) 17.553µs
nsqlookupd-1             | [nsqlookupd] 2026/01/11 23:17:18.296615 INFO: 200 GET /lookup?topic=ingest.task.file (172.20.0.7:38874) 6.452µs
nsqlookupd-1             | [nsqlookupd] 2026/01/11 23:17:24.618536 INFO: CLIENT(172.20.0.5:45508): pinged (last ping 15.000788697s)
nsqlookupd-1             | [nsqlookupd] 2026/01/11 23:17:39.618358 INFO: CLIENT(172.20.0.5:45508): pinged (last ping 14.999822399s)
nsqlookupd-1             | [nsqlookupd] 2026/01/11 23:17:54.617634 INFO: CLIENT(172.20.0.5:45508): pinged (last ping 14.999276757s)
nsqlookupd-1             | [nsqlookupd] 2026/01/11 23:18:04.833676 INFO: 200 GET /lookup?topic=ingest.task.web (172.20.0.8:41722) 6.392µs
nsqlookupd-1             | [nsqlookupd] 2026/01/11 23:18:09.618523 INFO: CLIENT(172.20.0.5:45508): pinged (last ping 15.000888421s)
nsqlookupd-1             | [nsqlookupd] 2026/01/11 23:18:11.287414 INFO: 200 GET /lookup?topic=ingest.result (172.20.0.6:43782) 6.171µs
nsqlookupd-1             | [nsqlookupd] 2026/01/11 23:18:18.297356 INFO: 200 GET /lookup?topic=ingest.task.file (172.20.0.7:54180) 17.714µs
nsqlookupd-1             | [nsqlookupd] 2026/01/11 23:18:24.618339 INFO: CLIENT(172.20.0.5:45508): pinged (last ping 14.999816259s)
nsqlookupd-1             | [nsqlookupd] 2026/01/11 23:18:39.618260 INFO: CLIENT(172.20.0.5:45508): pinged (last ping 14.999921164s)
backend-1                | {"time":"2026-01-12T00:13:56.617081575Z","level":"INFO","msg":"request received","method":"GET","path":"/sources/2c696c8e-d61c-4d72-b563-62a17428fea2/pages","correlation_id":"61062e5f-ce4e-4306-a95d-6e37e6de1783"}
