ingestion-worker-web-1   | [FETCH]... ↓ https://pinia.vuejs.org/core-concepts/getters.html                 
ingestion-worker-file-1  | {"path": "/var/lib/qurio/uploads/fb8b9062-4596-403f-8047-fc2448382968_RESTful_Web_Services.pdf", "event": "conversion_starting", "logger": "handlers.file", "level": "info", "timestamp": "2026-01-11T22:58:03.982920Z"}
weaviate-1               | {"action":"restore_from_disk","build_git_commit":"62eab64","build_go_version":"go1.24.11","build_image_tag":"v1.34.8","build_wv_version":"1.34.8","class":"DocumentChunk","level":"info","msg":"snapshots disabled, loading from commit log","shard":"H3HIARhI2Viw","targetVector":"","time":"2026-01-11T22:56:01Z"}
postgres-1               | selecting default time zone ... UTC
weaviate-1               | {"action":"restore_from_disk","build_git_commit":"62eab64","build_go_version":"go1.24.11","build_image_tag":"v1.34.8","build_wv_version":"1.34.8","class":"DocumentChunk","duration":"37.701µs","level":"info","msg":"restored data from disk","shard":"H3HIARhI2Viw","targetVector":"","time":"2026-01-11T22:56:01Z"}
weaviate-1               | {"action":"hnsw_prefill_cache_async","build_git_commit":"62eab64","build_go_version":"go1.24.11","build_image_tag":"v1.34.8","build_wv_version":"1.34.8","class":"DocumentChunk","level":"info","msg":"not waiting for vector cache prefill, running in background","shard":"H3HIARhI2Viw","targetVector":"","time":"2026-01-11T22:56:01Z","wait_for_cache_prefill":false}
weaviate-1               | {"build_git_commit":"62eab64","build_go_version":"go1.24.11","build_image_tag":"v1.34.8","build_wv_version":"1.34.8","level":"info","msg":"Created shard documentchunk_H3HIARhI2Viw in 1.299574ms","time":"2026-01-11T22:56:01Z"}
postgres-1               | creating configuration files ... ok
nsqd-1                   | [nsqd] 2026/01/11 23:35:56.917684 INFO: 200 GET /ping ([::1]:47498) 932ns
postgres-1               | running bootstrap script ... ok
postgres-1               | sh: locale: not found
postgres-1               | 2026-01-11 22:55:54.788 UTC [35] WARNING:  no usable system locales were found
nsqd-1                   | [nsqd] 2026/01/11 23:36:01.950474 INFO: 200 GET /ping ([::1]:59768) 992ns
nsqlookupd-1             | [nsqlookupd] 2026/01/11 23:08:24.618034 INFO: CLIENT(172.20.0.5:45508): pinged (last ping 14.999850415s)
nsqd-1                   | [nsqd] 2026/01/11 23:36:06.995126 INFO: 200 GET /ping ([::1]:59770) 1.052µs
nsqd-1                   | [nsqd] 2026/01/11 23:36:12.035359 INFO: 200 GET /ping ([::1]:53900) 902ns
nsqd-1                   | [nsqd] 2026/01/11 23:36:17.062444 INFO: 200 GET /ping ([::1]:53912) 992ns
nsqd-1                   | [nsqd] 2026/01/11 23:36:22.104198 INFO: 200 GET /ping ([::1]:46982) 1.002µs
weaviate-1               | {"action":"hnsw_vector_cache_prefill","build_git_commit":"62eab64","build_go_version":"go1.24.11","build_image_tag":"v1.34.8","build_wv_version":"1.34.8","class":"DocumentChunk","count":1000,"index_id":"main","level":"info","limit":1000000000000,"msg":"prefilled vector cache","shard":"H3HIARhI2Viw","targetVector":"","time":"2026-01-11T22:56:01Z","took":28694}
ingestion-worker-web-1   | | ✓ | ⏱: 0.72s 
ingestion-worker-web-1   | [92m23:09:26 - LiteLLM:INFO[0m: utils.py:3748 - 
ingestion-worker-web-1   | LiteLLM completion() model= gemini-3-flash-preview; provider = gemini
ingestion-worker-web-1   | {"event": "\nLiteLLM completion() model= gemini-3-flash-preview; provider = gemini", "logger": "LiteLLM", "level": "info", "timestamp": "2026-01-11T23:09:26.460300Z"}
ingestion-worker-web-1   | [92m23:09:26 - LiteLLM:INFO[0m: vertex_and_google_ai_studio_gemini.py:909 - Warning: Setting temperature < 1.0 for Gemini 3 models (gemini-3-flash-preview) can cause infinite loops, degraded reasoning performance, and failure on complex tasks. Strongly recommended to use temperature = 1.0 (default).
ingestion-worker-web-1   | {"event": "Warning: Setting temperature < 1.0 for Gemini 3 models (gemini-3-flash-preview) can cause infinite loops, degraded reasoning performance, and failure on complex tasks. Strongly recommended to use temperature = 1.0 (default).", "logger": "LiteLLM", "level": "info", "timestamp": "2026-01-11T23:09:26.460527Z"}
ingestion-worker-web-1   | [92m23:09:33 - LiteLLM:INFO[0m: utils.py:1573 - Wrapper: Completed Call, calling success_handler
nsqd-1                   | [nsqd] 2026/01/11 23:36:27.134678 INFO: 200 GET /ping ([::1]:46996) 871ns
backend-1                | {"time":"2026-01-11T23:12:49.525259077Z","level":"INFO","msg":"stored chunks","count":1,"correlation_id":"2944f3a9-3109-4b0c-80f9-5081ea2acc51"}
nsqd-1                   | [nsqd] 2026/01/11 23:36:32.177171 INFO: 200 GET /ping ([::1]:42894) 1.022µs
nsqd-1                   | [nsqd] 2026/01/11 23:36:37.204482 INFO: 200 GET /ping ([::1]:42904) 1.102µs
backend-1                | {"time":"2026-01-11T23:12:49.526532995Z","level":"INFO","msg":"source ingestion completed","source_id":"2944f3a9-3109-4b0c-80f9-5081ea2acc51","correlation_id":"2944f3a9-3109-4b0c-80f9-5081ea2acc51"}
frontend-1               | 172.20.0.1 - - [11/Jan/2026:23:00:36 +0000] "GET /api/sources/2944f3a9-3109-4b0c-80f9-5081ea2acc51 HTTP/1.1" 200 76073 "http://localhost:3000/sources/2944f3a9-3109-4b0c-80f9-5081ea2acc51" "Mozilla/5.0 (X11; Linux x86_64) AppleWebKit/537.36 (KHTML, like Gecko) Chrome/143.0.0.0 Safari/537.36" "-"
backend-1                | {"time":"2026-01-11T23:12:49.527401977Z","level":"INFO","msg":"received result","source_id":"2944f3a9-3109-4b0c-80f9-5081ea2acc51","url":"https://pinia.vuejs.org/cookbook/migration-v2-v3.html","content_len":4346,"correlation_id":"2944f3a9-3109-4b0c-80f9-5081ea2acc51"}
frontend-1               | 172.20.0.1 - - [11/Jan/2026:23:00:36 +0000] "GET /api/sources/2944f3a9-3109-4b0c-80f9-5081ea2acc51/pages HTTP/1.1" 200 7718 "http://localhost:3000/sources/2944f3a9-3109-4b0c-80f9-5081ea2acc51" "Mozilla/5.0 (X11; Linux x86_64) AppleWebKit/537.36 (KHTML, like Gecko) Chrome/143.0.0.0 Safari/537.36" "-"
backend-1                | {"time":"2026-01-11T23:12:54.321397746Z","level":"INFO","msg":"stored chunks","count":12,"correlation_id":"2944f3a9-3109-4b0c-80f9-5081ea2acc51"}
frontend-1               | 172.20.0.1 - - [11/Jan/2026:23:00:37 +0000] "GET /sources/2944f3a9-3109-4b0c-80f9-5081ea2acc51 HTTP/1.1" 304 0 "-" "Mozilla/5.0 (X11; Linux x86_64) AppleWebKit/537.36 (KHTML, like Gecko) Chrome/143.0.0.0 Safari/537.36" "-"
nsqd-1                   | [nsqd] 2026/01/11 23:36:42.247000 INFO: 200 GET /ping ([::1]:51644) 972ns
ingestion-worker-web-1   | {"event": "Wrapper: Completed Call, calling success_handler", "logger": "LiteLLM", "level": "info", "timestamp": "2026-01-11T23:09:33.817942Z"}
nsqd-1                   | [nsqd] 2026/01/11 23:36:47.275404 INFO: 200 GET /ping ([::1]:51646) 962ns
nsqd-1                   | [nsqd] 2026/01/11 23:36:52.319148 INFO: 200 GET /ping ([::1]:37976) 832ns
nsqd-1                   | [nsqd] 2026/01/11 23:36:57.355413 INFO: 200 GET /ping ([::1]:37992) 971ns
nsqd-1                   | [nsqd] 2026/01/11 23:37:02.394318 INFO: 200 GET /ping ([::1]:56524) 7.885µs
postgres-1               | performing post-bootstrap initialization ... ok
ingestion-worker-web-1   | [SCRAPE].. ◆ https://pinia.vuejs.org/core-concepts/getters.html                 
postgres-1               | syncing data to disk ... ok
postgres-1               | initdb: warning: enabling "trust" authentication for local connections
postgres-1               | initdb: hint: You can change this by editing pg_hba.conf or using the option -A, or --auth-local and --auth-host, the next time you run initdb.
postgres-1               | 
postgres-1               | 
postgres-1               | Success. You can now start the database server using:
postgres-1               | 
postgres-1               |     pg_ctl -D /var/lib/postgresql/data -l logfile start
postgres-1               | 
postgres-1               | waiting for server to start....2026-01-11 22:55:55.610 UTC [41] LOG:  starting PostgreSQL 16.11 on x86_64-pc-linux-musl, compiled by gcc (Alpine 15.2.0) 15.2.0, 64-bit
postgres-1               | 2026-01-11 22:55:55.614 UTC [41] LOG:  listening on Unix socket "/var/run/postgresql/.s.PGSQL.5432"
ingestion-worker-web-1   | | ✓ | ⏱: 7.39s 
ingestion-worker-web-1   | [COMPLETE] ● https://pinia.vuejs.org/core-concepts/getters.html                 
ingestion-worker-web-1   | | ✓ | ⏱: 8.11s 
ingestion-worker-web-1   | [INIT].... → Crawl4AI 0.7.8 
ingestion-worker-web-1   | [FETCH]... ↓ https://pinia.vuejs.org/core-concepts/plugins.html                 
ingestion-worker-web-1   | | ✓ | ⏱: 8.02s 
ingestion-worker-web-1   | [92m23:09:33 - LiteLLM:INFO[0m: utils.py:3748 - 
ingestion-worker-web-1   | LiteLLM completion() model= gemini-3-flash-preview; provider = gemini
ingestion-worker-web-1   | {"event": "\nLiteLLM completion() model= gemini-3-flash-preview; provider = gemini", "logger": "LiteLLM", "level": "info", "timestamp": "2026-01-11T23:09:33.869665Z"}
ingestion-worker-web-1   | [92m23:09:33 - LiteLLM:INFO[0m: vertex_and_google_ai_studio_gemini.py:909 - Warning: Setting temperature < 1.0 for Gemini 3 models (gemini-3-flash-preview) can cause infinite loops, degraded reasoning performance, and failure on complex tasks. Strongly recommended to use temperature = 1.0 (default).
ingestion-worker-web-1   | {"event": "Warning: Setting temperature < 1.0 for Gemini 3 models (gemini-3-flash-preview) can cause infinite loops, degraded reasoning performance, and failure on complex tasks. Strongly recommended to use temperature = 1.0 (default).", "logger": "LiteLLM", "level": "info", "timestamp": "2026-01-11T23:09:33.870087Z"}
ingestion-worker-web-1   | [92m23:09:45 - LiteLLM:INFO[0m: utils.py:1573 - Wrapper: Completed Call, calling success_handler
ingestion-worker-web-1   | {"event": "Wrapper: Completed Call, calling success_handler", "logger": "LiteLLM", "level": "info", "timestamp": "2026-01-11T23:09:45.798977Z"}
ingestion-worker-web-1   | [SCRAPE].. ◆ https://pinia.vuejs.org/core-concepts/plugins.html                 
ingestion-worker-web-1   | | ✓ | ⏱: 11.97s 
ingestion-worker-web-1   | [COMPLETE] ● https://pinia.vuejs.org/core-concepts/plugins.html                 
ingestion-worker-web-1   | | ✓ | ⏱: 19.99s 
ingestion-worker-web-1   | {"event": "[nsqd:4150:ingest.task.web:worker] received heartbeat", "logger": "nsq.client", "level": "info", "timestamp": "2026-01-11T23:09:45.802695Z"}
ingestion-worker-web-1   | [INIT].... → Crawl4AI 0.7.8 
weaviate-1               | {"action":"tombstone_cleanup_begin","build_git_commit":"62eab64","build_go_version":"go1.24.11","build_image_tag":"v1.34.8","build_wv_version":"1.34.8","class":"DocumentChunk","level":"info","msg":"class DocumentChunk: shard H3HIARhI2Viw: starting tombstone cleanup","shard":"H3HIARhI2Viw","targetVector":"","time":"2026-01-11T23:01:01Z","tombstones_in_cycle":9,"tombstones_total":9}
ingestion-worker-web-1   | {"url": "https://pinia.vuejs.org/core-concepts/getters.html", "links_found": 48, "title": "Getters [\u200b](https://pinia.vuejs.org/core-concepts/getters.html#Getters)", "path": "core-concepts > getters.html", "event": "crawl_completed", "logger": "handlers.web", "level": "info", "timestamp": "2026-01-11T23:09:45.807383Z"}
ingestion-worker-file-1  | {"event": "detected formats: [<InputFormat.PDF: 'pdf'>]", "logger": "docling.datamodel.document", "level": "info", "timestamp": "2026-01-11T22:58:05.617200Z"}
weaviate-1               | {"action":"tombstone_cleanup_complete","build_git_commit":"62eab64","build_go_version":"go1.24.11","build_image_tag":"v1.34.8","build_wv_version":"1.34.8","class":"DocumentChunk","duration":791995,"level":"info","msg":"class DocumentChunk: shard H3HIARhI2Viw: completed tombstone cleanup in 791.995µs","shard":"H3HIARhI2Viw","targetVector":"","time":"2026-01-11T23:01:01Z","tombstones_in_cycle":9,"tombstones_total":9}
ingestion-worker-file-1  | {"event": "Going to convert document batch...", "logger": "docling.document_converter", "level": "info", "timestamp": "2026-01-11T22:58:05.635332Z"}
backend-1                | {"time":"2026-01-11T23:12:54.323471636Z","level":"INFO","msg":"source ingestion completed","source_id":"2944f3a9-3109-4b0c-80f9-5081ea2acc51","correlation_id":"2944f3a9-3109-4b0c-80f9-5081ea2acc51"}
backend-1                | {"time":"2026-01-11T23:12:54.324338825Z","level":"INFO","msg":"received result","source_id":"2944f3a9-3109-4b0c-80f9-5081ea2acc51","url":"https://pinia.vuejs.org/llms.txt","content_len":340,"correlation_id":"2944f3a9-3109-4b0c-80f9-5081ea2acc51"}
backend-1                | {"time":"2026-01-11T23:12:54.741477552Z","level":"INFO","msg":"stored chunks","count":1,"correlation_id":"2944f3a9-3109-4b0c-80f9-5081ea2acc51"}
backend-1                | {"time":"2026-01-11T23:12:54.743036679Z","level":"INFO","msg":"source ingestion completed","source_id":"2944f3a9-3109-4b0c-80f9-5081ea2acc51","correlation_id":"2944f3a9-3109-4b0c-80f9-5081ea2acc51"}
backend-1                | {"time":"2026-01-11T23:12:54.744105078Z","level":"INFO","msg":"received result","source_id":"2944f3a9-3109-4b0c-80f9-5081ea2acc51","url":"https://pinia.vuejs.org/introduction.html","content_len":16075,"correlation_id":"2944f3a9-3109-4b0c-80f9-5081ea2acc51"}
backend-1                | {"time":"2026-01-11T23:12:56.754315432Z","level":"INFO","msg":"request received","method":"GET","path":"/sources/2944f3a9-3109-4b0c-80f9-5081ea2acc51","correlation_id":"54b0330a-28a8-4335-bc6b-236306585894"}
backend-1                | {"time":"2026-01-11T23:12:56.756193001Z","level":"INFO","msg":"request completed","method":"GET","path":"/sources/2944f3a9-3109-4b0c-80f9-5081ea2acc51","correlation_id":"54b0330a-28a8-4335-bc6b-236306585894","duration":1860727}
backend-1                | {"time":"2026-01-11T23:12:56.760525119Z","level":"INFO","msg":"request received","method":"GET","path":"/sources/2944f3a9-3109-4b0c-80f9-5081ea2acc51/pages","correlation_id":"8ae94216-946a-47c9-8912-6b5898534427"}
backend-1                | {"time":"2026-01-11T23:12:56.760941556Z","level":"INFO","msg":"request completed","method":"GET","path":"/sources/2944f3a9-3109-4b0c-80f9-5081ea2acc51/pages","correlation_id":"8ae94216-946a-47c9-8912-6b5898534427","duration":402150}
backend-1                | {"time":"2026-01-11T23:13:04.562783726Z","level":"INFO","msg":"stored chunks","count":24,"correlation_id":"2944f3a9-3109-4b0c-80f9-5081ea2acc51"}
backend-1                | {"time":"2026-01-11T23:13:04.564993934Z","level":"INFO","msg":"source ingestion completed","source_id":"2944f3a9-3109-4b0c-80f9-5081ea2acc51","correlation_id":"2944f3a9-3109-4b0c-80f9-5081ea2acc51"}
backend-1                | INF    2 [ingest.result/backend] querying nsqlookupd http://nsqlookupd:4161/lookup?topic=ingest.result
backend-1                | INF    2 [ingest.result/backend] querying nsqlookupd http://nsqlookupd:4161/lookup?topic=ingest.result
backend-1                | INF    2 [ingest.result/backend] querying nsqlookupd http://nsqlookupd:4161/lookup?topic=ingest.result
backend-1                | INF    2 [ingest.result/backend] querying nsqlookupd http://nsqlookupd:4161/lookup?topic=ingest.result
backend-1                | INF    2 [ingest.result/backend] querying nsqlookupd http://nsqlookupd:4161/lookup?topic=ingest.result
backend-1                | INF    2 [ingest.result/backend] querying nsqlookupd http://nsqlookupd:4161/lookup?topic=ingest.result
backend-1                | INF    2 [ingest.result/backend] querying nsqlookupd http://nsqlookupd:4161/lookup?topic=ingest.result
backend-1                | INF    2 [ingest.result/backend] querying nsqlookupd http://nsqlookupd:4161/lookup?topic=ingest.result
backend-1                | INF    2 [ingest.result/backend] querying nsqlookupd http://nsqlookupd:4161/lookup?topic=ingest.result
backend-1                | INF    2 [ingest.result/backend] querying nsqlookupd http://nsqlookupd:4161/lookup?topic=ingest.result
backend-1                | INF    2 [ingest.result/backend] querying nsqlookupd http://nsqlookupd:4161/lookup?topic=ingest.result
backend-1                | INF    2 [ingest.result/backend] querying nsqlookupd http://nsqlookupd:4161/lookup?topic=ingest.result
frontend-1               | 172.20.0.1 - - [11/Jan/2026:23:00:37 +0000] "GET /api/sources/2944f3a9-3109-4b0c-80f9-5081ea2acc51 HTTP/1.1" 200 76058 "http://localhost:3000/sources/2944f3a9-3109-4b0c-80f9-5081ea2acc51" "Mozilla/5.0 (X11; Linux x86_64) AppleWebKit/537.36 (KHTML, like Gecko) Chrome/143.0.0.0 Safari/537.36" "-"
postgres-1               | 2026-01-11 22:55:55.626 UTC [44] LOG:  database system was shut down at 2026-01-11 22:55:55 UTC
ingestion-worker-web-1   | {"url": "https://pinia.vuejs.org/core-concepts/plugins.html", "links_found": 62, "title": "Plugins [\u200b](https://pinia.vuejs.org/core-concepts/plugins.html#Plugins)", "path": "core-concepts > plugins.html", "event": "crawl_completed", "logger": "handlers.web", "level": "info", "timestamp": "2026-01-11T23:09:45.837855Z"}
postgres-1               | 2026-01-11 22:55:55.632 UTC [41] LOG:  database system is ready to accept connections
ingestion-worker-web-1   | {"source_id": "2944f3a9-3109-4b0c-80f9-5081ea2acc51", "url": "https://pinia.vuejs.org/core-concepts/getters.html", "event": "result_published", "logger": "__main__", "level": "info", "timestamp": "2026-01-11T23:09:45.867785Z"}
ingestion-worker-web-1   | {"source_id": "2944f3a9-3109-4b0c-80f9-5081ea2acc51", "url": "https://pinia.vuejs.org/core-concepts/getters.html", "event": "result_published", "logger": "__main__", "level": "info", "timestamp": "2026-01-11T23:09:45.867969Z"}
ingestion-worker-web-1   | {"data": {"correlation_id": "2944f3a9-3109-4b0c-80f9-5081ea2acc51", "depth": 1, "exclusions": [], "gemini_api_key": "AIzaSyCe-DB54bMkUURJlkDvovYN4B8f_NH_zB0", "id": "2944f3a9-3109-4b0c-80f9-5081ea2acc51", "max_depth": 1, "type": "web", "url": "https://pinia.vuejs.org/cookbook/composing-stores.html"}, "event": "message_received", "logger": "__main__", "level": "info", "timestamp": "2026-01-11T23:09:45.868050Z"}
ingestion-worker-web-1   | {"url": "https://pinia.vuejs.org/cookbook/composing-stores.html", "event": "crawl_starting", "logger": "handlers.web", "level": "info", "timestamp": "2026-01-11T23:09:45.868100Z"}
ingestion-worker-web-1   | {"source_id": "2944f3a9-3109-4b0c-80f9-5081ea2acc51", "url": "https://pinia.vuejs.org/core-concepts/plugins.html", "event": "result_published", "logger": "__main__", "level": "info", "timestamp": "2026-01-11T23:09:45.921324Z"}
ingestion-worker-web-1   | {"data": {"correlation_id": "2944f3a9-3109-4b0c-80f9-5081ea2acc51", "depth": 1, "exclusions": [], "gemini_api_key": "AIzaSyCe-DB54bMkUURJlkDvovYN4B8f_NH_zB0", "id": "2944f3a9-3109-4b0c-80f9-5081ea2acc51", "max_depth": 1, "type": "web", "url": "https://pinia.vuejs.org/api/"}, "event": "message_received", "logger": "__main__", "level": "info", "timestamp": "2026-01-11T23:09:45.922076Z"}
ingestion-worker-web-1   | {"url": "https://pinia.vuejs.org/api/", "event": "crawl_starting", "logger": "handlers.web", "level": "info", "timestamp": "2026-01-11T23:09:45.922144Z"}
ingestion-worker-web-1   | {"source_id": "2944f3a9-3109-4b0c-80f9-5081ea2acc51", "url": "https://pinia.vuejs.org/core-concepts/plugins.html", "event": "result_published", "logger": "__main__", "level": "info", "timestamp": "2026-01-11T23:09:46.037741Z"}
ingestion-worker-web-1   | [FETCH]... ↓ https://pinia.vuejs.org/api                                        
ingestion-worker-web-1   | | ✓ | ⏱: 19.92s 
ingestion-worker-web-1   | [92m23:09:46 - LiteLLM:INFO[0m: utils.py:3748 - 
ingestion-worker-web-1   | LiteLLM completion() model= gemini-3-flash-preview; provider = gemini
ingestion-worker-web-1   | {"event": "\nLiteLLM completion() model= gemini-3-flash-preview; provider = gemini", "logger": "LiteLLM", "level": "info", "timestamp": "2026-01-11T23:09:46.075113Z"}
ingestion-worker-web-1   | [92m23:09:46 - LiteLLM:INFO[0m: vertex_and_google_ai_studio_gemini.py:909 - Warning: Setting temperature < 1.0 for Gemini 3 models (gemini-3-flash-preview) can cause infinite loops, degraded reasoning performance, and failure on complex tasks. Strongly recommended to use temperature = 1.0 (default).
ingestion-worker-web-1   | {"event": "Warning: Setting temperature < 1.0 for Gemini 3 models (gemini-3-flash-preview) can cause infinite loops, degraded reasoning performance, and failure on complex tasks. Strongly recommended to use temperature = 1.0 (default).", "logger": "LiteLLM", "level": "info", "timestamp": "2026-01-11T23:09:46.075296Z"}
ingestion-worker-web-1   | [92m23:09:53 - LiteLLM:INFO[0m: utils.py:1573 - Wrapper: Completed Call, calling success_handler
ingestion-worker-web-1   | {"event": "Wrapper: Completed Call, calling success_handler", "logger": "LiteLLM", "level": "info", "timestamp": "2026-01-11T23:09:53.273744Z"}
ingestion-worker-web-1   | [SCRAPE].. ◆ https://pinia.vuejs.org/api                                        
ingestion-worker-web-1   | | ✓ | ⏱: 7.22s 
ingestion-worker-web-1   | [COMPLETE] ● https://pinia.vuejs.org/api                                        
ingestion-worker-web-1   | | ✓ | ⏱: 27.14s 
ingestion-worker-web-1   | [FETCH]... ↓ https://pinia.vuejs.org/core-concepts/outside-component-usage.html 
postgres-1               |  done
frontend-1               | 172.20.0.1 - - [11/Jan/2026:23:00:37 +0000] "GET /api/sources/2944f3a9-3109-4b0c-80f9-5081ea2acc51/pages HTTP/1.1" 200 7718 "http://localhost:3000/sources/2944f3a9-3109-4b0c-80f9-5081ea2acc51" "Mozilla/5.0 (X11; Linux x86_64) AppleWebKit/537.36 (KHTML, like Gecko) Chrome/143.0.0.0 Safari/537.36" "-"
backend-1                | INF    2 [ingest.result/backend] querying nsqlookupd http://nsqlookupd:4161/lookup?topic=ingest.result
frontend-1               | 172.20.0.1 - - [11/Jan/2026:23:00:38 +0000] "GET /sources/2944f3a9-3109-4b0c-80f9-5081ea2acc51 HTTP/1.1" 304 0 "-" "Mozilla/5.0 (X11; Linux x86_64) AppleWebKit/537.36 (KHTML, like Gecko) Chrome/143.0.0.0 Safari/537.36" "-"
weaviate-1               | {"action":"tombstone_cleanup_begin","build_git_commit":"62eab64","build_go_version":"go1.24.11","build_image_tag":"v1.34.8","build_wv_version":"1.34.8","class":"DocumentChunk","level":"info","msg":"class DocumentChunk: shard H3HIARhI2Viw: starting tombstone cleanup","shard":"H3HIARhI2Viw","targetVector":"","time":"2026-01-11T23:11:01Z","tombstones_in_cycle":12,"tombstones_total":12}
weaviate-1               | {"action":"tombstone_cleanup_complete","build_git_commit":"62eab64","build_go_version":"go1.24.11","build_image_tag":"v1.34.8","build_wv_version":"1.34.8","class":"DocumentChunk","duration":879602,"level":"info","msg":"class DocumentChunk: shard H3HIARhI2Viw: completed tombstone cleanup in 879.602µs","shard":"H3HIARhI2Viw","targetVector":"","time":"2026-01-11T23:11:01Z","tombstones_in_cycle":12,"tombstones_total":12}
weaviate-1               | {"action":"tombstone_cleanup_begin","build_git_commit":"62eab64","build_go_version":"go1.24.11","build_image_tag":"v1.34.8","build_wv_version":"1.34.8","class":"DocumentChunk","level":"info","msg":"class DocumentChunk: shard H3HIARhI2Viw: starting tombstone cleanup","shard":"H3HIARhI2Viw","targetVector":"","time":"2026-01-11T23:16:01Z","tombstones_in_cycle":174,"tombstones_total":174}
weaviate-1               | {"action":"tombstone_cleanup_complete","build_git_commit":"62eab64","build_go_version":"go1.24.11","build_image_tag":"v1.34.8","build_wv_version":"1.34.8","class":"DocumentChunk","duration":10226659,"level":"info","msg":"class DocumentChunk: shard H3HIARhI2Viw: completed tombstone cleanup in 10.226659ms","shard":"H3HIARhI2Viw","targetVector":"","time":"2026-01-11T23:16:01Z","tombstones_in_cycle":174,"tombstones_total":174}
backend-1                | INF    2 [ingest.result/backend] querying nsqlookupd http://nsqlookupd:4161/lookup?topic=ingest.result
backend-1                | INF    2 [ingest.result/backend] querying nsqlookupd http://nsqlookupd:4161/lookup?topic=ingest.result
backend-1                | INF    2 [ingest.result/backend] querying nsqlookupd http://nsqlookupd:4161/lookup?topic=ingest.result
backend-1                | INF    2 [ingest.result/backend] querying nsqlookupd http://nsqlookupd:4161/lookup?topic=ingest.result
backend-1                | INF    2 [ingest.result/backend] querying nsqlookupd http://nsqlookupd:4161/lookup?topic=ingest.result
backend-1                | INF    2 [ingest.result/backend] querying nsqlookupd http://nsqlookupd:4161/lookup?topic=ingest.result
backend-1                | INF    2 [ingest.result/backend] querying nsqlookupd http://nsqlookupd:4161/lookup?topic=ingest.result
backend-1                | INF    2 [ingest.result/backend] querying nsqlookupd http://nsqlookupd:4161/lookup?topic=ingest.result
backend-1                | INF    2 [ingest.result/backend] querying nsqlookupd http://nsqlookupd:4161/lookup?topic=ingest.result
backend-1                | INF    2 [ingest.result/backend] querying nsqlookupd http://nsqlookupd:4161/lookup?topic=ingest.result
backend-1                | INF    2 [ingest.result/backend] querying nsqlookupd http://nsqlookupd:4161/lookup?topic=ingest.result
backend-1                | INF    2 [ingest.result/backend] querying nsqlookupd http://nsqlookupd:4161/lookup?topic=ingest.result
backend-1                | INF    2 [ingest.result/backend] querying nsqlookupd http://nsqlookupd:4161/lookup?topic=ingest.result
nsqd-1                   | [nsqd] 2026/01/11 23:37:07.425338 INFO: 200 GET /ping ([::1]:56528) 1.303µs
nsqlookupd-1             | [nsqlookupd] 2026/01/11 23:08:39.618018 INFO: CLIENT(172.20.0.5:45508): pinged (last ping 14.999982693s)
nsqlookupd-1             | [nsqlookupd] 2026/01/11 23:08:42.515153 INFO: 200 GET /lookup?topic=ingest.task.web (172.20.0.8:45152) 6.452µs
postgres-1               | server started
nsqd-1                   | [nsqd] 2026/01/11 23:37:12.467291 INFO: 200 GET /ping ([::1]:51508) 981ns
nsqd-1                   | [nsqd] 2026/01/11 23:37:17.495347 INFO: 200 GET /ping ([::1]:51524) 1.122µs
nsqd-1                   | [nsqd] 2026/01/11 23:37:22.536234 INFO: 200 GET /ping ([::1]:33338) 822ns
frontend-1               | 172.20.0.1 - - [11/Jan/2026:23:00:38 +0000] "GET /api/sources/2944f3a9-3109-4b0c-80f9-5081ea2acc51 HTTP/1.1" 200 76073 "http://localhost:3000/sources/2944f3a9-3109-4b0c-80f9-5081ea2acc51" "Mozilla/5.0 (X11; Linux x86_64) AppleWebKit/537.36 (KHTML, like Gecko) Chrome/143.0.0.0 Safari/537.36" "-"
nsqd-1                   | [nsqd] 2026/01/11 23:37:27.572688 INFO: 200 GET /ping ([::1]:33354) 882ns
nsqd-1                   | [nsqd] 2026/01/11 23:37:32.610631 INFO: 200 GET /ping ([::1]:34836) 841ns
postgres-1               | CREATE DATABASE
frontend-1               | 172.20.0.1 - - [11/Jan/2026:23:00:38 +0000] "GET /api/sources/2944f3a9-3109-4b0c-80f9-5081ea2acc51/pages HTTP/1.1" 200 7718 "http://localhost:3000/sources/2944f3a9-3109-4b0c-80f9-5081ea2acc51" "Mozilla/5.0 (X11; Linux x86_64) AppleWebKit/537.36 (KHTML, like Gecko) Chrome/143.0.0.0 Safari/537.36" "-"
frontend-1               | 172.20.0.1 - - [11/Jan/2026:23:00:40 +0000] "GET /api/sources/2944f3a9-3109-4b0c-80f9-5081ea2acc51?exclude_chunks=true HTTP/1.1" 200 248 "http://localhost:3000/sources/2944f3a9-3109-4b0c-80f9-5081ea2acc51" "Mozilla/5.0 (X11; Linux x86_64) AppleWebKit/537.36 (KHTML, like Gecko) Chrome/143.0.0.0 Safari/537.36" "-"
frontend-1               | 172.20.0.1 - - [11/Jan/2026:23:00:40 +0000] "GET /api/sources/2944f3a9-3109-4b0c-80f9-5081ea2acc51/pages HTTP/1.1" 200 7718 "http://localhost:3000/sources/2944f3a9-3109-4b0c-80f9-5081ea2acc51" "Mozilla/5.0 (X11; Linux x86_64) AppleWebKit/537.36 (KHTML, like Gecko) Chrome/143.0.0.0 Safari/537.36" "-"
frontend-1               | 172.20.0.1 - - [11/Jan/2026:23:00:42 +0000] "GET /api/sources HTTP/1.1" 200 495 "http://localhost:3000/sources" "Mozilla/5.0 (X11; Linux x86_64) AppleWebKit/537.36 (KHTML, like Gecko) Chrome/143.0.0.0 Safari/537.36" "-"
frontend-1               | 172.20.0.1 - - [11/Jan/2026:23:00:43 +0000] "GET /api/sources/2c696c8e-d61c-4d72-b563-62a17428fea2 HTTP/1.1" 200 297 "http://localhost:3000/sources/2c696c8e-d61c-4d72-b563-62a17428fea2" "Mozilla/5.0 (X11; Linux x86_64) AppleWebKit/537.36 (KHTML, like Gecko) Chrome/143.0.0.0 Safari/537.36" "-"
frontend-1               | 172.20.0.1 - - [11/Jan/2026:23:00:43 +0000] "GET /api/sources/2c696c8e-d61c-4d72-b563-62a17428fea2/pages HTTP/1.1" 200 31 "http://localhost:3000/sources/2c696c8e-d61c-4d72-b563-62a17428fea2" "Mozilla/5.0 (X11; Linux x86_64) AppleWebKit/537.36 (KHTML, like Gecko) Chrome/143.0.0.0 Safari/537.36" "-"
frontend-1               | 172.20.0.1 - - [11/Jan/2026:23:00:45 +0000] "GET /api/sources HTTP/1.1" 200 495 "http://localhost:3000/sources" "Mozilla/5.0 (X11; Linux x86_64) AppleWebKit/537.36 (KHTML, like Gecko) Chrome/143.0.0.0 Safari/537.36" "-"
frontend-1               | 172.20.0.1 - - [11/Jan/2026:23:00:46 +0000] "GET /api/sources/2944f3a9-3109-4b0c-80f9-5081ea2acc51 HTTP/1.1" 200 76058 "http://localhost:3000/sources/2944f3a9-3109-4b0c-80f9-5081ea2acc51" "Mozilla/5.0 (X11; Linux x86_64) AppleWebKit/537.36 (KHTML, like Gecko) Chrome/143.0.0.0 Safari/537.36" "-"
frontend-1               | 172.20.0.1 - - [11/Jan/2026:23:00:46 +0000] "GET /api/sources/2944f3a9-3109-4b0c-80f9-5081ea2acc51/pages HTTP/1.1" 200 7718 "http://localhost:3000/sources/2944f3a9-3109-4b0c-80f9-5081ea2acc51" "Mozilla/5.0 (X11; Linux x86_64) AppleWebKit/537.36 (KHTML, like Gecko) Chrome/143.0.0.0 Safari/537.36" "-"
frontend-1               | 172.20.0.1 - - [11/Jan/2026:23:00:48 +0000] "GET /api/sources/2944f3a9-3109-4b0c-80f9-5081ea2acc51?exclude_chunks=true HTTP/1.1" 200 248 "http://localhost:3000/sources/2944f3a9-3109-4b0c-80f9-5081ea2acc51" "Mozilla/5.0 (X11; Linux x86_64) AppleWebKit/537.36 (KHTML, like Gecko) Chrome/143.0.0.0 Safari/537.36" "-"
frontend-1               | 172.20.0.1 - - [11/Jan/2026:23:00:48 +0000] "GET /api/sources/2944f3a9-3109-4b0c-80f9-5081ea2acc51/pages HTTP/1.1" 200 7718 "http://localhost:3000/sources/2944f3a9-3109-4b0c-80f9-5081ea2acc51" "Mozilla/5.0 (X11; Linux x86_64) AppleWebKit/537.36 (KHTML, like Gecko) Chrome/143.0.0.0 Safari/537.36" "-"
frontend-1               | 172.20.0.1 - - [11/Jan/2026:23:00:50 +0000] "GET /api/sources/2944f3a9-3109-4b0c-80f9-5081ea2acc51?exclude_chunks=true HTTP/1.1" 200 248 "http://localhost:3000/sources/2944f3a9-3109-4b0c-80f9-5081ea2acc51" "Mozilla/5.0 (X11; Linux x86_64) AppleWebKit/537.36 (KHTML, like Gecko) Chrome/143.0.0.0 Safari/537.36" "-"
frontend-1               | 172.20.0.1 - - [11/Jan/2026:23:00:50 +0000] "GET /api/sources/2944f3a9-3109-4b0c-80f9-5081ea2acc51/pages HTTP/1.1" 200 7718 "http://localhost:3000/sources/2944f3a9-3109-4b0c-80f9-5081ea2acc51" "Mozilla/5.0 (X11; Linux x86_64) AppleWebKit/537.36 (KHTML, like Gecko) Chrome/143.0.0.0 Safari/537.36" "-"
frontend-1               | 172.20.0.1 - - [11/Jan/2026:23:00:52 +0000] "GET /api/sources/2944f3a9-3109-4b0c-80f9-5081ea2acc51?exclude_chunks=true HTTP/1.1" 200 248 "http://localhost:3000/sources/2944f3a9-3109-4b0c-80f9-5081ea2acc51" "Mozilla/5.0 (X11; Linux x86_64) AppleWebKit/537.36 (KHTML, like Gecko) Chrome/143.0.0.0 Safari/537.36" "-"
frontend-1               | 172.20.0.1 - - [11/Jan/2026:23:00:52 +0000] "GET /api/sources/2944f3a9-3109-4b0c-80f9-5081ea2acc51/pages HTTP/1.1" 200 7718 "http://localhost:3000/sources/2944f3a9-3109-4b0c-80f9-5081ea2acc51" "Mozilla/5.0 (X11; Linux x86_64) AppleWebKit/537.36 (KHTML, like Gecko) Chrome/143.0.0.0 Safari/537.36" "-"
frontend-1               | 172.20.0.1 - - [11/Jan/2026:23:00:54 +0000] "GET /api/sources/2944f3a9-3109-4b0c-80f9-5081ea2acc51?exclude_chunks=true HTTP/1.1" 200 248 "http://localhost:3000/sources/2944f3a9-3109-4b0c-80f9-5081ea2acc51" "Mozilla/5.0 (X11; Linux x86_64) AppleWebKit/537.36 (KHTML, like Gecko) Chrome/143.0.0.0 Safari/537.36" "-"
ingestion-worker-web-1   | | ✓ | ⏱: 27.24s 
ingestion-worker-web-1   | [92m23:09:53 - LiteLLM:INFO[0m: utils.py:3748 - 
ingestion-worker-web-1   | LiteLLM completion() model= gemini-3-flash-preview; provider = gemini
ingestion-worker-web-1   | {"event": "\nLiteLLM completion() model= gemini-3-flash-preview; provider = gemini", "logger": "LiteLLM", "level": "info", "timestamp": "2026-01-11T23:09:53.291808Z"}
ingestion-worker-web-1   | [92m23:09:53 - LiteLLM:INFO[0m: vertex_and_google_ai_studio_gemini.py:909 - Warning: Setting temperature < 1.0 for Gemini 3 models (gemini-3-flash-preview) can cause infinite loops, degraded reasoning performance, and failure on complex tasks. Strongly recommended to use temperature = 1.0 (default).
nsqd-1                   | [nsqd] 2026/01/11 23:37:37.641202 INFO: 200 GET /ping ([::1]:34846) 1.062µs
ingestion-worker-file-1  | {"event": "Initializing pipeline for StandardPdfPipeline with options hash e2f2fd73567f0e216afeb20e6b1e3501", "logger": "docling.document_converter", "level": "info", "timestamp": "2026-01-11T22:58:05.635438Z"}
nsqd-1                   | [nsqd] 2026/01/11 23:37:42.680033 INFO: 200 GET /ping ([::1]:34946) 1.002µs
ingestion-worker-file-1  | {"event": "Loading plugin 'docling_defaults'", "logger": "docling.models.factories.base_factory", "level": "info", "timestamp": "2026-01-11T22:58:05.639409Z"}
postgres-1               | 
ingestion-worker-file-1  | {"event": "Registered picture descriptions: ['vlm', 'api']", "logger": "docling.models.factories", "level": "info", "timestamp": "2026-01-11T22:58:05.639950Z"}
backend-1                | INF    2 [ingest.result/backend] querying nsqlookupd http://nsqlookupd:4161/lookup?topic=ingest.result
frontend-1               | 172.20.0.1 - - [11/Jan/2026:23:00:54 +0000] "GET /api/sources/2944f3a9-3109-4b0c-80f9-5081ea2acc51/pages HTTP/1.1" 200 7718 "http://localhost:3000/sources/2944f3a9-3109-4b0c-80f9-5081ea2acc51" "Mozilla/5.0 (X11; Linux x86_64) AppleWebKit/537.36 (KHTML, like Gecko) Chrome/143.0.0.0 Safari/537.36" "-"
backend-1                | INF    2 [ingest.result/backend] querying nsqlookupd http://nsqlookupd:4161/lookup?topic=ingest.result
backend-1                | INF    2 [ingest.result/backend] querying nsqlookupd http://nsqlookupd:4161/lookup?topic=ingest.result
backend-1                | INF    2 [ingest.result/backend] querying nsqlookupd http://nsqlookupd:4161/lookup?topic=ingest.result
frontend-1               | 172.20.0.1 - - [11/Jan/2026:23:00:56 +0000] "GET /api/sources/2944f3a9-3109-4b0c-80f9-5081ea2acc51?exclude_chunks=true HTTP/1.1" 200 248 "http://localhost:3000/sources/2944f3a9-3109-4b0c-80f9-5081ea2acc51" "Mozilla/5.0 (X11; Linux x86_64) AppleWebKit/537.36 (KHTML, like Gecko) Chrome/143.0.0.0 Safari/537.36" "-"
nsqd-1                   | [nsqd] 2026/01/11 23:37:47.724535 INFO: 200 GET /ping ([::1]:34960) 1.012µs
frontend-1               | 172.20.0.1 - - [11/Jan/2026:23:00:56 +0000] "GET /api/sources/2944f3a9-3109-4b0c-80f9-5081ea2acc51/pages HTTP/1.1" 200 7718 "http://localhost:3000/sources/2944f3a9-3109-4b0c-80f9-5081ea2acc51" "Mozilla/5.0 (X11; Linux x86_64) AppleWebKit/537.36 (KHTML, like Gecko) Chrome/143.0.0.0 Safari/537.36" "-"
nsqlookupd-1             | [nsqlookupd] 2026/01/11 23:08:54.618514 INFO: CLIENT(172.20.0.5:45508): pinged (last ping 15.000495892s)
postgres-1               | 
nsqlookupd-1             | [nsqlookupd] 2026/01/11 23:09:07.712408 INFO: 200 GET /lookup?topic=ingest.task.web (172.20.0.8:55482) 29.776µs
postgres-1               | /usr/local/bin/docker-entrypoint.sh: ignoring /docker-entrypoint-initdb.d/*
nsqlookupd-1             | [nsqlookupd] 2026/01/11 23:09:09.618008 INFO: CLIENT(172.20.0.5:45508): pinged (last ping 14.999494312s)
ingestion-worker-file-1  | {"event": "Loading plugin 'docling_defaults'", "logger": "docling.models.factories.base_factory", "level": "info", "timestamp": "2026-01-11T22:58:05.643467Z"}
ingestion-worker-file-1  | {"event": "Registered ocr engines: ['auto', 'easyocr', 'ocrmac', 'rapidocr', 'tesserocr', 'tesseract']", "logger": "docling.models.factories", "level": "info", "timestamp": "2026-01-11T22:58:05.644598Z"}
ingestion-worker-file-1  | {"event": "rapidocr cannot be used because onnxruntime is not installed.", "logger": "docling.models.auto_ocr_model", "level": "info", "timestamp": "2026-01-11T22:58:05.799945Z"}
ingestion-worker-file-1  | {"event": "easyocr cannot be used because it is not installed.", "logger": "docling.models.auto_ocr_model", "level": "info", "timestamp": "2026-01-11T22:58:05.800035Z"}
ingestion-worker-file-1  | {"event": "Accelerator device: 'cpu'", "logger": "docling.utils.accelerator_utils", "level": "info", "timestamp": "2026-01-11T22:58:05.882200Z"}
ingestion-worker-web-1   | {"event": "Warning: Setting temperature < 1.0 for Gemini 3 models (gemini-3-flash-preview) can cause infinite loops, degraded reasoning performance, and failure on complex tasks. Strongly recommended to use temperature = 1.0 (default).", "logger": "LiteLLM", "level": "info", "timestamp": "2026-01-11T23:09:53.291976Z"}
ingestion-worker-web-1   | [92m23:09:56 - LiteLLM:INFO[0m: utils.py:1573 - Wrapper: Completed Call, calling success_handler
ingestion-worker-web-1   | {"event": "Wrapper: Completed Call, calling success_handler", "logger": "LiteLLM", "level": "info", "timestamp": "2026-01-11T23:09:56.766209Z"}
ingestion-worker-web-1   | [SCRAPE].. ◆ https://pinia.vuejs.org/core-concepts/outside-component-usage.html 
ingestion-worker-web-1   | | ✓ | ⏱: 3.49s 
ingestion-worker-web-1   | [COMPLETE] ● https://pinia.vuejs.org/core-concepts/outside-component-usage.html 
ingestion-worker-web-1   | | ✓ | ⏱: 30.74s 
ingestion-worker-web-1   | [FETCH]... ↓ https://pinia.vuejs.org/zh/core-concepts                           
ingestion-worker-web-1   | | ✓ | ⏱: 30.69s 
frontend-1               | 172.20.0.1 - - [11/Jan/2026:23:00:58 +0000] "GET /api/sources/2944f3a9-3109-4b0c-80f9-5081ea2acc51?exclude_chunks=true HTTP/1.1" 200 248 "http://localhost:3000/sources/2944f3a9-3109-4b0c-80f9-5081ea2acc51" "Mozilla/5.0 (X11; Linux x86_64) AppleWebKit/537.36 (KHTML, like Gecko) Chrome/143.0.0.0 Safari/537.36" "-"
backend-1                | INF    2 [ingest.result/backend] querying nsqlookupd http://nsqlookupd:4161/lookup?topic=ingest.result
backend-1                | INF    2 [ingest.result/backend] querying nsqlookupd http://nsqlookupd:4161/lookup?topic=ingest.result
backend-1                | INF    2 [ingest.result/backend] querying nsqlookupd http://nsqlookupd:4161/lookup?topic=ingest.result
backend-1                | INF    2 [ingest.result/backend] querying nsqlookupd http://nsqlookupd:4161/lookup?topic=ingest.result
postgres-1               | 
ingestion-worker-file-1  | [32m[INFO] 2026-01-11 22:58:05,890 [RapidOCR] base.py:22: Using engine_name: torch[0m
ingestion-worker-file-1  | [32m[INFO] 2026-01-11 22:58:05,891 [RapidOCR] device_config.py:50: Using CPU device[0m
ingestion-worker-file-1  | [32m[INFO] 2026-01-11 22:58:05,892 [RapidOCR] download_file.py:68: Initiating download: https://www.modelscope.cn/models/RapidAI/RapidOCR/resolve/v3.5.0/torch/PP-OCRv4/det/ch_PP-OCRv4_det_infer.pth[0m
nsqd-1                   | [nsqd] 2026/01/11 23:37:52.764392 INFO: 200 GET /ping ([::1]:39572) 1.282µs
ingestion-worker-file-1  | [32m[INFO] 2026-01-11 22:58:07,938 [RapidOCR] download_file.py:82: Download size: 13.83MB[0m
ingestion-worker-file-1  | [32m[INFO] 2026-01-11 22:58:10,210 [RapidOCR] download_file.py:95: Successfully saved to: /usr/local/lib/python3.12/site-packages/rapidocr/models/ch_PP-OCRv4_det_infer.pth[0m
ingestion-worker-file-1  | [32m[INFO] 2026-01-11 22:58:10,212 [RapidOCR] main.py:50: Using /usr/local/lib/python3.12/site-packages/rapidocr/models/ch_PP-OCRv4_det_infer.pth[0m
nsqd-1                   | [nsqd] 2026/01/11 23:37:57.798583 INFO: 200 GET /ping ([::1]:39584) 1.012µs
ingestion-worker-web-1   | [92m23:09:56 - LiteLLM:INFO[0m: utils.py:3748 - 
ingestion-worker-web-1   | LiteLLM completion() model= gemini-3-flash-preview; provider = gemini
ingestion-worker-web-1   | {"event": "\nLiteLLM completion() model= gemini-3-flash-preview; provider = gemini", "logger": "LiteLLM", "level": "info", "timestamp": "2026-01-11T23:09:56.791921Z"}
ingestion-worker-web-1   | [92m23:09:56 - LiteLLM:INFO[0m: vertex_and_google_ai_studio_gemini.py:909 - Warning: Setting temperature < 1.0 for Gemini 3 models (gemini-3-flash-preview) can cause infinite loops, degraded reasoning performance, and failure on complex tasks. Strongly recommended to use temperature = 1.0 (default).
ingestion-worker-web-1   | {"event": "Warning: Setting temperature < 1.0 for Gemini 3 models (gemini-3-flash-preview) can cause infinite loops, degraded reasoning performance, and failure on complex tasks. Strongly recommended to use temperature = 1.0 (default).", "logger": "LiteLLM", "level": "info", "timestamp": "2026-01-11T23:09:56.792205Z"}
ingestion-worker-web-1   | [92m23:10:04 - LiteLLM:INFO[0m: utils.py:1573 - Wrapper: Completed Call, calling success_handler
ingestion-worker-web-1   | {"event": "Wrapper: Completed Call, calling success_handler", "logger": "LiteLLM", "level": "info", "timestamp": "2026-01-11T23:10:04.025701Z"}
ingestion-worker-web-1   | [SCRAPE].. ◆ https://pinia.vuejs.org/zh/core-concepts                           
ingestion-worker-web-1   | | ✓ | ⏱: 7.26s 
ingestion-worker-web-1   | [COMPLETE] ● https://pinia.vuejs.org/zh/core-concepts                           
ingestion-worker-web-1   | | ✓ | ⏱: 37.94s 
ingestion-worker-web-1   | [FETCH]... ↓ https://pinia.vuejs.org/core-concepts                              
ingestion-worker-web-1   | | ✓ | ⏱: 38.21s 
ingestion-worker-web-1   | [92m23:10:04 - LiteLLM:INFO[0m: utils.py:3748 - 
ingestion-worker-web-1   | LiteLLM completion() model= gemini-3-flash-preview; provider = gemini
ingestion-worker-web-1   | {"event": "\nLiteLLM completion() model= gemini-3-flash-preview; provider = gemini", "logger": "LiteLLM", "level": "info", "timestamp": "2026-01-11T23:10:04.049335Z"}
ingestion-worker-web-1   | [92m23:10:04 - LiteLLM:INFO[0m: vertex_and_google_ai_studio_gemini.py:909 - Warning: Setting temperature < 1.0 for Gemini 3 models (gemini-3-flash-preview) can cause infinite loops, degraded reasoning performance, and failure on complex tasks. Strongly recommended to use temperature = 1.0 (default).
ingestion-worker-web-1   | {"event": "Warning: Setting temperature < 1.0 for Gemini 3 models (gemini-3-flash-preview) can cause infinite loops, degraded reasoning performance, and failure on complex tasks. Strongly recommended to use temperature = 1.0 (default).", "logger": "LiteLLM", "level": "info", "timestamp": "2026-01-11T23:10:04.049516Z"}
ingestion-worker-web-1   | [92m23:10:11 - LiteLLM:INFO[0m: utils.py:1573 - Wrapper: Completed Call, calling success_handler
ingestion-worker-web-1   | {"event": "Wrapper: Completed Call, calling success_handler", "logger": "LiteLLM", "level": "info", "timestamp": "2026-01-11T23:10:11.808767Z"}
ingestion-worker-web-1   | [SCRAPE].. ◆ https://pinia.vuejs.org/core-concepts                              
ingestion-worker-web-1   | | ✓ | ⏱: 7.78s 
ingestion-worker-web-1   | [COMPLETE] ● https://pinia.vuejs.org/core-concepts                              
ingestion-worker-web-1   | | ✓ | ⏱: 46.01s 
ingestion-worker-web-1   | {"url": "https://pinia.vuejs.org/zh/core-concepts", "links_found": 46, "title": "\u5b9a\u4e49 Store [\u200b](https://pinia.vuejs.org/zh/core-concepts/#defining-a-store)", "path": "zh > core-concepts", "event": "crawl_completed", "logger": "handlers.web", "level": "info", "timestamp": "2026-01-11T23:10:11.827986Z"}
ingestion-worker-web-1   | {"url": "https://pinia.vuejs.org/api", "links_found": 93, "title": "API Reference [\u200b](https://pinia.vuejs.org/api/#API-Reference)", "path": "api", "event": "crawl_completed", "logger": "handlers.web", "level": "info", "timestamp": "2026-01-11T23:10:11.834850Z"}
ingestion-worker-web-1   | {"url": "https://pinia.vuejs.org/core-concepts/outside-component-usage.html", "links_found": 36, "title": "Using a store outside of a component [\u200b](https://pinia.vuejs.org/core-concepts/outside-component-usage.html#Using-a-store-outside-of-a-component)", "path": "core-concepts > outside-component-usage.html", "event": "crawl_completed", "logger": "handlers.web", "level": "info", "timestamp": "2026-01-11T23:10:11.861622Z"}
ingestion-worker-web-1   | {"source_id": "2944f3a9-3109-4b0c-80f9-5081ea2acc51", "url": "https://pinia.vuejs.org/zh/core-concepts", "event": "result_published", "logger": "__main__", "level": "info", "timestamp": "2026-01-11T23:10:11.893360Z"}
ingestion-worker-web-1   | {"source_id": "2944f3a9-3109-4b0c-80f9-5081ea2acc51", "url": "https://pinia.vuejs.org/zh/core-concepts", "event": "result_published", "logger": "__main__", "level": "info", "timestamp": "2026-01-11T23:10:11.893598Z"}
ingestion-worker-web-1   | {"data": {"correlation_id": "2944f3a9-3109-4b0c-80f9-5081ea2acc51", "depth": 1, "exclusions": [], "gemini_api_key": "AIzaSyCe-DB54bMkUURJlkDvovYN4B8f_NH_zB0", "id": "2944f3a9-3109-4b0c-80f9-5081ea2acc51", "max_depth": 1, "type": "web", "url": "https://pinia.vuejs.org/cookbook"}, "event": "message_received", "logger": "__main__", "level": "info", "timestamp": "2026-01-11T23:10:11.893715Z"}
ingestion-worker-file-1  | [32m[INFO] 2026-01-11 22:58:10,315 [RapidOCR] base.py:22: Using engine_name: torch[0m
postgres-1               | waiting for server to shut down....2026-01-11 22:55:55.755 UTC [41] LOG:  received fast shutdown request
postgres-1               | 2026-01-11 22:55:55.758 UTC [41] LOG:  aborting any active transactions
ingestion-worker-file-1  | [32m[INFO] 2026-01-11 22:58:10,315 [RapidOCR] device_config.py:50: Using CPU device[0m
ingestion-worker-file-1  | [32m[INFO] 2026-01-11 22:58:10,315 [RapidOCR] download_file.py:68: Initiating download: https://www.modelscope.cn/models/RapidAI/RapidOCR/resolve/v3.5.0/torch/PP-OCRv4/cls/ch_ptocr_mobile_v2.0_cls_infer.pth[0m
ingestion-worker-file-1  | [32m[INFO] 2026-01-11 22:58:11,930 [RapidOCR] download_file.py:82: Download size: 0.56MB[0m
ingestion-worker-file-1  | [32m[INFO] 2026-01-11 22:58:12,009 [RapidOCR] download_file.py:95: Successfully saved to: /usr/local/lib/python3.12/site-packages/rapidocr/models/ch_ptocr_mobile_v2.0_cls_infer.pth[0m
ingestion-worker-file-1  | [32m[INFO] 2026-01-11 22:58:12,011 [RapidOCR] main.py:50: Using /usr/local/lib/python3.12/site-packages/rapidocr/models/ch_ptocr_mobile_v2.0_cls_infer.pth[0m
ingestion-worker-file-1  | [32m[INFO] 2026-01-11 22:58:12,050 [RapidOCR] base.py:22: Using engine_name: torch[0m
ingestion-worker-file-1  | [32m[INFO] 2026-01-11 22:58:12,050 [RapidOCR] device_config.py:50: Using CPU device[0m
ingestion-worker-file-1  | [32m[INFO] 2026-01-11 22:58:12,050 [RapidOCR] download_file.py:68: Initiating download: https://www.modelscope.cn/models/RapidAI/RapidOCR/resolve/v3.5.0/torch/PP-OCRv4/rec/ch_PP-OCRv4_rec_infer.pth[0m
ingestion-worker-file-1  | [32m[INFO] 2026-01-11 22:58:14,300 [RapidOCR] download_file.py:82: Download size: 25.67MB[0m
ingestion-worker-file-1  | [32m[INFO] 2026-01-11 22:58:19,167 [RapidOCR] download_file.py:95: Successfully saved to: /usr/local/lib/python3.12/site-packages/rapidocr/models/ch_PP-OCRv4_rec_infer.pth[0m
ingestion-worker-file-1  | [32m[INFO] 2026-01-11 22:58:19,168 [RapidOCR] main.py:50: Using /usr/local/lib/python3.12/site-packages/rapidocr/models/ch_PP-OCRv4_rec_infer.pth[0m
ingestion-worker-file-1  | {"event": "Auto OCR model selected rapidocr with torch.", "logger": "docling.models.auto_ocr_model", "level": "info", "timestamp": "2026-01-11T22:58:19.288444Z"}
ingestion-worker-file-1  | {"event": "Loading plugin 'docling_defaults'", "logger": "docling.models.factories.base_factory", "level": "info", "timestamp": "2026-01-11T22:58:19.292341Z"}
ingestion-worker-file-1  | {"event": "Registered layout engines: ['docling_layout_default', 'docling_experimental_table_crops_layout']", "logger": "docling.models.factories", "level": "info", "timestamp": "2026-01-11T22:58:19.293386Z"}
ingestion-worker-file-1  | {"event": "Accelerator device: 'cpu'", "logger": "docling.utils.accelerator_utils", "level": "info", "timestamp": "2026-01-11T22:58:20.077779Z"}
ingestion-worker-file-1  | {"event": "[nsqd:4150:ingest.task.file:worker] received heartbeat", "logger": "nsq.client", "level": "info", "timestamp": "2026-01-11T22:58:30.923613Z"}
ingestion-worker-file-1  | {"event": "Loading plugin 'docling_defaults'", "logger": "docling.models.factories.base_factory", "level": "info", "timestamp": "2026-01-11T22:58:37.423781Z"}
ingestion-worker-file-1  | {"event": "Registered table structure engines: ['docling_tableformer']", "logger": "docling.models.factories", "level": "info", "timestamp": "2026-01-11T22:58:37.424193Z"}
ingestion-worker-file-1  | {"event": "[nsqd:4150:ingest.task.file:worker] received heartbeat", "logger": "nsq.client", "level": "info", "timestamp": "2026-01-11T22:59:00.922697Z"}
ingestion-worker-file-1  | {"event": "Accelerator device: 'cpu'", "logger": "docling.utils.accelerator_utils", "level": "info", "timestamp": "2026-01-11T22:59:08.718143Z"}
ingestion-worker-file-1  | {"event": "Processing document fb8b9062-4596-403f-8047-fc2448382968_RESTful_Web_Services.pdf", "logger": "docling.pipeline.base_pipeline", "level": "info", "timestamp": "2026-01-11T22:59:08.910261Z"}
ingestion-worker-file-1  | {"event": "[nsqd:4150:ingest.task.file:worker] received heartbeat", "logger": "nsq.client", "level": "info", "timestamp": "2026-01-11T22:59:30.923377Z"}
ingestion-worker-file-1  | {"event": "[nsqd:4150:ingest.task.file:worker] received heartbeat", "logger": "nsq.client", "level": "info", "timestamp": "2026-01-11T23:00:00.922976Z"}
ingestion-worker-file-1  | {"event": "[nsqd:4150:ingest.task.file:worker] received heartbeat", "logger": "nsq.client", "level": "info", "timestamp": "2026-01-11T23:00:30.923336Z"}
