frontend-1               | 172.20.0.1 - - [11/Jan/2026:23:01:10 +0000] "GET /api/sources/2944f3a9-3109-4b0c-80f9-5081ea2acc51?exclude_chunks=true HTTP/1.1" 200 248 "http://localhost:3000/sources/2944f3a9-3109-4b0c-80f9-5081ea2acc51" "Mozilla/5.0 (X11; Linux x86_64) AppleWebKit/537.36 (KHTML, like Gecko) Chrome/143.0.0.0 Safari/537.36" "-"
backend-1                | {"time":"2026-01-12T00:13:56.617266945Z","level":"INFO","msg":"request completed","method":"GET","path":"/sources/2c696c8e-d61c-4d72-b563-62a17428fea2/pages","correlation_id":"61062e5f-ce4e-4306-a95d-6e37e6de1783","duration":176704}
frontend-1               | 172.20.0.1 - - [11/Jan/2026:23:01:10 +0000] "GET /api/sources/2944f3a9-3109-4b0c-80f9-5081ea2acc51/pages HTTP/1.1" 200 7718 "http://localhost:3000/sources/2944f3a9-3109-4b0c-80f9-5081ea2acc51" "Mozilla/5.0 (X11; Linux x86_64) AppleWebKit/537.36 (KHTML, like Gecko) Chrome/143.0.0.0 Safari/537.36" "-"
ingestion-worker-file-1  | {"event": "[nsqd:4150:ingest.task.file:worker] received heartbeat", "logger": "nsq.client", "level": "info", "timestamp": "2026-01-11T23:37:30.922990Z"}
ingestion-worker-file-1  | {"event": "[nsqd:4150:ingest.task.file:worker] received heartbeat", "logger": "nsq.client", "level": "info", "timestamp": "2026-01-11T23:38:00.922901Z"}
ingestion-worker-file-1  | {"event": "[nsqd:4150:ingest.task.file:worker] received heartbeat", "logger": "nsq.client", "level": "info", "timestamp": "2026-01-11T23:38:30.922704Z"}
ingestion-worker-file-1  | {"event": "[nsqd:4150:ingest.task.file:worker] received heartbeat", "logger": "nsq.client", "level": "info", "timestamp": "2026-01-11T23:39:00.923242Z"}
ingestion-worker-file-1  | {"event": "[nsqd:4150:ingest.task.file:worker] received heartbeat", "logger": "nsq.client", "level": "info", "timestamp": "2026-01-11T23:39:30.922959Z"}
ingestion-worker-file-1  | {"event": "[nsqd:4150:ingest.task.file:worker] received heartbeat", "logger": "nsq.client", "level": "info", "timestamp": "2026-01-11T23:40:00.923181Z"}
ingestion-worker-file-1  | {"event": "[nsqd:4150:ingest.task.file:worker] received heartbeat", "logger": "nsq.client", "level": "info", "timestamp": "2026-01-11T23:40:30.922757Z"}
ingestion-worker-file-1  | {"event": "[nsqd:4150:ingest.task.file:worker] received heartbeat", "logger": "nsq.client", "level": "info", "timestamp": "2026-01-11T23:41:00.923974Z"}
ingestion-worker-file-1  | {"event": "[nsqd:4150:ingest.task.file:worker] received heartbeat", "logger": "nsq.client", "level": "info", "timestamp": "2026-01-11T23:41:30.923193Z"}
ingestion-worker-file-1  | {"event": "[nsqd:4150:ingest.task.file:worker] received heartbeat", "logger": "nsq.client", "level": "info", "timestamp": "2026-01-11T23:42:00.922970Z"}
ingestion-worker-file-1  | {"event": "[nsqd:4150:ingest.task.file:worker] received heartbeat", "logger": "nsq.client", "level": "info", "timestamp": "2026-01-11T23:42:30.923474Z"}
ingestion-worker-file-1  | {"event": "[nsqd:4150:ingest.task.file:worker] received heartbeat", "logger": "nsq.client", "level": "info", "timestamp": "2026-01-11T23:43:00.923010Z"}
ingestion-worker-file-1  | {"event": "[nsqd:4150:ingest.task.file:worker] received heartbeat", "logger": "nsq.client", "level": "info", "timestamp": "2026-01-11T23:43:30.923697Z"}
ingestion-worker-file-1  | {"event": "[nsqd:4150:ingest.task.file:worker] received heartbeat", "logger": "nsq.client", "level": "info", "timestamp": "2026-01-11T23:44:00.923551Z"}
ingestion-worker-file-1  | {"event": "[nsqd:4150:ingest.task.file:worker] received heartbeat", "logger": "nsq.client", "level": "info", "timestamp": "2026-01-11T23:44:30.923508Z"}
ingestion-worker-file-1  | {"event": "[nsqd:4150:ingest.task.file:worker] received heartbeat", "logger": "nsq.client", "level": "info", "timestamp": "2026-01-11T23:45:00.923564Z"}
ingestion-worker-file-1  | {"event": "[nsqd:4150:ingest.task.file:worker] received heartbeat", "logger": "nsq.client", "level": "info", "timestamp": "2026-01-11T23:45:30.923568Z"}
ingestion-worker-file-1  | {"event": "[nsqd:4150:ingest.task.file:worker] received heartbeat", "logger": "nsq.client", "level": "info", "timestamp": "2026-01-11T23:46:00.922968Z"}
ingestion-worker-file-1  | {"event": "[nsqd:4150:ingest.task.file:worker] received heartbeat", "logger": "nsq.client", "level": "info", "timestamp": "2026-01-11T23:46:30.923663Z"}
ingestion-worker-file-1  | {"event": "[nsqd:4150:ingest.task.file:worker] received heartbeat", "logger": "nsq.client", "level": "info", "timestamp": "2026-01-11T23:47:00.923158Z"}
ingestion-worker-file-1  | {"event": "[nsqd:4150:ingest.task.file:worker] received heartbeat", "logger": "nsq.client", "level": "info", "timestamp": "2026-01-11T23:47:30.923012Z"}
ingestion-worker-file-1  | {"event": "[nsqd:4150:ingest.task.file:worker] received heartbeat", "logger": "nsq.client", "level": "info", "timestamp": "2026-01-11T23:48:00.923528Z"}
nsqlookupd-1             | [nsqlookupd] 2026/01/11 23:18:54.618422 INFO: CLIENT(172.20.0.5:45508): pinged (last ping 15.000161173s)
backend-1                | {"time":"2026-01-12T00:13:58.61455958Z","level":"INFO","msg":"request received","method":"GET","path":"/sources/2c696c8e-d61c-4d72-b563-62a17428fea2","correlation_id":"04a252b8-27c6-450c-bb3d-e592b4c40ccb"}
backend-1                | {"time":"2026-01-12T00:13:58.615356275Z","level":"INFO","msg":"request completed","method":"GET","path":"/sources/2c696c8e-d61c-4d72-b563-62a17428fea2","correlation_id":"04a252b8-27c6-450c-bb3d-e592b4c40ccb","duration":779582}
backend-1                | {"time":"2026-01-12T00:13:58.617305456Z","level":"INFO","msg":"request received","method":"GET","path":"/sources/2c696c8e-d61c-4d72-b563-62a17428fea2/pages","correlation_id":"d7dc8388-26d0-41ad-851c-a364f39e94f5"}
nsqlookupd-1             | [nsqlookupd] 2026/01/11 23:19:04.833880 INFO: 200 GET /lookup?topic=ingest.task.web (172.20.0.8:41620) 7.223µs
nsqlookupd-1             | [nsqlookupd] 2026/01/11 23:19:09.617641 INFO: CLIENT(172.20.0.5:45508): pinged (last ping 14.999218635s)
nsqlookupd-1             | [nsqlookupd] 2026/01/11 23:19:11.287570 INFO: 200 GET /lookup?topic=ingest.result (172.20.0.6:43782) 12.904µs
backend-1                | {"time":"2026-01-12T00:13:58.617499863Z","level":"INFO","msg":"request completed","method":"GET","path":"/sources/2c696c8e-d61c-4d72-b563-62a17428fea2/pages","correlation_id":"d7dc8388-26d0-41ad-851c-a364f39e94f5","duration":185160}
nsqd-1                   | [nsqd] 2026/01/11 23:42:09.567379 INFO: 200 GET /ping ([::1]:56738) 911ns
frontend-1               | 172.20.0.1 - - [11/Jan/2026:23:01:12 +0000] "GET /api/sources/2944f3a9-3109-4b0c-80f9-5081ea2acc51?exclude_chunks=true HTTP/1.1" 200 248 "http://localhost:3000/sources/2944f3a9-3109-4b0c-80f9-5081ea2acc51" "Mozilla/5.0 (X11; Linux x86_64) AppleWebKit/537.36 (KHTML, like Gecko) Chrome/143.0.0.0 Safari/537.36" "-"
frontend-1               | 172.20.0.1 - - [11/Jan/2026:23:01:12 +0000] "GET /api/sources/2944f3a9-3109-4b0c-80f9-5081ea2acc51/pages HTTP/1.1" 200 7718 "http://localhost:3000/sources/2944f3a9-3109-4b0c-80f9-5081ea2acc51" "Mozilla/5.0 (X11; Linux x86_64) AppleWebKit/537.36 (KHTML, like Gecko) Chrome/143.0.0.0 Safari/537.36" "-"
frontend-1               | 172.20.0.1 - - [11/Jan/2026:23:01:14 +0000] "GET /api/sources/2944f3a9-3109-4b0c-80f9-5081ea2acc51?exclude_chunks=true HTTP/1.1" 200 248 "http://localhost:3000/sources/2944f3a9-3109-4b0c-80f9-5081ea2acc51" "Mozilla/5.0 (X11; Linux x86_64) AppleWebKit/537.36 (KHTML, like Gecko) Chrome/143.0.0.0 Safari/537.36" "-"
frontend-1               | 172.20.0.1 - - [11/Jan/2026:23:01:14 +0000] "GET /api/sources/2944f3a9-3109-4b0c-80f9-5081ea2acc51/pages HTTP/1.1" 200 7718 "http://localhost:3000/sources/2944f3a9-3109-4b0c-80f9-5081ea2acc51" "Mozilla/5.0 (X11; Linux x86_64) AppleWebKit/537.36 (KHTML, like Gecko) Chrome/143.0.0.0 Safari/537.36" "-"
frontend-1               | 172.20.0.1 - - [11/Jan/2026:23:01:16 +0000] "GET /api/sources/2944f3a9-3109-4b0c-80f9-5081ea2acc51?exclude_chunks=true HTTP/1.1" 200 248 "http://localhost:3000/sources/2944f3a9-3109-4b0c-80f9-5081ea2acc51" "Mozilla/5.0 (X11; Linux x86_64) AppleWebKit/537.36 (KHTML, like Gecko) Chrome/143.0.0.0 Safari/537.36" "-"
frontend-1               | 172.20.0.1 - - [11/Jan/2026:23:01:16 +0000] "GET /api/sources/2944f3a9-3109-4b0c-80f9-5081ea2acc51/pages HTTP/1.1" 200 7718 "http://localhost:3000/sources/2944f3a9-3109-4b0c-80f9-5081ea2acc51" "Mozilla/5.0 (X11; Linux x86_64) AppleWebKit/537.36 (KHTML, like Gecko) Chrome/143.0.0.0 Safari/537.36" "-"
frontend-1               | 172.20.0.1 - - [11/Jan/2026:23:01:18 +0000] "GET /api/sources/2944f3a9-3109-4b0c-80f9-5081ea2acc51?exclude_chunks=true HTTP/1.1" 200 248 "http://localhost:3000/sources/2944f3a9-3109-4b0c-80f9-5081ea2acc51" "Mozilla/5.0 (X11; Linux x86_64) AppleWebKit/537.36 (KHTML, like Gecko) Chrome/143.0.0.0 Safari/537.36" "-"
frontend-1               | 172.20.0.1 - - [11/Jan/2026:23:01:18 +0000] "GET /api/sources/2944f3a9-3109-4b0c-80f9-5081ea2acc51/pages HTTP/1.1" 200 7718 "http://localhost:3000/sources/2944f3a9-3109-4b0c-80f9-5081ea2acc51" "Mozilla/5.0 (X11; Linux x86_64) AppleWebKit/537.36 (KHTML, like Gecko) Chrome/143.0.0.0 Safari/537.36" "-"
frontend-1               | 172.20.0.1 - - [11/Jan/2026:23:01:20 +0000] "GET /api/sources/2944f3a9-3109-4b0c-80f9-5081ea2acc51?exclude_chunks=true HTTP/1.1" 200 248 "http://localhost:3000/sources/2944f3a9-3109-4b0c-80f9-5081ea2acc51" "Mozilla/5.0 (X11; Linux x86_64) AppleWebKit/537.36 (KHTML, like Gecko) Chrome/143.0.0.0 Safari/537.36" "-"
frontend-1               | 172.20.0.1 - - [11/Jan/2026:23:01:20 +0000] "GET /api/sources/2944f3a9-3109-4b0c-80f9-5081ea2acc51/pages HTTP/1.1" 200 7718 "http://localhost:3000/sources/2944f3a9-3109-4b0c-80f9-5081ea2acc51" "Mozilla/5.0 (X11; Linux x86_64) AppleWebKit/537.36 (KHTML, like Gecko) Chrome/143.0.0.0 Safari/537.36" "-"
frontend-1               | 172.20.0.1 - - [11/Jan/2026:23:01:22 +0000] "GET /api/sources/2944f3a9-3109-4b0c-80f9-5081ea2acc51?exclude_chunks=true HTTP/1.1" 200 248 "http://localhost:3000/sources/2944f3a9-3109-4b0c-80f9-5081ea2acc51" "Mozilla/5.0 (X11; Linux x86_64) AppleWebKit/537.36 (KHTML, like Gecko) Chrome/143.0.0.0 Safari/537.36" "-"
frontend-1               | 172.20.0.1 - - [11/Jan/2026:23:01:22 +0000] "GET /api/sources/2944f3a9-3109-4b0c-80f9-5081ea2acc51/pages HTTP/1.1" 200 7718 "http://localhost:3000/sources/2944f3a9-3109-4b0c-80f9-5081ea2acc51" "Mozilla/5.0 (X11; Linux x86_64) AppleWebKit/537.36 (KHTML, like Gecko) Chrome/143.0.0.0 Safari/537.36" "-"
frontend-1               | 172.20.0.1 - - [11/Jan/2026:23:01:24 +0000] "GET /api/sources/2944f3a9-3109-4b0c-80f9-5081ea2acc51?exclude_chunks=true HTTP/1.1" 200 248 "http://localhost:3000/sources/2944f3a9-3109-4b0c-80f9-5081ea2acc51" "Mozilla/5.0 (X11; Linux x86_64) AppleWebKit/537.36 (KHTML, like Gecko) Chrome/143.0.0.0 Safari/537.36" "-"
frontend-1               | 172.20.0.1 - - [11/Jan/2026:23:01:24 +0000] "GET /api/sources/2944f3a9-3109-4b0c-80f9-5081ea2acc51/pages HTTP/1.1" 200 7718 "http://localhost:3000/sources/2944f3a9-3109-4b0c-80f9-5081ea2acc51" "Mozilla/5.0 (X11; Linux x86_64) AppleWebKit/537.36 (KHTML, like Gecko) Chrome/143.0.0.0 Safari/537.36" "-"
frontend-1               | 172.20.0.1 - - [11/Jan/2026:23:01:26 +0000] "GET /api/sources/2944f3a9-3109-4b0c-80f9-5081ea2acc51?exclude_chunks=true HTTP/1.1" 200 248 "http://localhost:3000/sources/2944f3a9-3109-4b0c-80f9-5081ea2acc51" "Mozilla/5.0 (X11; Linux x86_64) AppleWebKit/537.36 (KHTML, like Gecko) Chrome/143.0.0.0 Safari/537.36" "-"
frontend-1               | 172.20.0.1 - - [11/Jan/2026:23:01:26 +0000] "GET /api/sources/2944f3a9-3109-4b0c-80f9-5081ea2acc51/pages HTTP/1.1" 200 7718 "http://localhost:3000/sources/2944f3a9-3109-4b0c-80f9-5081ea2acc51" "Mozilla/5.0 (X11; Linux x86_64) AppleWebKit/537.36 (KHTML, like Gecko) Chrome/143.0.0.0 Safari/537.36" "-"
frontend-1               | 172.20.0.1 - - [11/Jan/2026:23:01:28 +0000] "GET /api/sources/2944f3a9-3109-4b0c-80f9-5081ea2acc51?exclude_chunks=true HTTP/1.1" 200 248 "http://localhost:3000/sources/2944f3a9-3109-4b0c-80f9-5081ea2acc51" "Mozilla/5.0 (X11; Linux x86_64) AppleWebKit/537.36 (KHTML, like Gecko) Chrome/143.0.0.0 Safari/537.36" "-"
frontend-1               | 172.20.0.1 - - [11/Jan/2026:23:01:28 +0000] "GET /api/sources/2944f3a9-3109-4b0c-80f9-5081ea2acc51/pages HTTP/1.1" 200 7718 "http://localhost:3000/sources/2944f3a9-3109-4b0c-80f9-5081ea2acc51" "Mozilla/5.0 (X11; Linux x86_64) AppleWebKit/537.36 (KHTML, like Gecko) Chrome/143.0.0.0 Safari/537.36" "-"
frontend-1               | 172.20.0.1 - - [11/Jan/2026:23:01:30 +0000] "GET /api/sources/2944f3a9-3109-4b0c-80f9-5081ea2acc51?exclude_chunks=true HTTP/1.1" 200 248 "http://localhost:3000/sources/2944f3a9-3109-4b0c-80f9-5081ea2acc51" "Mozilla/5.0 (X11; Linux x86_64) AppleWebKit/537.36 (KHTML, like Gecko) Chrome/143.0.0.0 Safari/537.36" "-"
frontend-1               | 172.20.0.1 - - [11/Jan/2026:23:01:30 +0000] "GET /api/sources/2944f3a9-3109-4b0c-80f9-5081ea2acc51/pages HTTP/1.1" 200 7718 "http://localhost:3000/sources/2944f3a9-3109-4b0c-80f9-5081ea2acc51" "Mozilla/5.0 (X11; Linux x86_64) AppleWebKit/537.36 (KHTML, like Gecko) Chrome/143.0.0.0 Safari/537.36" "-"
frontend-1               | 172.20.0.1 - - [11/Jan/2026:23:01:32 +0000] "GET /api/sources/2944f3a9-3109-4b0c-80f9-5081ea2acc51?exclude_chunks=true HTTP/1.1" 200 248 "http://localhost:3000/sources/2944f3a9-3109-4b0c-80f9-5081ea2acc51" "Mozilla/5.0 (X11; Linux x86_64) AppleWebKit/537.36 (KHTML, like Gecko) Chrome/143.0.0.0 Safari/537.36" "-"
frontend-1               | 172.20.0.1 - - [11/Jan/2026:23:01:32 +0000] "GET /api/sources/2944f3a9-3109-4b0c-80f9-5081ea2acc51/pages HTTP/1.1" 200 7718 "http://localhost:3000/sources/2944f3a9-3109-4b0c-80f9-5081ea2acc51" "Mozilla/5.0 (X11; Linux x86_64) AppleWebKit/537.36 (KHTML, like Gecko) Chrome/143.0.0.0 Safari/537.36" "-"
frontend-1               | 172.20.0.1 - - [11/Jan/2026:23:01:34 +0000] "GET /api/sources/2944f3a9-3109-4b0c-80f9-5081ea2acc51?exclude_chunks=true HTTP/1.1" 200 248 "http://localhost:3000/sources/2944f3a9-3109-4b0c-80f9-5081ea2acc51" "Mozilla/5.0 (X11; Linux x86_64) AppleWebKit/537.36 (KHTML, like Gecko) Chrome/143.0.0.0 Safari/537.36" "-"
frontend-1               | 172.20.0.1 - - [11/Jan/2026:23:01:34 +0000] "GET /api/sources/2944f3a9-3109-4b0c-80f9-5081ea2acc51/pages HTTP/1.1" 200 7718 "http://localhost:3000/sources/2944f3a9-3109-4b0c-80f9-5081ea2acc51" "Mozilla/5.0 (X11; Linux x86_64) AppleWebKit/537.36 (KHTML, like Gecko) Chrome/143.0.0.0 Safari/537.36" "-"
frontend-1               | 172.20.0.1 - - [11/Jan/2026:23:01:36 +0000] "GET /api/sources/2944f3a9-3109-4b0c-80f9-5081ea2acc51?exclude_chunks=true HTTP/1.1" 200 248 "http://localhost:3000/sources/2944f3a9-3109-4b0c-80f9-5081ea2acc51" "Mozilla/5.0 (X11; Linux x86_64) AppleWebKit/537.36 (KHTML, like Gecko) Chrome/143.0.0.0 Safari/537.36" "-"
frontend-1               | 172.20.0.1 - - [11/Jan/2026:23:01:36 +0000] "GET /api/sources/2944f3a9-3109-4b0c-80f9-5081ea2acc51/pages HTTP/1.1" 200 7718 "http://localhost:3000/sources/2944f3a9-3109-4b0c-80f9-5081ea2acc51" "Mozilla/5.0 (X11; Linux x86_64) AppleWebKit/537.36 (KHTML, like Gecko) Chrome/143.0.0.0 Safari/537.36" "-"
frontend-1               | 172.20.0.1 - - [11/Jan/2026:23:01:38 +0000] "GET /api/sources/2944f3a9-3109-4b0c-80f9-5081ea2acc51?exclude_chunks=true HTTP/1.1" 200 248 "http://localhost:3000/sources/2944f3a9-3109-4b0c-80f9-5081ea2acc51" "Mozilla/5.0 (X11; Linux x86_64) AppleWebKit/537.36 (KHTML, like Gecko) Chrome/143.0.0.0 Safari/537.36" "-"
frontend-1               | 172.20.0.1 - - [11/Jan/2026:23:01:38 +0000] "GET /api/sources/2944f3a9-3109-4b0c-80f9-5081ea2acc51/pages HTTP/1.1" 200 7718 "http://localhost:3000/sources/2944f3a9-3109-4b0c-80f9-5081ea2acc51" "Mozilla/5.0 (X11; Linux x86_64) AppleWebKit/537.36 (KHTML, like Gecko) Chrome/143.0.0.0 Safari/537.36" "-"
nsqd-1                   | [nsqd] 2026/01/11 23:42:14.604367 INFO: 200 GET /ping ([::1]:54388) 992ns
ingestion-worker-file-1  | {"event": "[nsqd:4150:ingest.task.file:worker] received heartbeat", "logger": "nsq.client", "level": "info", "timestamp": "2026-01-11T23:48:30.923541Z"}
nsqd-1                   | [nsqd] 2026/01/11 23:42:19.644435 INFO: 200 GET /ping ([::1]:42966) 902ns
ingestion-worker-web-1   | | ✓ | ⏱: 38.17s 
nsqlookupd-1             | [nsqlookupd] 2026/01/11 23:19:18.297558 INFO: 200 GET /lookup?topic=ingest.task.file (172.20.0.7:52206) 14.707µs
ingestion-worker-web-1   | [92m23:10:12 - LiteLLM:INFO[0m: utils.py:3748 - 
ingestion-worker-web-1   | LiteLLM completion() model= gemini-3-flash-preview; provider = gemini
ingestion-worker-web-1   | {"event": "\nLiteLLM completion() model= gemini-3-flash-preview; provider = gemini", "logger": "LiteLLM", "level": "info", "timestamp": "2026-01-11T23:10:12.018571Z"}
nsqlookupd-1             | [nsqlookupd] 2026/01/11 23:19:24.618569 INFO: CLIENT(172.20.0.5:45508): pinged (last ping 15.000928932s)
ingestion-worker-file-1  | {"event": "[nsqd:4150:ingest.task.file:worker] received heartbeat", "logger": "nsq.client", "level": "info", "timestamp": "2026-01-11T23:49:00.922666Z"}
nsqlookupd-1             | [nsqlookupd] 2026/01/11 23:19:39.618581 INFO: CLIENT(172.20.0.5:45508): pinged (last ping 15.000011159s)
ingestion-worker-file-1  | {"event": "[nsqd:4150:ingest.task.file:worker] received heartbeat", "logger": "nsq.client", "level": "info", "timestamp": "2026-01-11T23:49:30.922905Z"}
backend-1                | {"time":"2026-01-12T00:14:00.614569988Z","level":"INFO","msg":"request received","method":"GET","path":"/sources/2c696c8e-d61c-4d72-b563-62a17428fea2","correlation_id":"26f8ec30-f759-4d6f-b6d1-ceaae6c21b18"}
nsqlookupd-1             | [nsqlookupd] 2026/01/11 23:19:54.617643 INFO: CLIENT(172.20.0.5:45508): pinged (last ping 14.999062256s)
backend-1                | {"time":"2026-01-12T00:14:00.615460159Z","level":"INFO","msg":"request completed","method":"GET","path":"/sources/2c696c8e-d61c-4d72-b563-62a17428fea2","correlation_id":"26f8ec30-f759-4d6f-b6d1-ceaae6c21b18","duration":875123}
nsqd-1                   | [nsqd] 2026/01/11 23:42:24.684745 INFO: 200 GET /ping ([::1]:42968) 1.002µs
backend-1                | {"time":"2026-01-12T00:14:00.617198171Z","level":"INFO","msg":"request received","method":"GET","path":"/sources/2c696c8e-d61c-4d72-b563-62a17428fea2/pages","correlation_id":"45c13295-fdfc-4a16-ae6b-1037d0fa5c56"}
backend-1                | {"time":"2026-01-12T00:14:00.617408859Z","level":"INFO","msg":"request completed","method":"GET","path":"/sources/2c696c8e-d61c-4d72-b563-62a17428fea2/pages","correlation_id":"45c13295-fdfc-4a16-ae6b-1037d0fa5c56","duration":202051}
nsqd-1                   | [nsqd] 2026/01/11 23:42:29.715591 INFO: 200 GET /ping ([::1]:44676) 992ns
nsqd-1                   | [nsqd] 2026/01/11 23:42:34.755678 INFO: 200 GET /ping ([::1]:44684) 1.042µs
nsqd-1                   | [nsqd] 2026/01/11 23:42:39.782540 INFO: 200 GET /ping ([::1]:33364) 1.092µs
nsqd-1                   | [nsqd] 2026/01/11 23:42:44.822223 INFO: 200 GET /ping ([::1]:33368) 982ns
nsqd-1                   | [nsqd] 2026/01/11 23:42:49.852231 INFO: 200 GET /ping ([::1]:44388) 992ns
nsqd-1                   | [nsqd] 2026/01/11 23:42:54.892716 INFO: 200 GET /ping ([::1]:44398) 1.002µs
nsqd-1                   | [nsqd] 2026/01/11 23:42:59.921216 INFO: 200 GET /ping ([::1]:34152) 942ns
nsqd-1                   | [nsqd] 2026/01/11 23:43:04.955454 INFO: 200 GET /ping ([::1]:34164) 851ns
nsqd-1                   | [nsqd] 2026/01/11 23:43:09.992358 INFO: 200 GET /ping ([::1]:33930) 841ns
nsqd-1                   | [nsqd] 2026/01/11 23:43:15.031235 INFO: 200 GET /ping ([::1]:33942) 892ns
nsqd-1                   | [nsqd] 2026/01/11 23:43:20.065912 INFO: 200 GET /ping ([::1]:45362) 912ns
nsqd-1                   | [nsqd] 2026/01/11 23:43:25.106129 INFO: 200 GET /ping ([::1]:45364) 1.012µs
nsqd-1                   | [nsqd] 2026/01/11 23:43:30.141720 INFO: 200 GET /ping ([::1]:35412) 771ns
backend-1                | {"time":"2026-01-12T00:14:02.614556471Z","level":"INFO","msg":"request received","method":"GET","path":"/sources/2c696c8e-d61c-4d72-b563-62a17428fea2","correlation_id":"4c159cfe-2cb3-452f-a5fd-e5cc21f93b64"}
nsqlookupd-1             | [nsqlookupd] 2026/01/11 23:20:04.818710 INFO: 200 GET /lookup?topic=ingest.task.web (172.20.0.8:44862) 44.033µs
backend-1                | {"time":"2026-01-12T00:14:02.615335923Z","level":"INFO","msg":"request completed","method":"GET","path":"/sources/2c696c8e-d61c-4d72-b563-62a17428fea2","correlation_id":"4c159cfe-2cb3-452f-a5fd-e5cc21f93b64","duration":764303}
nsqlookupd-1             | [nsqlookupd] 2026/01/11 23:20:09.618526 INFO: CLIENT(172.20.0.5:45508): pinged (last ping 15.000883489s)
nsqlookupd-1             | [nsqlookupd] 2026/01/11 23:20:11.287736 INFO: 200 GET /lookup?topic=ingest.result (172.20.0.6:43782) 6.963µs
nsqd-1                   | [nsqd] 2026/01/11 23:43:35.179367 INFO: 200 GET /ping ([::1]:35422) 962ns
ingestion-worker-web-1   | [92m23:10:12 - LiteLLM:INFO[0m: vertex_and_google_ai_studio_gemini.py:909 - Warning: Setting temperature < 1.0 for Gemini 3 models (gemini-3-flash-preview) can cause infinite loops, degraded reasoning performance, and failure on complex tasks. Strongly recommended to use temperature = 1.0 (default).
nsqd-1                   | [nsqd] 2026/01/11 23:43:40.209308 INFO: 200 GET /ping ([::1]:50358) 942ns
ingestion-worker-web-1   | {"event": "Warning: Setting temperature < 1.0 for Gemini 3 models (gemini-3-flash-preview) can cause infinite loops, degraded reasoning performance, and failure on complex tasks. Strongly recommended to use temperature = 1.0 (default).", "logger": "LiteLLM", "level": "info", "timestamp": "2026-01-11T23:10:12.018739Z"}
frontend-1               | 172.20.0.1 - - [11/Jan/2026:23:01:40 +0000] "GET /api/sources/2944f3a9-3109-4b0c-80f9-5081ea2acc51?exclude_chunks=true HTTP/1.1" 200 248 "http://localhost:3000/sources/2944f3a9-3109-4b0c-80f9-5081ea2acc51" "Mozilla/5.0 (X11; Linux x86_64) AppleWebKit/537.36 (KHTML, like Gecko) Chrome/143.0.0.0 Safari/537.36" "-"
ingestion-worker-file-1  | {"event": "[nsqd:4150:ingest.task.file:worker] received heartbeat", "logger": "nsq.client", "level": "info", "timestamp": "2026-01-11T23:50:00.923578Z"}
ingestion-worker-file-1  | {"event": "[nsqd:4150:ingest.task.file:worker] received heartbeat", "logger": "nsq.client", "level": "info", "timestamp": "2026-01-11T23:50:30.923215Z"}
ingestion-worker-file-1  | {"event": "[nsqd:4150:ingest.task.file:worker] received heartbeat", "logger": "nsq.client", "level": "info", "timestamp": "2026-01-11T23:51:00.923024Z"}
ingestion-worker-file-1  | {"event": "[nsqd:4150:ingest.task.file:worker] received heartbeat", "logger": "nsq.client", "level": "info", "timestamp": "2026-01-11T23:51:30.922677Z"}
ingestion-worker-file-1  | {"event": "[nsqd:4150:ingest.task.file:worker] received heartbeat", "logger": "nsq.client", "level": "info", "timestamp": "2026-01-11T23:52:00.923093Z"}
ingestion-worker-file-1  | {"event": "[nsqd:4150:ingest.task.file:worker] received heartbeat", "logger": "nsq.client", "level": "info", "timestamp": "2026-01-11T23:52:30.923533Z"}
ingestion-worker-file-1  | {"event": "[nsqd:4150:ingest.task.file:worker] received heartbeat", "logger": "nsq.client", "level": "info", "timestamp": "2026-01-11T23:53:00.922875Z"}
ingestion-worker-file-1  | {"event": "[nsqd:4150:ingest.task.file:worker] received heartbeat", "logger": "nsq.client", "level": "info", "timestamp": "2026-01-11T23:53:30.923147Z"}
ingestion-worker-file-1  | {"event": "[nsqd:4150:ingest.task.file:worker] received heartbeat", "logger": "nsq.client", "level": "info", "timestamp": "2026-01-11T23:54:00.923312Z"}
ingestion-worker-file-1  | {"event": "[nsqd:4150:ingest.task.file:worker] received heartbeat", "logger": "nsq.client", "level": "info", "timestamp": "2026-01-11T23:54:30.923038Z"}
ingestion-worker-file-1  | {"event": "[nsqd:4150:ingest.task.file:worker] received heartbeat", "logger": "nsq.client", "level": "info", "timestamp": "2026-01-11T23:55:00.923464Z"}
ingestion-worker-file-1  | {"event": "[nsqd:4150:ingest.task.file:worker] received heartbeat", "logger": "nsq.client", "level": "info", "timestamp": "2026-01-11T23:55:30.923106Z"}
ingestion-worker-file-1  | {"event": "[nsqd:4150:ingest.task.file:worker] received heartbeat", "logger": "nsq.client", "level": "info", "timestamp": "2026-01-11T23:56:00.923607Z"}
ingestion-worker-file-1  | {"event": "[nsqd:4150:ingest.task.file:worker] received heartbeat", "logger": "nsq.client", "level": "info", "timestamp": "2026-01-11T23:56:30.923055Z"}
ingestion-worker-file-1  | {"event": "[nsqd:4150:ingest.task.file:worker] received heartbeat", "logger": "nsq.client", "level": "info", "timestamp": "2026-01-11T23:57:00.923112Z"}
nsqd-1                   | [nsqd] 2026/01/11 23:43:45.251729 INFO: 200 GET /ping ([::1]:50374) 832ns
nsqd-1                   | [nsqd] 2026/01/11 23:43:50.290186 INFO: 200 GET /ping ([::1]:44116) 832ns
ingestion-worker-file-1  | {"event": "[nsqd:4150:ingest.task.file:worker] received heartbeat", "logger": "nsq.client", "level": "info", "timestamp": "2026-01-11T23:57:30.923361Z"}
ingestion-worker-file-1  | {"event": "[nsqd:4150:ingest.task.file:worker] received heartbeat", "logger": "nsq.client", "level": "info", "timestamp": "2026-01-11T23:58:00.922728Z"}
ingestion-worker-file-1  | {"event": "[nsqd:4150:ingest.task.file:worker] received heartbeat", "logger": "nsq.client", "level": "info", "timestamp": "2026-01-11T23:58:30.922870Z"}
backend-1                | {"time":"2026-01-12T00:14:02.61710319Z","level":"INFO","msg":"request received","method":"GET","path":"/sources/2c696c8e-d61c-4d72-b563-62a17428fea2/pages","correlation_id":"c7121361-0107-41e4-a763-77a5ecaa6a91"}
backend-1                | {"time":"2026-01-12T00:14:02.617286356Z","level":"INFO","msg":"request completed","method":"GET","path":"/sources/2c696c8e-d61c-4d72-b563-62a17428fea2/pages","correlation_id":"c7121361-0107-41e4-a763-77a5ecaa6a91","duration":174890}
backend-1                | {"time":"2026-01-12T00:14:04.614750266Z","level":"INFO","msg":"request received","method":"GET","path":"/sources/2c696c8e-d61c-4d72-b563-62a17428fea2","correlation_id":"046f45d3-a66f-4446-bf27-524416f9437c"}
backend-1                | {"time":"2026-01-12T00:14:04.615543494Z","level":"INFO","msg":"request completed","method":"GET","path":"/sources/2c696c8e-d61c-4d72-b563-62a17428fea2","correlation_id":"046f45d3-a66f-4446-bf27-524416f9437c","duration":778670}
backend-1                | {"time":"2026-01-12T00:14:04.617329627Z","level":"INFO","msg":"request received","method":"GET","path":"/sources/2c696c8e-d61c-4d72-b563-62a17428fea2/pages","correlation_id":"71a1c109-5234-4671-8890-ae51f6a7ebb6"}
backend-1                | {"time":"2026-01-12T00:14:04.617523423Z","level":"INFO","msg":"request completed","method":"GET","path":"/sources/2c696c8e-d61c-4d72-b563-62a17428fea2/pages","correlation_id":"71a1c109-5234-4671-8890-ae51f6a7ebb6","duration":185020}
backend-1                | {"time":"2026-01-12T00:14:06.614788616Z","level":"INFO","msg":"request received","method":"GET","path":"/sources/2c696c8e-d61c-4d72-b563-62a17428fea2","correlation_id":"23ac2475-d9dd-4c11-b7e1-910086a51f1d"}
backend-1                | {"time":"2026-01-12T00:14:06.615683837Z","level":"INFO","msg":"request completed","method":"GET","path":"/sources/2c696c8e-d61c-4d72-b563-62a17428fea2","correlation_id":"23ac2475-d9dd-4c11-b7e1-910086a51f1d","duration":877868}
backend-1                | {"time":"2026-01-12T00:14:06.617406931Z","level":"INFO","msg":"request received","method":"GET","path":"/sources/2c696c8e-d61c-4d72-b563-62a17428fea2/pages","correlation_id":"1903597f-60f5-4017-ad2b-bdcbffd4294e"}
backend-1                | {"time":"2026-01-12T00:14:06.617584536Z","level":"INFO","msg":"request completed","method":"GET","path":"/sources/2c696c8e-d61c-4d72-b563-62a17428fea2/pages","correlation_id":"1903597f-60f5-4017-ad2b-bdcbffd4294e","duration":169830}
backend-1                | {"time":"2026-01-12T00:14:08.614555855Z","level":"INFO","msg":"request received","method":"GET","path":"/sources/2c696c8e-d61c-4d72-b563-62a17428fea2","correlation_id":"287d39d6-383d-42ae-b058-bb828638a6de"}
backend-1                | {"time":"2026-01-12T00:14:08.615323675Z","level":"INFO","msg":"request completed","method":"GET","path":"/sources/2c696c8e-d61c-4d72-b563-62a17428fea2","correlation_id":"287d39d6-383d-42ae-b058-bb828638a6de","duration":752922}
backend-1                | {"time":"2026-01-12T00:14:08.617064262Z","level":"INFO","msg":"request received","method":"GET","path":"/sources/2c696c8e-d61c-4d72-b563-62a17428fea2/pages","correlation_id":"f313e122-2595-48b7-adaa-73e0d484dd14"}
backend-1                | {"time":"2026-01-12T00:14:08.617271163Z","level":"INFO","msg":"request completed","method":"GET","path":"/sources/2c696c8e-d61c-4d72-b563-62a17428fea2/pages","correlation_id":"f313e122-2595-48b7-adaa-73e0d484dd14","duration":197944}
backend-1                | {"time":"2026-01-12T00:14:10.614656474Z","level":"INFO","msg":"request received","method":"GET","path":"/sources/2c696c8e-d61c-4d72-b563-62a17428fea2","correlation_id":"8441ec29-55e6-4ca4-8c32-95364a7b06ae"}
backend-1                | {"time":"2026-01-12T00:14:10.61544318Z","level":"INFO","msg":"request completed","method":"GET","path":"/sources/2c696c8e-d61c-4d72-b563-62a17428fea2","correlation_id":"8441ec29-55e6-4ca4-8c32-95364a7b06ae","duration":771326}
backend-1                | {"time":"2026-01-12T00:14:10.617241175Z","level":"INFO","msg":"request received","method":"GET","path":"/sources/2c696c8e-d61c-4d72-b563-62a17428fea2/pages","correlation_id":"2bcc6f44-2ff4-485b-b0ca-2758b7cd7c9a"}
backend-1                | {"time":"2026-01-12T00:14:10.617448186Z","level":"INFO","msg":"request completed","method":"GET","path":"/sources/2c696c8e-d61c-4d72-b563-62a17428fea2/pages","correlation_id":"2bcc6f44-2ff4-485b-b0ca-2758b7cd7c9a","duration":197944}
backend-1                | INF    2 [ingest.result/backend] querying nsqlookupd http://nsqlookupd:4161/lookup?topic=ingest.result
backend-1                | {"time":"2026-01-12T00:14:12.614595207Z","level":"INFO","msg":"request received","method":"GET","path":"/sources/2c696c8e-d61c-4d72-b563-62a17428fea2","correlation_id":"869d42fd-c257-415a-848a-a399ec871ea0"}
backend-1                | {"time":"2026-01-12T00:14:12.615379027Z","level":"INFO","msg":"request completed","method":"GET","path":"/sources/2c696c8e-d61c-4d72-b563-62a17428fea2","correlation_id":"869d42fd-c257-415a-848a-a399ec871ea0","duration":768882}
backend-1                | {"time":"2026-01-12T00:14:12.617088976Z","level":"INFO","msg":"request received","method":"GET","path":"/sources/2c696c8e-d61c-4d72-b563-62a17428fea2/pages","correlation_id":"799af895-e808-4741-99eb-59cfc80f3724"}
backend-1                | {"time":"2026-01-12T00:14:12.617272954Z","level":"INFO","msg":"request completed","method":"GET","path":"/sources/2c696c8e-d61c-4d72-b563-62a17428fea2/pages","correlation_id":"799af895-e808-4741-99eb-59cfc80f3724","duration":175601}
backend-1                | {"time":"2026-01-12T00:14:14.61465092Z","level":"INFO","msg":"request received","method":"GET","path":"/sources/2c696c8e-d61c-4d72-b563-62a17428fea2","correlation_id":"8bf97cab-3515-4acc-8d0f-577a2c4838ce"}
backend-1                | {"time":"2026-01-12T00:14:14.615691836Z","level":"INFO","msg":"request completed","method":"GET","path":"/sources/2c696c8e-d61c-4d72-b563-62a17428fea2","correlation_id":"8bf97cab-3515-4acc-8d0f-577a2c4838ce","duration":1023253}
nsqlookupd-1             | [nsqlookupd] 2026/01/11 23:20:18.291985 INFO: 200 GET /lookup?topic=ingest.task.file (172.20.0.7:45862) 6.612µs
frontend-1               | 172.20.0.1 - - [11/Jan/2026:23:01:40 +0000] "GET /api/sources/2944f3a9-3109-4b0c-80f9-5081ea2acc51/pages HTTP/1.1" 200 7718 "http://localhost:3000/sources/2944f3a9-3109-4b0c-80f9-5081ea2acc51" "Mozilla/5.0 (X11; Linux x86_64) AppleWebKit/537.36 (KHTML, like Gecko) Chrome/143.0.0.0 Safari/537.36" "-"
ingestion-worker-web-1   | [92m23:10:16 - LiteLLM:INFO[0m: utils.py:1573 - Wrapper: Completed Call, calling success_handler
ingestion-worker-web-1   | {"event": "Wrapper: Completed Call, calling success_handler", "logger": "LiteLLM", "level": "info", "timestamp": "2026-01-11T23:10:16.554599Z"}
ingestion-worker-file-1  | {"event": "[nsqd:4150:ingest.task.file:worker] received heartbeat", "logger": "nsq.client", "level": "info", "timestamp": "2026-01-11T23:59:00.923643Z"}
nsqd-1                   | [nsqd] 2026/01/11 23:43:55.328107 INFO: 200 GET /ping ([::1]:44122) 1.082µs
frontend-1               | 172.20.0.1 - - [11/Jan/2026:23:01:42 +0000] "GET /api/sources/2944f3a9-3109-4b0c-80f9-5081ea2acc51?exclude_chunks=true HTTP/1.1" 200 248 "http://localhost:3000/sources/2944f3a9-3109-4b0c-80f9-5081ea2acc51" "Mozilla/5.0 (X11; Linux x86_64) AppleWebKit/537.36 (KHTML, like Gecko) Chrome/143.0.0.0 Safari/537.36" "-"
frontend-1               | 172.20.0.1 - - [11/Jan/2026:23:01:42 +0000] "GET /api/sources/2944f3a9-3109-4b0c-80f9-5081ea2acc51/pages HTTP/1.1" 200 7718 "http://localhost:3000/sources/2944f3a9-3109-4b0c-80f9-5081ea2acc51" "Mozilla/5.0 (X11; Linux x86_64) AppleWebKit/537.36 (KHTML, like Gecko) Chrome/143.0.0.0 Safari/537.36" "-"
nsqd-1                   | [nsqd] 2026/01/11 23:44:00.363374 INFO: 200 GET /ping ([::1]:37080) 961ns
nsqd-1                   | [nsqd] 2026/01/11 23:44:05.401294 INFO: 200 GET /ping ([::1]:37094) 982ns
nsqd-1                   | [nsqd] 2026/01/11 23:44:10.432579 INFO: 200 GET /ping ([::1]:38240) 1.062µs
nsqd-1                   | [nsqd] 2026/01/11 23:44:15.475088 INFO: 200 GET /ping ([::1]:38246) 852ns
nsqd-1                   | [nsqd] 2026/01/11 23:44:20.503441 INFO: 200 GET /ping ([::1]:47816) 871ns
nsqd-1                   | [nsqd] 2026/01/11 23:44:25.541243 INFO: 200 GET /ping ([::1]:47826) 952ns
nsqd-1                   | [nsqd] 2026/01/11 23:44:30.578370 INFO: 200 GET /ping ([::1]:33168) 981ns
nsqd-1                   | [nsqd] 2026/01/11 23:44:35.603621 INFO: 200 GET /ping ([::1]:33172) 1.182µs
nsqd-1                   | [nsqd] 2026/01/11 23:44:40.636386 INFO: 200 GET /ping ([::1]:35482) 891ns
nsqd-1                   | [nsqd] 2026/01/11 23:44:45.665815 INFO: 200 GET /ping ([::1]:35490) 881ns
nsqd-1                   | [nsqd] 2026/01/11 23:44:50.703346 INFO: 200 GET /ping ([::1]:56026) 1.172µs
nsqd-1                   | [nsqd] 2026/01/11 23:44:55.747393 INFO: 200 GET /ping ([::1]:56030) 712ns
nsqd-1                   | [nsqd] 2026/01/11 23:45:00.782302 INFO: 200 GET /ping ([::1]:37736) 1.193µs
nsqd-1                   | [nsqd] 2026/01/11 23:45:05.817024 INFO: 200 GET /ping ([::1]:37744) 1.042µs
nsqd-1                   | [nsqd] 2026/01/11 23:45:10.852367 INFO: 200 GET /ping ([::1]:57116) 1.453µs
nsqd-1                   | [nsqd] 2026/01/11 23:45:15.894418 INFO: 200 GET /ping ([::1]:57132) 1.002µs
nsqd-1                   | [nsqd] 2026/01/11 23:45:20.918192 INFO: 200 GET /ping ([::1]:50144) 1.132µs
nsqd-1                   | [nsqd] 2026/01/11 23:45:25.956345 INFO: 200 GET /ping ([::1]:50150) 922ns
nsqd-1                   | [nsqd] 2026/01/11 23:45:30.995008 INFO: 200 GET /ping ([::1]:47386) 1.052µs
nsqd-1                   | [nsqd] 2026/01/11 23:45:36.037286 INFO: 200 GET /ping ([::1]:47388) 1.112µs
nsqd-1                   | [nsqd] 2026/01/11 23:45:41.065736 INFO: 200 GET /ping ([::1]:59812) 801ns
nsqd-1                   | [nsqd] 2026/01/11 23:45:46.104465 INFO: 200 GET /ping ([::1]:59814) 932ns
nsqd-1                   | [nsqd] 2026/01/11 23:45:51.133118 INFO: 200 GET /ping ([::1]:47120) 772ns
ingestion-worker-web-1   | [SCRAPE].. ◆ https://pinia.vuejs.org/ssr                                        
ingestion-worker-file-1  | {"event": "[nsqd:4150:ingest.task.file:worker] received heartbeat", "logger": "nsq.client", "level": "info", "timestamp": "2026-01-11T23:59:30.922688Z"}
ingestion-worker-web-1   | | ✓ | ⏱: 4.56s 
nsqd-1                   | [nsqd] 2026/01/11 23:45:56.173174 INFO: 200 GET /ping ([::1]:47132) 1.052µs
ingestion-worker-web-1   | [COMPLETE] ● https://pinia.vuejs.org/ssr                                        
nsqlookupd-1             | [nsqlookupd] 2026/01/11 23:20:24.618233 INFO: CLIENT(172.20.0.5:45508): pinged (last ping 14.999706351s)
ingestion-worker-file-1  | {"event": "[nsqd:4150:ingest.task.file:worker] received heartbeat", "logger": "nsq.client", "level": "info", "timestamp": "2026-01-12T00:00:00.922676Z"}
ingestion-worker-file-1  | {"event": "[nsqd:4150:ingest.task.file:worker] received heartbeat", "logger": "nsq.client", "level": "info", "timestamp": "2026-01-12T00:00:30.923100Z"}
ingestion-worker-file-1  | {"event": "[nsqd:4150:ingest.task.file:worker] received heartbeat", "logger": "nsq.client", "level": "info", "timestamp": "2026-01-12T00:01:00.923052Z"}
nsqlookupd-1             | [nsqlookupd] 2026/01/11 23:20:39.618363 INFO: CLIENT(172.20.0.5:45508): pinged (last ping 15.000130242s)
frontend-1               | 172.20.0.1 - - [11/Jan/2026:23:01:44 +0000] "GET /api/sources/2944f3a9-3109-4b0c-80f9-5081ea2acc51?exclude_chunks=true HTTP/1.1" 200 248 "http://localhost:3000/sources/2944f3a9-3109-4b0c-80f9-5081ea2acc51" "Mozilla/5.0 (X11; Linux x86_64) AppleWebKit/537.36 (KHTML, like Gecko) Chrome/143.0.0.0 Safari/537.36" "-"
nsqd-1                   | [nsqd] 2026/01/11 23:46:01.213316 INFO: 200 GET /ping ([::1]:57156) 951ns
nsqd-1                   | [nsqd] 2026/01/11 23:46:06.248234 INFO: 200 GET /ping ([::1]:57170) 1.834µs
nsqd-1                   | [nsqd] 2026/01/11 23:46:11.289643 INFO: 200 GET /ping ([::1]:39926) 1.192µs
frontend-1               | 172.20.0.1 - - [11/Jan/2026:23:01:44 +0000] "GET /api/sources/2944f3a9-3109-4b0c-80f9-5081ea2acc51/pages HTTP/1.1" 200 7718 "http://localhost:3000/sources/2944f3a9-3109-4b0c-80f9-5081ea2acc51" "Mozilla/5.0 (X11; Linux x86_64) AppleWebKit/537.36 (KHTML, like Gecko) Chrome/143.0.0.0 Safari/537.36" "-"
frontend-1               | 172.20.0.1 - - [11/Jan/2026:23:01:46 +0000] "GET /api/sources/2944f3a9-3109-4b0c-80f9-5081ea2acc51?exclude_chunks=true HTTP/1.1" 200 248 "http://localhost:3000/sources/2944f3a9-3109-4b0c-80f9-5081ea2acc51" "Mozilla/5.0 (X11; Linux x86_64) AppleWebKit/537.36 (KHTML, like Gecko) Chrome/143.0.0.0 Safari/537.36" "-"
frontend-1               | 172.20.0.1 - - [11/Jan/2026:23:01:46 +0000] "GET /api/sources/2944f3a9-3109-4b0c-80f9-5081ea2acc51/pages HTTP/1.1" 200 7718 "http://localhost:3000/sources/2944f3a9-3109-4b0c-80f9-5081ea2acc51" "Mozilla/5.0 (X11; Linux x86_64) AppleWebKit/537.36 (KHTML, like Gecko) Chrome/143.0.0.0 Safari/537.36" "-"
frontend-1               | 172.20.0.1 - - [11/Jan/2026:23:01:48 +0000] "GET /api/sources/2944f3a9-3109-4b0c-80f9-5081ea2acc51?exclude_chunks=true HTTP/1.1" 200 248 "http://localhost:3000/sources/2944f3a9-3109-4b0c-80f9-5081ea2acc51" "Mozilla/5.0 (X11; Linux x86_64) AppleWebKit/537.36 (KHTML, like Gecko) Chrome/143.0.0.0 Safari/537.36" "-"
frontend-1               | 172.20.0.1 - - [11/Jan/2026:23:01:48 +0000] "GET /api/sources/2944f3a9-3109-4b0c-80f9-5081ea2acc51/pages HTTP/1.1" 200 7718 "http://localhost:3000/sources/2944f3a9-3109-4b0c-80f9-5081ea2acc51" "Mozilla/5.0 (X11; Linux x86_64) AppleWebKit/537.36 (KHTML, like Gecko) Chrome/143.0.0.0 Safari/537.36" "-"
frontend-1               | 172.20.0.1 - - [11/Jan/2026:23:01:56 +0000] "GET /api/sources/2944f3a9-3109-4b0c-80f9-5081ea2acc51?exclude_chunks=true HTTP/1.1" 200 248 "http://localhost:3000/sources/2944f3a9-3109-4b0c-80f9-5081ea2acc51" "Mozilla/5.0 (X11; Linux x86_64) AppleWebKit/537.36 (KHTML, like Gecko) Chrome/143.0.0.0 Safari/537.36" "-"
frontend-1               | 172.20.0.1 - - [11/Jan/2026:23:01:56 +0000] "GET /api/sources/2944f3a9-3109-4b0c-80f9-5081ea2acc51/pages HTTP/1.1" 200 7718 "http://localhost:3000/sources/2944f3a9-3109-4b0c-80f9-5081ea2acc51" "Mozilla/5.0 (X11; Linux x86_64) AppleWebKit/537.36 (KHTML, like Gecko) Chrome/143.0.0.0 Safari/537.36" "-"
ingestion-worker-web-1   | | ✓ | ⏱: 42.73s 
frontend-1               | 172.20.0.1 - - [11/Jan/2026:23:02:56 +0000] "GET /api/sources/2944f3a9-3109-4b0c-80f9-5081ea2acc51?exclude_chunks=true HTTP/1.1" 200 248 "http://localhost:3000/sources/2944f3a9-3109-4b0c-80f9-5081ea2acc51" "Mozilla/5.0 (X11; Linux x86_64) AppleWebKit/537.36 (KHTML, like Gecko) Chrome/143.0.0.0 Safari/537.36" "-"
ingestion-worker-file-1  | {"event": "[nsqd:4150:ingest.task.file:worker] received heartbeat", "logger": "nsq.client", "level": "info", "timestamp": "2026-01-12T00:01:30.923471Z"}
frontend-1               | 172.20.0.1 - - [11/Jan/2026:23:02:56 +0000] "GET /api/sources/2944f3a9-3109-4b0c-80f9-5081ea2acc51/pages HTTP/1.1" 200 7718 "http://localhost:3000/sources/2944f3a9-3109-4b0c-80f9-5081ea2acc51" "Mozilla/5.0 (X11; Linux x86_64) AppleWebKit/537.36 (KHTML, like Gecko) Chrome/143.0.0.0 Safari/537.36" "-"
ingestion-worker-file-1  | {"event": "[nsqd:4150:ingest.task.file:worker] received heartbeat", "logger": "nsq.client", "level": "info", "timestamp": "2026-01-12T00:02:00.923260Z"}
frontend-1               | 172.20.0.1 - - [11/Jan/2026:23:03:33 +0000] "GET /api/sources/2944f3a9-3109-4b0c-80f9-5081ea2acc51?exclude_chunks=true HTTP/1.1" 200 248 "http://localhost:3000/sources/2944f3a9-3109-4b0c-80f9-5081ea2acc51" "Mozilla/5.0 (X11; Linux x86_64) AppleWebKit/537.36 (KHTML, like Gecko) Chrome/143.0.0.0 Safari/537.36" "-"
frontend-1               | 172.20.0.1 - - [11/Jan/2026:23:03:33 +0000] "GET /api/sources/2944f3a9-3109-4b0c-80f9-5081ea2acc51/pages HTTP/1.1" 200 7718 "http://localhost:3000/sources/2944f3a9-3109-4b0c-80f9-5081ea2acc51" "Mozilla/5.0 (X11; Linux x86_64) AppleWebKit/537.36 (KHTML, like Gecko) Chrome/143.0.0.0 Safari/537.36" "-"
frontend-1               | 172.20.0.1 - - [11/Jan/2026:23:03:34 +0000] "GET /api/sources/2944f3a9-3109-4b0c-80f9-5081ea2acc51?exclude_chunks=true HTTP/1.1" 200 248 "http://localhost:3000/sources/2944f3a9-3109-4b0c-80f9-5081ea2acc51" "Mozilla/5.0 (X11; Linux x86_64) AppleWebKit/537.36 (KHTML, like Gecko) Chrome/143.0.0.0 Safari/537.36" "-"
frontend-1               | 172.20.0.1 - - [11/Jan/2026:23:03:34 +0000] "GET /api/sources/2944f3a9-3109-4b0c-80f9-5081ea2acc51/pages HTTP/1.1" 200 7718 "http://localhost:3000/sources/2944f3a9-3109-4b0c-80f9-5081ea2acc51" "Mozilla/5.0 (X11; Linux x86_64) AppleWebKit/537.36 (KHTML, like Gecko) Chrome/143.0.0.0 Safari/537.36" "-"
frontend-1               | 172.20.0.1 - - [11/Jan/2026:23:03:35 +0000] "GET /sources/2944f3a9-3109-4b0c-80f9-5081ea2acc51 HTTP/1.1" 304 0 "-" "Mozilla/5.0 (X11; Linux x86_64) AppleWebKit/537.36 (KHTML, like Gecko) Chrome/143.0.0.0 Safari/537.36" "-"
frontend-1               | 172.20.0.1 - - [11/Jan/2026:23:03:35 +0000] "GET /assets/index-2Iv5yliM.js HTTP/1.1" 304 0 "http://localhost:3000/sources/2944f3a9-3109-4b0c-80f9-5081ea2acc51" "Mozilla/5.0 (X11; Linux x86_64) AppleWebKit/537.36 (KHTML, like Gecko) Chrome/143.0.0.0 Safari/537.36" "-"
frontend-1               | 172.20.0.1 - - [11/Jan/2026:23:03:35 +0000] "GET /assets/index-C2bAaY0I.css HTTP/1.1" 304 0 "http://localhost:3000/sources/2944f3a9-3109-4b0c-80f9-5081ea2acc51" "Mozilla/5.0 (X11; Linux x86_64) AppleWebKit/537.36 (KHTML, like Gecko) Chrome/143.0.0.0 Safari/537.36" "-"
frontend-1               | 172.20.0.1 - - [11/Jan/2026:23:03:35 +0000] "GET /assets/index-2Iv5yliM.js HTTP/1.1" 304 0 "-" "Mozilla/5.0 (X11; Linux x86_64) AppleWebKit/537.36 (KHTML, like Gecko) Chrome/143.0.0.0 Safari/537.36" "-"
frontend-1               | 172.20.0.1 - - [11/Jan/2026:23:03:35 +0000] "GET /qurio.png HTTP/1.1" 304 0 "http://localhost:3000/sources/2944f3a9-3109-4b0c-80f9-5081ea2acc51" "Mozilla/5.0 (X11; Linux x86_64) AppleWebKit/537.36 (KHTML, like Gecko) Chrome/143.0.0.0 Safari/537.36" "-"
frontend-1               | 172.20.0.1 - - [11/Jan/2026:23:03:35 +0000] "GET /grid-pattern.svg HTTP/1.1" 304 0 "http://localhost:3000/assets/index-C2bAaY0I.css" "Mozilla/5.0 (X11; Linux x86_64) AppleWebKit/537.36 (KHTML, like Gecko) Chrome/143.0.0.0 Safari/537.36" "-"
frontend-1               | 172.20.0.1 - - [11/Jan/2026:23:03:35 +0000] "GET /api/sources/2944f3a9-3109-4b0c-80f9-5081ea2acc51 HTTP/1.1" 200 76058 "http://localhost:3000/sources/2944f3a9-3109-4b0c-80f9-5081ea2acc51" "Mozilla/5.0 (X11; Linux x86_64) AppleWebKit/537.36 (KHTML, like Gecko) Chrome/143.0.0.0 Safari/537.36" "-"
frontend-1               | 172.20.0.1 - - [11/Jan/2026:23:03:35 +0000] "GET /favicon.ico HTTP/1.1" 304 0 "http://localhost:3000/sources/2944f3a9-3109-4b0c-80f9-5081ea2acc51" "Mozilla/5.0 (X11; Linux x86_64) AppleWebKit/537.36 (KHTML, like Gecko) Chrome/143.0.0.0 Safari/537.36" "-"
frontend-1               | 172.20.0.1 - - [11/Jan/2026:23:03:35 +0000] "GET /api/sources/2944f3a9-3109-4b0c-80f9-5081ea2acc51/pages HTTP/1.1" 200 7718 "http://localhost:3000/sources/2944f3a9-3109-4b0c-80f9-5081ea2acc51" "Mozilla/5.0 (X11; Linux x86_64) AppleWebKit/537.36 (KHTML, like Gecko) Chrome/143.0.0.0 Safari/537.36" "-"
backend-1                | {"time":"2026-01-12T00:14:14.617726288Z","level":"INFO","msg":"request received","method":"GET","path":"/sources/2c696c8e-d61c-4d72-b563-62a17428fea2/pages","correlation_id":"9ea56f61-5189-422c-b66c-99bbe6bab7db"}
ingestion-worker-web-1   | {"event": "[nsqd:4150:ingest.task.web:worker] received heartbeat", "logger": "nsq.client", "level": "info", "timestamp": "2026-01-11T23:10:16.558108Z"}
ingestion-worker-web-1   | {"source_id": "2944f3a9-3109-4b0c-80f9-5081ea2acc51", "url": "https://pinia.vuejs.org/core-concepts/outside-component-usage.html", "event": "result_published", "logger": "__main__", "level": "info", "timestamp": "2026-01-11T23:10:16.559458Z"}
ingestion-worker-web-1   | {"data": {"correlation_id": "2944f3a9-3109-4b0c-80f9-5081ea2acc51", "depth": 1, "exclusions": [], "gemini_api_key": "AIzaSyCe-DB54bMkUURJlkDvovYN4B8f_NH_zB0", "id": "2944f3a9-3109-4b0c-80f9-5081ea2acc51", "max_depth": 1, "type": "web", "url": "https://pinia.vuejs.org/cookbook/hot-module-replacement.html"}, "event": "message_received", "logger": "__main__", "level": "info", "timestamp": "2026-01-11T23:10:16.560304Z"}
backend-1                | {"time":"2026-01-12T00:14:14.617905005Z","level":"INFO","msg":"request completed","method":"GET","path":"/sources/2c696c8e-d61c-4d72-b563-62a17428fea2/pages","correlation_id":"9ea56f61-5189-422c-b66c-99bbe6bab7db","duration":171273}
nsqlookupd-1             | [nsqlookupd] 2026/01/11 23:20:54.617801 INFO: CLIENT(172.20.0.5:45508): pinged (last ping 14.999435867s)
backend-1                | {"time":"2026-01-12T00:14:16.614619469Z","level":"INFO","msg":"request received","method":"GET","path":"/sources/2c696c8e-d61c-4d72-b563-62a17428fea2","correlation_id":"3f279631-7340-4d7b-890a-b99779c2cf85"}
backend-1                | {"time":"2026-01-12T00:14:16.615659132Z","level":"INFO","msg":"request completed","method":"GET","path":"/sources/2c696c8e-d61c-4d72-b563-62a17428fea2","correlation_id":"3f279631-7340-4d7b-890a-b99779c2cf85","duration":1024425}
nsqlookupd-1             | [nsqlookupd] 2026/01/11 23:21:04.821915 INFO: 200 GET /lookup?topic=ingest.task.web (172.20.0.8:33292) 11.793µs
nsqlookupd-1             | [nsqlookupd] 2026/01/11 23:21:09.618305 INFO: CLIENT(172.20.0.5:45508): pinged (last ping 15.000486331s)
nsqlookupd-1             | [nsqlookupd] 2026/01/11 23:21:11.288050 INFO: 200 GET /lookup?topic=ingest.result (172.20.0.6:43782) 8.186µs
nsqlookupd-1             | [nsqlookupd] 2026/01/11 23:21:18.296677 INFO: 200 GET /lookup?topic=ingest.task.file (172.20.0.7:37874) 8.536µs
nsqlookupd-1             | [nsqlookupd] 2026/01/11 23:21:24.617872 INFO: CLIENT(172.20.0.5:45508): pinged (last ping 14.999586993s)
nsqlookupd-1             | [nsqlookupd] 2026/01/11 23:21:39.617853 INFO: CLIENT(172.20.0.5:45508): pinged (last ping 14.999981044s)
nsqlookupd-1             | [nsqlookupd] 2026/01/11 23:21:54.618449 INFO: CLIENT(172.20.0.5:45508): pinged (last ping 15.000596833s)
nsqlookupd-1             | [nsqlookupd] 2026/01/11 23:22:04.833713 INFO: 200 GET /lookup?topic=ingest.task.web (172.20.0.8:43168) 6.422µs
nsqlookupd-1             | [nsqlookupd] 2026/01/11 23:22:09.618193 INFO: CLIENT(172.20.0.5:45508): pinged (last ping 14.999735992s)
nsqlookupd-1             | [nsqlookupd] 2026/01/11 23:22:11.287641 INFO: 200 GET /lookup?topic=ingest.result (172.20.0.6:43782) 6.703µs
nsqlookupd-1             | [nsqlookupd] 2026/01/11 23:22:18.286923 INFO: 200 GET /lookup?topic=ingest.task.file (172.20.0.7:39784) 14.127µs
nsqlookupd-1             | [nsqlookupd] 2026/01/11 23:22:24.618422 INFO: CLIENT(172.20.0.5:45508): pinged (last ping 15.000236061s)
nsqlookupd-1             | [nsqlookupd] 2026/01/11 23:22:39.617924 INFO: CLIENT(172.20.0.5:45508): pinged (last ping 14.999501054s)
nsqlookupd-1             | [nsqlookupd] 2026/01/11 23:22:54.617722 INFO: CLIENT(172.20.0.5:45508): pinged (last ping 14.999791682s)
nsqlookupd-1             | [nsqlookupd] 2026/01/11 23:23:04.834023 INFO: 200 GET /lookup?topic=ingest.task.web (172.20.0.8:37796) 6.232µs
nsqlookupd-1             | [nsqlookupd] 2026/01/11 23:23:09.618171 INFO: CLIENT(172.20.0.5:45508): pinged (last ping 15.000456331s)
nsqlookupd-1             | [nsqlookupd] 2026/01/11 23:23:11.286888 INFO: 200 GET /lookup?topic=ingest.result (172.20.0.6:43782) 6.683µs
nsqlookupd-1             | [nsqlookupd] 2026/01/11 23:23:18.288936 INFO: 200 GET /lookup?topic=ingest.task.file (172.20.0.7:57382) 6.603µs
nsqlookupd-1             | [nsqlookupd] 2026/01/11 23:23:24.618033 INFO: CLIENT(172.20.0.5:45508): pinged (last ping 14.999861268s)
nsqlookupd-1             | [nsqlookupd] 2026/01/11 23:23:39.618654 INFO: CLIENT(172.20.0.5:45508): pinged (last ping 15.000622609s)
ingestion-worker-web-1   | {"url": "https://pinia.vuejs.org/cookbook/hot-module-replacement.html", "event": "crawl_starting", "logger": "handlers.web", "level": "info", "timestamp": "2026-01-11T23:10:16.560359Z"}
