nsqd-1                   | [nsqd] 2026/01/11 23:34:56.485437 INFO: 200 GET /ping ([::1]:41420) 1.032µs
backend-1                | {"time":"2026-01-11T23:11:38.557921333Z","level":"INFO","msg":"stored chunks","count":17,"correlation_id":"2944f3a9-3109-4b0c-80f9-5081ea2acc51"}
backend-1                | {"time":"2026-01-11T23:11:38.561344052Z","level":"INFO","msg":"received result","source_id":"2944f3a9-3109-4b0c-80f9-5081ea2acc51","url":"https://pinia.vuejs.org/llms.txt","content_len":340,"correlation_id":"2944f3a9-3109-4b0c-80f9-5081ea2acc51"}
backend-1                | {"time":"2026-01-11T23:11:38.956760542Z","level":"INFO","msg":"stored chunks","count":1,"correlation_id":"2944f3a9-3109-4b0c-80f9-5081ea2acc51"}
ingestion-worker-web-1   | {"url": "https://pinia.vuejs.org/ssr", "event": "crawl_starting", "logger": "handlers.web", "level": "info", "timestamp": "2026-01-11T23:09:25.546357Z"}
ingestion-worker-web-1   | {"source_id": "2944f3a9-3109-4b0c-80f9-5081ea2acc51", "url": "https://pinia.vuejs.org/core-concepts/state.html", "event": "result_published", "logger": "__main__", "level": "info", "timestamp": "2026-01-11T23:09:25.592932Z"}
ingestion-worker-web-1   | {"source_id": "2944f3a9-3109-4b0c-80f9-5081ea2acc51", "url": "https://pinia.vuejs.org/core-concepts/state.html", "event": "result_published", "logger": "__main__", "level": "info", "timestamp": "2026-01-11T23:09:25.593593Z"}
nsqlookupd-1             | [nsqlookupd] 2026/01/11 23:05:09.618333 INFO: CLIENT(172.20.0.5:45508): pinged (last ping 15.000226477s)
weaviate-1               | {"build_git_commit":"62eab64","build_go_version":"go1.24.11","build_image_tag":"v1.34.8","build_wv_version":"1.34.8","level":"warning","log_level_env":"","msg":"log level not recognized, defaulting to info","time":"2026-01-11T22:55:54Z"}
nsqlookupd-1             | [nsqlookupd] 2026/01/11 23:05:11.287644 INFO: 200 GET /lookup?topic=ingest.result (172.20.0.6:43782) 7.544µs
weaviate-1               | {"action":"startup","build_git_commit":"62eab64","build_go_version":"go1.24.11","build_image_tag":"v1.34.8","build_wv_version":"1.34.8","level":"info","msg":"Feature flag LD integration disabled: could not locate WEAVIATE_LD_API_KEY env variable","time":"2026-01-11T22:55:54Z"}
nsqlookupd-1             | [nsqlookupd] 2026/01/11 23:05:18.297800 INFO: 200 GET /lookup?topic=ingest.task.file (172.20.0.7:41886) 5.981µs
weaviate-1               | {"action":"startup","build_git_commit":"62eab64","build_go_version":"go1.24.11","build_image_tag":"v1.34.8","build_wv_version":"1.34.8","default_vectorizer_module":"none","level":"info","msg":"the default vectorizer modules is set to \"none\", as a result all new schema classes without an explicit vectorizer setting, will use this vectorizer","time":"2026-01-11T22:55:54Z"}
nsqd-1                   | [nsqd] 2026/01/11 23:35:01.526151 INFO: 200 GET /ping ([::1]:46592) 711ns
weaviate-1               | {"action":"startup","auto_schema_enabled":true,"build_git_commit":"62eab64","build_go_version":"go1.24.11","build_image_tag":"v1.34.8","build_wv_version":"1.34.8","level":"info","msg":"auto schema enabled setting is set to \"true\"","time":"2026-01-11T22:55:54Z"}
weaviate-1               | {"action":"memberlist_config","advertise_addr":"","advertise_port":7946,"bind_addr":"0.0.0.0","bind_port":7946,"build_git_commit":"62eab64","build_go_version":"go1.24.11","build_image_tag":"v1.34.8","build_wv_version":"1.34.8","config_type":"LAN","hostname":"node1","level":"info","msg":"memberlist configuration","raft_multiplier":5,"tcp_timeout":50000000000,"time":"2026-01-11T22:55:54Z"}
nsqd-1                   | [nsqd] 2026/01/11 23:35:06.561252 INFO: 200 GET /ping ([::1]:46602) 851ns
frontend-1               | 172.20.0.1 - - [11/Jan/2026:23:00:12 +0000] "GET /api/sources/2944f3a9-3109-4b0c-80f9-5081ea2acc51/pages HTTP/1.1" 200 7718 "http://localhost:3000/sources/2944f3a9-3109-4b0c-80f9-5081ea2acc51" "Mozilla/5.0 (X11; Linux x86_64) AppleWebKit/537.36 (KHTML, like Gecko) Chrome/143.0.0.0 Safari/537.36" "-"
frontend-1               | 172.20.0.1 - - [11/Jan/2026:23:00:14 +0000] "GET /api/sources/2944f3a9-3109-4b0c-80f9-5081ea2acc51?exclude_chunks=true HTTP/1.1" 200 248 "http://localhost:3000/sources/2944f3a9-3109-4b0c-80f9-5081ea2acc51" "Mozilla/5.0 (X11; Linux x86_64) AppleWebKit/537.36 (KHTML, like Gecko) Chrome/143.0.0.0 Safari/537.36" "-"
frontend-1               | 172.20.0.1 - - [11/Jan/2026:23:00:14 +0000] "GET /api/sources/2944f3a9-3109-4b0c-80f9-5081ea2acc51/pages HTTP/1.1" 200 7718 "http://localhost:3000/sources/2944f3a9-3109-4b0c-80f9-5081ea2acc51" "Mozilla/5.0 (X11; Linux x86_64) AppleWebKit/537.36 (KHTML, like Gecko) Chrome/143.0.0.0 Safari/537.36" "-"
frontend-1               | 172.20.0.1 - - [11/Jan/2026:23:00:16 +0000] "GET /api/sources/2944f3a9-3109-4b0c-80f9-5081ea2acc51?exclude_chunks=true HTTP/1.1" 200 248 "http://localhost:3000/sources/2944f3a9-3109-4b0c-80f9-5081ea2acc51" "Mozilla/5.0 (X11; Linux x86_64) AppleWebKit/537.36 (KHTML, like Gecko) Chrome/143.0.0.0 Safari/537.36" "-"
frontend-1               | 172.20.0.1 - - [11/Jan/2026:23:00:16 +0000] "GET /api/sources/2944f3a9-3109-4b0c-80f9-5081ea2acc51/pages HTTP/1.1" 200 7718 "http://localhost:3000/sources/2944f3a9-3109-4b0c-80f9-5081ea2acc51" "Mozilla/5.0 (X11; Linux x86_64) AppleWebKit/537.36 (KHTML, like Gecko) Chrome/143.0.0.0 Safari/537.36" "-"
frontend-1               | 172.20.0.1 - - [11/Jan/2026:23:00:18 +0000] "GET /api/sources/2944f3a9-3109-4b0c-80f9-5081ea2acc51?exclude_chunks=true HTTP/1.1" 200 248 "http://localhost:3000/sources/2944f3a9-3109-4b0c-80f9-5081ea2acc51" "Mozilla/5.0 (X11; Linux x86_64) AppleWebKit/537.36 (KHTML, like Gecko) Chrome/143.0.0.0 Safari/537.36" "-"
frontend-1               | 172.20.0.1 - - [11/Jan/2026:23:00:18 +0000] "GET /api/sources/2944f3a9-3109-4b0c-80f9-5081ea2acc51/pages HTTP/1.1" 200 7718 "http://localhost:3000/sources/2944f3a9-3109-4b0c-80f9-5081ea2acc51" "Mozilla/5.0 (X11; Linux x86_64) AppleWebKit/537.36 (KHTML, like Gecko) Chrome/143.0.0.0 Safari/537.36" "-"
frontend-1               | 172.20.0.1 - - [11/Jan/2026:23:00:20 +0000] "GET /api/sources/2944f3a9-3109-4b0c-80f9-5081ea2acc51?exclude_chunks=true HTTP/1.1" 200 248 "http://localhost:3000/sources/2944f3a9-3109-4b0c-80f9-5081ea2acc51" "Mozilla/5.0 (X11; Linux x86_64) AppleWebKit/537.36 (KHTML, like Gecko) Chrome/143.0.0.0 Safari/537.36" "-"
frontend-1               | 172.20.0.1 - - [11/Jan/2026:23:00:20 +0000] "GET /api/sources/2944f3a9-3109-4b0c-80f9-5081ea2acc51/pages HTTP/1.1" 200 7718 "http://localhost:3000/sources/2944f3a9-3109-4b0c-80f9-5081ea2acc51" "Mozilla/5.0 (X11; Linux x86_64) AppleWebKit/537.36 (KHTML, like Gecko) Chrome/143.0.0.0 Safari/537.36" "-"
frontend-1               | 172.20.0.1 - - [11/Jan/2026:23:00:22 +0000] "GET /api/sources/2944f3a9-3109-4b0c-80f9-5081ea2acc51?exclude_chunks=true HTTP/1.1" 200 248 "http://localhost:3000/sources/2944f3a9-3109-4b0c-80f9-5081ea2acc51" "Mozilla/5.0 (X11; Linux x86_64) AppleWebKit/537.36 (KHTML, like Gecko) Chrome/143.0.0.0 Safari/537.36" "-"
frontend-1               | 172.20.0.1 - - [11/Jan/2026:23:00:22 +0000] "GET /api/sources/2944f3a9-3109-4b0c-80f9-5081ea2acc51/pages HTTP/1.1" 200 7718 "http://localhost:3000/sources/2944f3a9-3109-4b0c-80f9-5081ea2acc51" "Mozilla/5.0 (X11; Linux x86_64) AppleWebKit/537.36 (KHTML, like Gecko) Chrome/143.0.0.0 Safari/537.36" "-"
frontend-1               | 172.20.0.1 - - [11/Jan/2026:23:00:24 +0000] "GET /api/sources/2944f3a9-3109-4b0c-80f9-5081ea2acc51?exclude_chunks=true HTTP/1.1" 200 248 "http://localhost:3000/sources/2944f3a9-3109-4b0c-80f9-5081ea2acc51" "Mozilla/5.0 (X11; Linux x86_64) AppleWebKit/537.36 (KHTML, like Gecko) Chrome/143.0.0.0 Safari/537.36" "-"
nsqd-1                   | [nsqd] 2026/01/11 23:35:11.602152 INFO: 200 GET /ping ([::1]:40994) 872ns
nsqlookupd-1             | [nsqlookupd] 2026/01/11 23:05:24.617909 INFO: CLIENT(172.20.0.5:45508): pinged (last ping 14.999575329s)
nsqlookupd-1             | [nsqlookupd] 2026/01/11 23:05:39.618306 INFO: CLIENT(172.20.0.5:45508): pinged (last ping 15.000397142s)
nsqlookupd-1             | [nsqlookupd] 2026/01/11 23:05:54.618442 INFO: CLIENT(172.20.0.5:45508): pinged (last ping 15.000136261s)
nsqlookupd-1             | [nsqlookupd] 2026/01/11 23:06:09.617585 INFO: CLIENT(172.20.0.5:45508): pinged (last ping 14.999143205s)
nsqlookupd-1             | [nsqlookupd] 2026/01/11 23:06:11.287468 INFO: 200 GET /lookup?topic=ingest.result (172.20.0.6:43782) 7.134µs
nsqlookupd-1             | [nsqlookupd] 2026/01/11 23:06:18.295396 INFO: 200 GET /lookup?topic=ingest.task.file (172.20.0.7:59444) 5.34µs
ingestion-worker-file-1  | {"event": "worker_starting", "logger": "__main__", "level": "info", "timestamp": "2026-01-11T22:56:00.919552Z"}
ingestion-worker-file-1  | {"event": "nsq_initialized", "logger": "__main__", "level": "info", "timestamp": "2026-01-11T22:56:00.920897Z"}
ingestion-worker-file-1  | {"event": "[ingest.task.file:worker] starting reader for ingest.task.file/worker...", "logger": "nsq.reader", "level": "info", "timestamp": "2026-01-11T22:56:00.921026Z"}
ingestion-worker-file-1  | {"event": "[nsqd:4150:ingest.task.file:worker] connecting to nsqd", "logger": "nsq.reader", "level": "info", "timestamp": "2026-01-11T22:56:00.921082Z"}
ingestion-worker-file-1  | {"event": "starting writer...", "logger": "nsq.writer", "level": "info", "timestamp": "2026-01-11T22:56:00.921444Z"}
ingestion-worker-file-1  | {"event": "[nsqd:4150] connecting to nsqd", "logger": "nsq.writer", "level": "info", "timestamp": "2026-01-11T22:56:00.921576Z"}
nsqlookupd-1             | [nsqlookupd] 2026/01/11 23:06:24.618289 INFO: CLIENT(172.20.0.5:45508): pinged (last ping 15.000703673s)
ingestion-worker-web-1   | {"url": "https://pinia.vuejs.org/logo.svg", "links_found": 0, "title": "", "path": "logo.svg", "event": "crawl_completed", "logger": "handlers.web", "level": "info", "timestamp": "2026-01-11T23:09:25.594290Z"}
postgres-1               | The files belonging to this database system will be owned by user "postgres".
weaviate-1               | {"build_git_commit":"62eab64","build_go_version":"go1.24.11","build_image_tag":"v1.34.8","build_wv_version":"1.34.8","level":"warning","msg":"Multiple vector spaces are present, GraphQL Explore and REST API list objects endpoint module include params has been disabled as a result.","time":"2026-01-11T22:55:54Z"}
postgres-1               | This user must also own the server process.
postgres-1               | 
weaviate-1               | {"build_git_commit":"62eab64","build_go_version":"go1.24.11","build_image_tag":"v1.34.8","build_wv_version":"1.34.8","level":"info","msg":"No resource limits set, weaviate will use all available memory and CPU. To limit resources, set LIMIT_RESOURCES=true","time":"2026-01-11T22:55:54Z"}
frontend-1               | 172.20.0.1 - - [11/Jan/2026:23:00:24 +0000] "GET /api/sources/2944f3a9-3109-4b0c-80f9-5081ea2acc51/pages HTTP/1.1" 200 7718 "http://localhost:3000/sources/2944f3a9-3109-4b0c-80f9-5081ea2acc51" "Mozilla/5.0 (X11; Linux x86_64) AppleWebKit/537.36 (KHTML, like Gecko) Chrome/143.0.0.0 Safari/537.36" "-"
nsqd-1                   | [nsqd] 2026/01/11 23:35:16.635475 INFO: 200 GET /ping ([::1]:41006) 982ns
nsqd-1                   | [nsqd] 2026/01/11 23:35:21.674830 INFO: 200 GET /ping ([::1]:51228) 872ns
frontend-1               | 172.20.0.1 - - [11/Jan/2026:23:00:26 +0000] "GET /api/sources/2944f3a9-3109-4b0c-80f9-5081ea2acc51?exclude_chunks=true HTTP/1.1" 200 248 "http://localhost:3000/sources/2944f3a9-3109-4b0c-80f9-5081ea2acc51" "Mozilla/5.0 (X11; Linux x86_64) AppleWebKit/537.36 (KHTML, like Gecko) Chrome/143.0.0.0 Safari/537.36" "-"
frontend-1               | 172.20.0.1 - - [11/Jan/2026:23:00:26 +0000] "GET /api/sources/2944f3a9-3109-4b0c-80f9-5081ea2acc51/pages HTTP/1.1" 200 7718 "http://localhost:3000/sources/2944f3a9-3109-4b0c-80f9-5081ea2acc51" "Mozilla/5.0 (X11; Linux x86_64) AppleWebKit/537.36 (KHTML, like Gecko) Chrome/143.0.0.0 Safari/537.36" "-"
frontend-1               | 172.20.0.1 - - [11/Jan/2026:23:00:28 +0000] "GET /api/sources/2944f3a9-3109-4b0c-80f9-5081ea2acc51?exclude_chunks=true HTTP/1.1" 200 248 "http://localhost:3000/sources/2944f3a9-3109-4b0c-80f9-5081ea2acc51" "Mozilla/5.0 (X11; Linux x86_64) AppleWebKit/537.36 (KHTML, like Gecko) Chrome/143.0.0.0 Safari/537.36" "-"
frontend-1               | 172.20.0.1 - - [11/Jan/2026:23:00:28 +0000] "GET /api/sources/2944f3a9-3109-4b0c-80f9-5081ea2acc51/pages HTTP/1.1" 200 7718 "http://localhost:3000/sources/2944f3a9-3109-4b0c-80f9-5081ea2acc51" "Mozilla/5.0 (X11; Linux x86_64) AppleWebKit/537.36 (KHTML, like Gecko) Chrome/143.0.0.0 Safari/537.36" "-"
frontend-1               | 172.20.0.1 - - [11/Jan/2026:23:00:30 +0000] "GET /api/sources/2944f3a9-3109-4b0c-80f9-5081ea2acc51?exclude_chunks=true HTTP/1.1" 200 248 "http://localhost:3000/sources/2944f3a9-3109-4b0c-80f9-5081ea2acc51" "Mozilla/5.0 (X11; Linux x86_64) AppleWebKit/537.36 (KHTML, like Gecko) Chrome/143.0.0.0 Safari/537.36" "-"
frontend-1               | 172.20.0.1 - - [11/Jan/2026:23:00:30 +0000] "GET /api/sources/2944f3a9-3109-4b0c-80f9-5081ea2acc51/pages HTTP/1.1" 200 7718 "http://localhost:3000/sources/2944f3a9-3109-4b0c-80f9-5081ea2acc51" "Mozilla/5.0 (X11; Linux x86_64) AppleWebKit/537.36 (KHTML, like Gecko) Chrome/143.0.0.0 Safari/537.36" "-"
frontend-1               | 172.20.0.1 - - [11/Jan/2026:23:00:32 +0000] "GET /api/sources/2944f3a9-3109-4b0c-80f9-5081ea2acc51?exclude_chunks=true HTTP/1.1" 200 248 "http://localhost:3000/sources/2944f3a9-3109-4b0c-80f9-5081ea2acc51" "Mozilla/5.0 (X11; Linux x86_64) AppleWebKit/537.36 (KHTML, like Gecko) Chrome/143.0.0.0 Safari/537.36" "-"
weaviate-1               | {"build_git_commit":"62eab64","build_go_version":"go1.24.11","build_image_tag":"v1.34.8","build_wv_version":"1.34.8","level":"info","msg":"module offload-s3 is enabled","time":"2026-01-11T22:55:54Z"}
nsqlookupd-1             | [nsqlookupd] 2026/01/11 23:06:39.618156 INFO: CLIENT(172.20.0.5:45508): pinged (last ping 14.999865659s)
nsqlookupd-1             | [nsqlookupd] 2026/01/11 23:06:54.618480 INFO: CLIENT(172.20.0.5:45508): pinged (last ping 15.000325399s)
backend-1                | {"time":"2026-01-11T23:11:38.958583969Z","level":"INFO","msg":"received result","source_id":"2944f3a9-3109-4b0c-80f9-5081ea2acc51","url":"https://pinia.vuejs.org/cookbook/migration-v1-v2.html","content_len":9299,"correlation_id":"2944f3a9-3109-4b0c-80f9-5081ea2acc51"}
weaviate-1               | {"build_git_commit":"62eab64","build_go_version":"go1.24.11","build_image_tag":"v1.34.8","build_wv_version":"1.34.8","flag_key":"collection-retrieval-strategy","level":"info","msg":"feature flag instantiated","time":"2026-01-11T22:55:54Z","tool":"feature_flag","value":"LeaderOnly"}
weaviate-1               | {"build_git_commit":"62eab64","build_go_version":"go1.24.11","build_image_tag":"v1.34.8","build_wv_version":"1.34.8","level":"info","msg":"open cluster service","servers":{"node1":8300},"time":"2026-01-11T22:55:54Z"}
weaviate-1               | {"address":"172.20.0.2:8301","build_git_commit":"62eab64","build_go_version":"go1.24.11","build_image_tag":"v1.34.8","build_wv_version":"1.34.8","level":"info","msg":"starting cloud rpc server ...","time":"2026-01-11T22:55:54Z"}
weaviate-1               | {"build_git_commit":"62eab64","build_go_version":"go1.24.11","build_image_tag":"v1.34.8","build_wv_version":"1.34.8","level":"info","msg":"starting raft sub-system ...","time":"2026-01-11T22:55:54Z"}
weaviate-1               | {"action":"cluster_api_startup","build_git_commit":"62eab64","build_go_version":"go1.24.11","build_image_tag":"v1.34.8","build_wv_version":"1.34.8","level":"info","msg":"cluster api server is ready to handle requests on :7947","time":"2026-01-11T22:55:54Z"}
weaviate-1               | {"action":"raft_tcp_transport","build_git_commit":"62eab64","build_go_version":"go1.24.11","build_image_tag":"v1.34.8","build_wv_version":"1.34.8","level":"info","msg":"TCP transport","raft_advertise_address":"172.20.0.2:8300","raft_bind_address":"172.20.0.2:8300","raft_tcp_max_pool":3,"raft_tcp_timeout":10000000000,"time":"2026-01-11T22:55:54Z"}
weaviate-1               | {"build_git_commit":"62eab64","build_go_version":"go1.24.11","build_image_tag":"v1.34.8","build_wv_version":"1.34.8","level":"info","msg":"loading local db","time":"2026-01-11T22:55:54Z"}
weaviate-1               | {"build_git_commit":"62eab64","build_go_version":"go1.24.11","build_image_tag":"v1.34.8","build_wv_version":"1.34.8","level":"info","msg":"local DB successfully loaded","time":"2026-01-11T22:55:54Z"}
weaviate-1               | {"build_git_commit":"62eab64","build_go_version":"go1.24.11","build_image_tag":"v1.34.8","build_wv_version":"1.34.8","level":"info","msg":"schema manager loaded","n":0,"time":"2026-01-11T22:55:54Z"}
weaviate-1               | {"build_git_commit":"62eab64","build_go_version":"go1.24.11","build_image_tag":"v1.34.8","build_wv_version":"1.34.8","level":"info","metadata_only_voters":false,"msg":"construct a new raft node","name":"node1","time":"2026-01-11T22:55:54Z"}
weaviate-1               | {"action":"raft","build_git_commit":"62eab64","build_go_version":"go1.24.11","build_image_tag":"v1.34.8","build_wv_version":"1.34.8","index":0,"level":"info","msg":"initial configuration","servers":"[[]]","time":"2026-01-11T22:55:54Z"}
weaviate-1               | {"build_git_commit":"62eab64","build_go_version":"go1.24.11","build_image_tag":"v1.34.8","build_wv_version":"1.34.8","last_snapshot_index":0,"last_store_applied_index_on_start":0,"level":"info","msg":"raft node constructed","raft_applied_index":0,"raft_last_index":0,"time":"2026-01-11T22:55:54Z"}
weaviate-1               | {"action":"raft","build_git_commit":"62eab64","build_go_version":"go1.24.11","build_image_tag":"v1.34.8","build_wv_version":"1.34.8","follower":{},"leader-address":"","leader-id":"","level":"info","msg":"entering follower state","time":"2026-01-11T22:55:54Z"}
weaviate-1               | {"build_git_commit":"62eab64","build_go_version":"go1.24.11","build_image_tag":"v1.34.8","build_wv_version":"1.34.8","hasState":false,"level":"info","msg":"raft init","time":"2026-01-11T22:55:54Z"}
weaviate-1               | {"action":"join","build_git_commit":"62eab64","build_go_version":"go1.24.11","build_image_tag":"v1.34.8","build_wv_version":"1.34.8","level":"info","local_address":"172.20.0.2:8300","msg":"attempting to join","node":"node1","remote_address":"172.20.0.2:8300","time":"2026-01-11T22:55:55Z"}
weaviate-1               | {"action":"bootstrap","build_git_commit":"62eab64","build_go_version":"go1.24.11","build_image_tag":"v1.34.8","build_wv_version":"1.34.8","error":"could not join a cluster from map[node1:172.20.0.2:8300]","level":"warning","msg":"failed to join cluster","servers":{"node1":"172.20.0.2:8300"},"time":"2026-01-11T22:55:55Z","voter":true}
weaviate-1               | {"action":"bootstrap","build_git_commit":"62eab64","build_go_version":"go1.24.11","build_image_tag":"v1.34.8","build_wv_version":"1.34.8","candidates":[{"Suffrage":0,"ID":"node1","Address":"172.20.0.2:8300"}],"level":"info","msg":"starting cluster bootstrapping","time":"2026-01-11T22:55:55Z"}
frontend-1               | 172.20.0.1 - - [11/Jan/2026:23:00:32 +0000] "GET /api/sources/2944f3a9-3109-4b0c-80f9-5081ea2acc51/pages HTTP/1.1" 200 7718 "http://localhost:3000/sources/2944f3a9-3109-4b0c-80f9-5081ea2acc51" "Mozilla/5.0 (X11; Linux x86_64) AppleWebKit/537.36 (KHTML, like Gecko) Chrome/143.0.0.0 Safari/537.36" "-"
backend-1                | {"time":"2026-01-11T23:11:53.205128112Z","level":"INFO","msg":"stored chunks","count":35,"correlation_id":"2944f3a9-3109-4b0c-80f9-5081ea2acc51"}
ingestion-worker-web-1   | [INIT].... → Crawl4AI 0.7.8 
postgres-1               | The database cluster will be initialized with locale "en_US.utf8".
nsqlookupd-1             | [nsqlookupd] 2026/01/11 23:07:09.617918 INFO: CLIENT(172.20.0.5:45508): pinged (last ping 14.999437774s)
ingestion-worker-file-1  | {"event": "[nsqd:4150:ingest.task.file:worker] IDENTIFY sent {'short_id': 'b50b26515316', 'long_id': 'b50b26515316', 'client_id': 'b50b26515316', 'hostname': 'b50b26515316', 'heartbeat_interval': 30000, 'feature_negotiation': True, 'tls_v1': False, 'snappy': False, 'deflate': False, 'deflate_level': 6, 'output_buffer_timeout': 250, 'output_buffer_size': 16384, 'sample_rate': 0, 'user_agent': 'pynsq/0.9.1'}", "logger": "nsq.client", "level": "info", "timestamp": "2026-01-11T22:56:00.922017Z"}
nsqlookupd-1             | [nsqlookupd] 2026/01/11 23:07:11.287412 INFO: 200 GET /lookup?topic=ingest.result (172.20.0.6:43782) 6.071µs
nsqlookupd-1             | [nsqlookupd] 2026/01/11 23:07:18.298252 INFO: 200 GET /lookup?topic=ingest.task.file (172.20.0.7:36080) 5.5µs
nsqlookupd-1             | [nsqlookupd] 2026/01/11 23:07:24.617617 INFO: CLIENT(172.20.0.5:45508): pinged (last ping 14.999698634s)
nsqlookupd-1             | [nsqlookupd] 2026/01/11 23:07:39.617608 INFO: CLIENT(172.20.0.5:45508): pinged (last ping 14.999990828s)
nsqlookupd-1             | [nsqlookupd] 2026/01/11 23:07:54.618441 INFO: CLIENT(172.20.0.5:45508): pinged (last ping 15.000832618s)
weaviate-1               | {"action":"bootstrap","build_git_commit":"62eab64","build_go_version":"go1.24.11","build_image_tag":"v1.34.8","build_wv_version":"1.34.8","level":"info","msg":"notified peers this node is ready to join as voter","servers":{"node1":"172.20.0.2:8300"},"time":"2026-01-11T22:55:55Z"}
nsqd-1                   | [nsqd] 2026/01/11 23:35:26.706165 INFO: 200 GET /ping ([::1]:51242) 1.002µs
backend-1                | {"time":"2026-01-11T23:11:53.207713578Z","level":"INFO","msg":"received result","source_id":"2944f3a9-3109-4b0c-80f9-5081ea2acc51","url":"https://pinia.vuejs.org/llms.txt","content_len":340,"correlation_id":"2944f3a9-3109-4b0c-80f9-5081ea2acc51"}
backend-1                | {"time":"2026-01-11T23:11:53.609388488Z","level":"INFO","msg":"stored chunks","count":1,"correlation_id":"2944f3a9-3109-4b0c-80f9-5081ea2acc51"}
backend-1                | {"time":"2026-01-11T23:11:53.611149466Z","level":"INFO","msg":"received result","source_id":"2944f3a9-3109-4b0c-80f9-5081ea2acc51","url":"https://pinia.vuejs.org/cookbook/hot-module-replacement.html","content_len":3355,"correlation_id":"2944f3a9-3109-4b0c-80f9-5081ea2acc51"}
nsqd-1                   | [nsqd] 2026/01/11 23:35:31.747220 INFO: 200 GET /ping ([::1]:57336) 711ns
ingestion-worker-file-1  | {"event": "[nsqd:4150:nsqd:4150] IDENTIFY sent {'short_id': 'b50b26515316', 'long_id': 'b50b26515316', 'client_id': 'b50b26515316', 'hostname': 'b50b26515316', 'heartbeat_interval': 30000, 'feature_negotiation': True, 'tls_v1': False, 'snappy': False, 'deflate': False, 'deflate_level': 6, 'output_buffer_timeout': 250, 'output_buffer_size': 16384, 'sample_rate': 0, 'user_agent': 'pynsq/0.9.1'}", "logger": "nsq.client", "level": "info", "timestamp": "2026-01-11T22:56:00.922132Z"}
ingestion-worker-file-1  | {"event": "[nsqd:4150:nsqd:4150] IDENTIFY received {'max_rdy_count': 2500, 'version': '1.3.0', 'max_msg_timeout': 900000, 'msg_timeout': 60000, 'tls_v1': False, 'deflate': False, 'deflate_level': 6, 'max_deflate_level': 6, 'snappy': False, 'sample_rate': 0, 'auth_required': False, 'output_buffer_size': 16384, 'output_buffer_timeout': 250}", "logger": "nsq.client", "level": "info", "timestamp": "2026-01-11T22:56:00.922452Z"}
ingestion-worker-file-1  | {"event": "[nsqd:4150:ingest.task.file:worker] IDENTIFY received {'max_rdy_count': 2500, 'version': '1.3.0', 'max_msg_timeout': 900000, 'msg_timeout': 60000, 'tls_v1': False, 'deflate': False, 'deflate_level': 6, 'max_deflate_level': 6, 'snappy': False, 'sample_rate': 0, 'auth_required': False, 'output_buffer_size': 16384, 'output_buffer_timeout': 250}", "logger": "nsq.client", "level": "info", "timestamp": "2026-01-11T22:56:00.922529Z"}
ingestion-worker-file-1  | {"event": "[ingest.task.file:worker] lookupd http://nsqlookupd:4161/lookup?topic=ingest.task.file query error: HTTP 404: Not Found", "logger": "nsq.reader", "level": "warning", "timestamp": "2026-01-11T22:56:00.929095Z"}
ingestion-worker-file-1  | {"event": "[nsqd:4150:ingest.task.file:worker] received heartbeat", "logger": "nsq.client", "level": "info", "timestamp": "2026-01-11T22:56:30.922929Z"}
ingestion-worker-file-1  | {"event": "[nsqd:4150:ingest.task.file:worker] received heartbeat", "logger": "nsq.client", "level": "info", "timestamp": "2026-01-11T22:57:00.922829Z"}
ingestion-worker-file-1  | {"event": "[nsqd:4150:ingest.task.file:worker] received heartbeat", "logger": "nsq.client", "level": "info", "timestamp": "2026-01-11T22:57:30.923124Z"}
ingestion-worker-file-1  | {"event": "[nsqd:4150:ingest.task.file:worker] received heartbeat", "logger": "nsq.client", "level": "info", "timestamp": "2026-01-11T22:58:00.922835Z"}
backend-1                | {"time":"2026-01-11T23:11:56.754682064Z","level":"INFO","msg":"request received","method":"GET","path":"/sources/2944f3a9-3109-4b0c-80f9-5081ea2acc51","correlation_id":"bfd8f4e4-28f5-4a6e-8abe-c8c75aa3117a"}
weaviate-1               | {"build_git_commit":"62eab64","build_go_version":"go1.24.11","build_image_tag":"v1.34.8","build_wv_version":"1.34.8","level":"info","msg":"configured versions","server_version":"1.34.8","time":"2026-01-11T22:55:56Z","version":"1.34.8"}
nsqd-1                   | [nsqd] 2026/01/11 23:35:36.771351 INFO: 200 GET /ping ([::1]:57352) 852ns
ingestion-worker-web-1   | [FETCH]... ↓ https://pinia.vuejs.org/llms.txt                                   
postgres-1               | The default database encoding has accordingly been set to "UTF8".
postgres-1               | The default text search configuration will be set to "english".
postgres-1               | 
postgres-1               | Data page checksums are disabled.
ingestion-worker-web-1   | | ✓ | ⏱: 0.00s 
backend-1                | {"time":"2026-01-11T23:11:56.756799326Z","level":"INFO","msg":"request completed","method":"GET","path":"/sources/2944f3a9-3109-4b0c-80f9-5081ea2acc51","correlation_id":"bfd8f4e4-28f5-4a6e-8abe-c8c75aa3117a","duration":2099258}
ingestion-worker-web-1   | [COMPLETE] ● https://pinia.vuejs.org/llms.txt                                   
ingestion-worker-web-1   | | ✓ | ⏱: 0.01s 
ingestion-worker-web-1   | {"url": "https://pinia.vuejs.org/llms.txt", "event": "manifest_found", "logger": "handlers.web", "level": "info", "timestamp": "2026-01-11T23:09:25.635904Z"}
ingestion-worker-web-1   | {"event": "[nsqd:4150:ingest.task.web:worker] ERROR: SendError: failed to send FIN b'172219f9baf0a00c' (Stream is closed)", "logger": "nsq.client", "level": "error", "timestamp": "2026-01-11T23:09:25.650915Z"}
ingestion-worker-web-1   | {"url": "https://pinia.vuejs.org/cookbook/composables.html", "event": "crawl_starting", "logger": "handlers.web", "level": "info", "timestamp": "2026-01-11T23:09:25.651011Z"}
ingestion-worker-web-1   | {"source_id": "2944f3a9-3109-4b0c-80f9-5081ea2acc51", "url": "https://pinia.vuejs.org/logo.svg", "event": "result_published", "logger": "__main__", "level": "info", "timestamp": "2026-01-11T23:09:25.703633Z"}
ingestion-worker-web-1   | {"source_id": "2944f3a9-3109-4b0c-80f9-5081ea2acc51", "url": "https://pinia.vuejs.org/logo.svg", "event": "result_published", "logger": "__main__", "level": "info", "timestamp": "2026-01-11T23:09:25.704276Z"}
ingestion-worker-web-1   | [INIT].... → Crawl4AI 0.7.8 
ingestion-worker-web-1   | [INIT].... → Crawl4AI 0.7.8 
ingestion-worker-web-1   | [INIT].... → Crawl4AI 0.7.8 
ingestion-worker-web-1   | [INIT].... → Crawl4AI 0.7.8 
ingestion-worker-web-1   | [FETCH]... ↓ https://pinia.vuejs.org/llms.txt                                   
ingestion-worker-web-1   | | ✓ | ⏱: 0.00s 
ingestion-worker-web-1   | [COMPLETE] ● https://pinia.vuejs.org/llms.txt                                   
ingestion-worker-web-1   | | ✓ | ⏱: 0.00s 
ingestion-worker-web-1   | {"url": "https://pinia.vuejs.org/llms.txt", "event": "manifest_found", "logger": "handlers.web", "level": "info", "timestamp": "2026-01-11T23:09:25.899328Z"}
frontend-1               | 172.20.0.1 - - [11/Jan/2026:23:00:34 +0000] "GET /api/sources/2944f3a9-3109-4b0c-80f9-5081ea2acc51?exclude_chunks=true HTTP/1.1" 200 248 "http://localhost:3000/sources/2944f3a9-3109-4b0c-80f9-5081ea2acc51" "Mozilla/5.0 (X11; Linux x86_64) AppleWebKit/537.36 (KHTML, like Gecko) Chrome/143.0.0.0 Safari/537.36" "-"
frontend-1               | 172.20.0.1 - - [11/Jan/2026:23:00:34 +0000] "GET /api/sources/2944f3a9-3109-4b0c-80f9-5081ea2acc51/pages HTTP/1.1" 200 7718 "http://localhost:3000/sources/2944f3a9-3109-4b0c-80f9-5081ea2acc51" "Mozilla/5.0 (X11; Linux x86_64) AppleWebKit/537.36 (KHTML, like Gecko) Chrome/143.0.0.0 Safari/537.36" "-"
frontend-1               | 172.20.0.1 - - [11/Jan/2026:23:00:34 +0000] "GET /sources/2944f3a9-3109-4b0c-80f9-5081ea2acc51 HTTP/1.1" 304 0 "-" "Mozilla/5.0 (X11; Linux x86_64) AppleWebKit/537.36 (KHTML, like Gecko) Chrome/143.0.0.0 Safari/537.36" "-"
frontend-1               | 172.20.0.1 - - [11/Jan/2026:23:00:34 +0000] "GET /api/sources/2944f3a9-3109-4b0c-80f9-5081ea2acc51 HTTP/1.1" 200 76058 "http://localhost:3000/sources/2944f3a9-3109-4b0c-80f9-5081ea2acc51" "Mozilla/5.0 (X11; Linux x86_64) AppleWebKit/537.36 (KHTML, like Gecko) Chrome/143.0.0.0 Safari/537.36" "-"
frontend-1               | 172.20.0.1 - - [11/Jan/2026:23:00:34 +0000] "GET /api/sources/2944f3a9-3109-4b0c-80f9-5081ea2acc51/pages HTTP/1.1" 200 7718 "http://localhost:3000/sources/2944f3a9-3109-4b0c-80f9-5081ea2acc51" "Mozilla/5.0 (X11; Linux x86_64) AppleWebKit/537.36 (KHTML, like Gecko) Chrome/143.0.0.0 Safari/537.36" "-"
frontend-1               | 172.20.0.1 - - [11/Jan/2026:23:00:35 +0000] "GET /sources/2944f3a9-3109-4b0c-80f9-5081ea2acc51 HTTP/1.1" 304 0 "-" "Mozilla/5.0 (X11; Linux x86_64) AppleWebKit/537.36 (KHTML, like Gecko) Chrome/143.0.0.0 Safari/537.36" "-"
frontend-1               | 172.20.0.1 - - [11/Jan/2026:23:00:35 +0000] "GET /api/sources/2944f3a9-3109-4b0c-80f9-5081ea2acc51 HTTP/1.1" 200 76058 "http://localhost:3000/sources/2944f3a9-3109-4b0c-80f9-5081ea2acc51" "Mozilla/5.0 (X11; Linux x86_64) AppleWebKit/537.36 (KHTML, like Gecko) Chrome/143.0.0.0 Safari/537.36" "-"
frontend-1               | 172.20.0.1 - - [11/Jan/2026:23:00:35 +0000] "GET /api/sources/2944f3a9-3109-4b0c-80f9-5081ea2acc51/pages HTTP/1.1" 200 7718 "http://localhost:3000/sources/2944f3a9-3109-4b0c-80f9-5081ea2acc51" "Mozilla/5.0 (X11; Linux x86_64) AppleWebKit/537.36 (KHTML, like Gecko) Chrome/143.0.0.0 Safari/537.36" "-"
frontend-1               | 172.20.0.1 - - [11/Jan/2026:23:00:35 +0000] "GET /sources/2944f3a9-3109-4b0c-80f9-5081ea2acc51 HTTP/1.1" 304 0 "-" "Mozilla/5.0 (X11; Linux x86_64) AppleWebKit/537.36 (KHTML, like Gecko) Chrome/143.0.0.0 Safari/537.36" "-"
frontend-1               | 172.20.0.1 - - [11/Jan/2026:23:00:35 +0000] "GET /api/sources/2944f3a9-3109-4b0c-80f9-5081ea2acc51 HTTP/1.1" 200 76058 "http://localhost:3000/sources/2944f3a9-3109-4b0c-80f9-5081ea2acc51" "Mozilla/5.0 (X11; Linux x86_64) AppleWebKit/537.36 (KHTML, like Gecko) Chrome/143.0.0.0 Safari/537.36" "-"
frontend-1               | 172.20.0.1 - - [11/Jan/2026:23:00:35 +0000] "GET /api/sources/2944f3a9-3109-4b0c-80f9-5081ea2acc51/pages HTTP/1.1" 200 7718 "http://localhost:3000/sources/2944f3a9-3109-4b0c-80f9-5081ea2acc51" "Mozilla/5.0 (X11; Linux x86_64) AppleWebKit/537.36 (KHTML, like Gecko) Chrome/143.0.0.0 Safari/537.36" "-"
frontend-1               | 172.20.0.1 - - [11/Jan/2026:23:00:36 +0000] "GET /sources/2944f3a9-3109-4b0c-80f9-5081ea2acc51 HTTP/1.1" 304 0 "-" "Mozilla/5.0 (X11; Linux x86_64) AppleWebKit/537.36 (KHTML, like Gecko) Chrome/143.0.0.0 Safari/537.36" "-"
frontend-1               | 172.20.0.1 - - [11/Jan/2026:23:00:36 +0000] "GET /api/sources/2944f3a9-3109-4b0c-80f9-5081ea2acc51 HTTP/1.1" 200 76073 "http://localhost:3000/sources/2944f3a9-3109-4b0c-80f9-5081ea2acc51" "Mozilla/5.0 (X11; Linux x86_64) AppleWebKit/537.36 (KHTML, like Gecko) Chrome/143.0.0.0 Safari/537.36" "-"
frontend-1               | 172.20.0.1 - - [11/Jan/2026:23:00:36 +0000] "GET /api/sources/2944f3a9-3109-4b0c-80f9-5081ea2acc51/pages HTTP/1.1" 200 7718 "http://localhost:3000/sources/2944f3a9-3109-4b0c-80f9-5081ea2acc51" "Mozilla/5.0 (X11; Linux x86_64) AppleWebKit/537.36 (KHTML, like Gecko) Chrome/143.0.0.0 Safari/537.36" "-"
frontend-1               | 172.20.0.1 - - [11/Jan/2026:23:00:36 +0000] "GET /sources/2944f3a9-3109-4b0c-80f9-5081ea2acc51 HTTP/1.1" 304 0 "-" "Mozilla/5.0 (X11; Linux x86_64) AppleWebKit/537.36 (KHTML, like Gecko) Chrome/143.0.0.0 Safari/537.36" "-"
frontend-1               | 172.20.0.1 - - [11/Jan/2026:23:00:36 +0000] "GET /api/sources/2944f3a9-3109-4b0c-80f9-5081ea2acc51 HTTP/1.1" 200 76058 "http://localhost:3000/sources/2944f3a9-3109-4b0c-80f9-5081ea2acc51" "Mozilla/5.0 (X11; Linux x86_64) AppleWebKit/537.36 (KHTML, like Gecko) Chrome/143.0.0.0 Safari/537.36" "-"
frontend-1               | 172.20.0.1 - - [11/Jan/2026:23:00:36 +0000] "GET /api/sources/2944f3a9-3109-4b0c-80f9-5081ea2acc51/pages HTTP/1.1" 200 7718 "http://localhost:3000/sources/2944f3a9-3109-4b0c-80f9-5081ea2acc51" "Mozilla/5.0 (X11; Linux x86_64) AppleWebKit/537.36 (KHTML, like Gecko) Chrome/143.0.0.0 Safari/537.36" "-"
postgres-1               | 
frontend-1               | 172.20.0.1 - - [11/Jan/2026:23:00:36 +0000] "GET /sources/2944f3a9-3109-4b0c-80f9-5081ea2acc51 HTTP/1.1" 304 0 "-" "Mozilla/5.0 (X11; Linux x86_64) AppleWebKit/537.36 (KHTML, like Gecko) Chrome/143.0.0.0 Safari/537.36" "-"
nsqlookupd-1             | [nsqlookupd] 2026/01/11 23:08:09.618184 INFO: CLIENT(172.20.0.5:45508): pinged (last ping 14.999743853s)
nsqd-1                   | [nsqd] 2026/01/11 23:35:41.809198 INFO: 200 GET /ping ([::1]:48104) 1.142µs
nsqd-1                   | [nsqd] 2026/01/11 23:35:46.846370 INFO: 200 GET /ping ([::1]:48114) 1.072µs
nsqd-1                   | [nsqd] 2026/01/11 23:35:51.883945 INFO: 200 GET /ping ([::1]:47496) 1.002µs
postgres-1               | fixing permissions on existing directory /var/lib/postgresql/data ... ok
postgres-1               | creating subdirectories ... ok
postgres-1               | selecting dynamic shared memory implementation ... posix
postgres-1               | selecting default max_connections ... 100
backend-1                | {"time":"2026-01-11T23:11:56.767023761Z","level":"INFO","msg":"request received","method":"GET","path":"/sources/2944f3a9-3109-4b0c-80f9-5081ea2acc51/pages","correlation_id":"720658a9-5214-4580-8ef2-7dff543a6b7f"}
ingestion-worker-web-1   | [INIT].... → Crawl4AI 0.7.8 
backend-1                | {"time":"2026-01-11T23:11:56.767572879Z","level":"INFO","msg":"request completed","method":"GET","path":"/sources/2944f3a9-3109-4b0c-80f9-5081ea2acc51/pages","correlation_id":"720658a9-5214-4580-8ef2-7dff543a6b7f","duration":531335}
weaviate-1               | {"action":"grpc_startup","build_git_commit":"62eab64","build_go_version":"go1.24.11","build_image_tag":"v1.34.8","build_wv_version":"1.34.8","level":"info","msg":"grpc server listening at [::]:50051","time":"2026-01-11T22:55:56Z"}
weaviate-1               | {"action":"restapi_management","build_git_commit":"62eab64","build_go_version":"go1.24.11","build_image_tag":"v1.34.8","build_wv_version":"1.34.8","level":"info","msg":"Serving weaviate at http://[::]:8080","time":"2026-01-11T22:55:56Z","version":"1.34.8"}
weaviate-1               | {"action":"join","build_git_commit":"62eab64","build_go_version":"go1.24.11","build_image_tag":"v1.34.8","build_wv_version":"1.34.8","level":"info","local_address":"172.20.0.2:8300","msg":"attempting to join","node":"node1","remote_address":"172.20.0.2:8300","time":"2026-01-11T22:55:57Z"}
weaviate-1               | {"action":"bootstrap","build_git_commit":"62eab64","build_go_version":"go1.24.11","build_image_tag":"v1.34.8","build_wv_version":"1.34.8","error":"could not join a cluster from map[node1:172.20.0.2:8300]","level":"warning","msg":"failed to join cluster","servers":{"node1":"172.20.0.2:8300"},"time":"2026-01-11T22:55:57Z","voter":true}
weaviate-1               | {"action":"bootstrap","build_git_commit":"62eab64","build_go_version":"go1.24.11","build_image_tag":"v1.34.8","build_wv_version":"1.34.8","level":"info","msg":"notified peers this node is ready to join as voter","servers":{"node1":"172.20.0.2:8300"},"time":"2026-01-11T22:55:57Z"}
weaviate-1               | {"action":"telemetry_push","build_git_commit":"62eab64","build_go_version":"go1.24.11","build_image_tag":"v1.34.8","build_wv_version":"1.34.8","level":"info","msg":"telemetry started","payload":"\u0026{MachineID:81836399-60bd-4f35-80ff-2c4a10076e6e Type:INIT Version:1.34.8 ObjectsCount:0 OS:linux Arch:amd64 UsedModules:[] CollectionsCount:0}","time":"2026-01-11T22:55:58Z"}
weaviate-1               | {"action":"join","build_git_commit":"62eab64","build_go_version":"go1.24.11","build_image_tag":"v1.34.8","build_wv_version":"1.34.8","level":"info","local_address":"172.20.0.2:8300","msg":"attempting to join","node":"node1","remote_address":"172.20.0.2:8300","time":"2026-01-11T22:55:58Z"}
weaviate-1               | {"action":"bootstrap","build_git_commit":"62eab64","build_go_version":"go1.24.11","build_image_tag":"v1.34.8","build_wv_version":"1.34.8","error":"could not join a cluster from map[node1:172.20.0.2:8300]","level":"warning","msg":"failed to join cluster","servers":{"node1":"172.20.0.2:8300"},"time":"2026-01-11T22:55:58Z","voter":true}
weaviate-1               | {"action":"bootstrap","build_git_commit":"62eab64","build_go_version":"go1.24.11","build_image_tag":"v1.34.8","build_wv_version":"1.34.8","level":"info","msg":"notified peers this node is ready to join as voter","servers":{"node1":"172.20.0.2:8300"},"time":"2026-01-11T22:55:58Z"}
weaviate-1               | {"action":"join","build_git_commit":"62eab64","build_go_version":"go1.24.11","build_image_tag":"v1.34.8","build_wv_version":"1.34.8","level":"info","local_address":"172.20.0.2:8300","msg":"attempting to join","node":"node1","remote_address":"172.20.0.2:8300","time":"2026-01-11T22:55:59Z"}
weaviate-1               | {"action":"bootstrap","build_git_commit":"62eab64","build_go_version":"go1.24.11","build_image_tag":"v1.34.8","build_wv_version":"1.34.8","error":"could not join a cluster from map[node1:172.20.0.2:8300]","level":"warning","msg":"failed to join cluster","servers":{"node1":"172.20.0.2:8300"},"time":"2026-01-11T22:55:59Z","voter":true}
weaviate-1               | {"action":"bootstrap","build_git_commit":"62eab64","build_go_version":"go1.24.11","build_image_tag":"v1.34.8","build_wv_version":"1.34.8","level":"info","msg":"notified peers this node is ready to join as voter","servers":{"node1":"172.20.0.2:8300"},"time":"2026-01-11T22:55:59Z"}
weaviate-1               | {"action":"join","build_git_commit":"62eab64","build_go_version":"go1.24.11","build_image_tag":"v1.34.8","build_wv_version":"1.34.8","level":"info","local_address":"172.20.0.2:8300","msg":"attempting to join","node":"node1","remote_address":"172.20.0.2:8300","time":"2026-01-11T22:56:00Z"}
weaviate-1               | {"action":"bootstrap","build_git_commit":"62eab64","build_go_version":"go1.24.11","build_image_tag":"v1.34.8","build_wv_version":"1.34.8","error":"could not join a cluster from map[node1:172.20.0.2:8300]","level":"warning","msg":"failed to join cluster","servers":{"node1":"172.20.0.2:8300"},"time":"2026-01-11T22:56:00Z","voter":true}
weaviate-1               | {"action":"bootstrap","build_git_commit":"62eab64","build_go_version":"go1.24.11","build_image_tag":"v1.34.8","build_wv_version":"1.34.8","level":"info","msg":"notified peers this node is ready to join as voter","servers":{"node1":"172.20.0.2:8300"},"time":"2026-01-11T22:56:00Z"}
weaviate-1               | {"action":"raft","build_git_commit":"62eab64","build_go_version":"go1.24.11","build_image_tag":"v1.34.8","build_wv_version":"1.34.8","last-leader-addr":"","last-leader-id":"","level":"warning","msg":"heartbeat timeout reached, starting election","time":"2026-01-11T22:56:00Z"}
weaviate-1               | {"action":"raft","build_git_commit":"62eab64","build_go_version":"go1.24.11","build_image_tag":"v1.34.8","build_wv_version":"1.34.8","level":"info","msg":"entering candidate state","node":{},"term":2,"time":"2026-01-11T22:56:00Z"}
weaviate-1               | {"action":"raft","build_git_commit":"62eab64","build_go_version":"go1.24.11","build_image_tag":"v1.34.8","build_wv_version":"1.34.8","level":"info","msg":"pre-vote successful, starting election","refused":0,"tally":1,"term":2,"time":"2026-01-11T22:56:00Z","votesNeeded":1}
weaviate-1               | {"action":"raft","build_git_commit":"62eab64","build_go_version":"go1.24.11","build_image_tag":"v1.34.8","build_wv_version":"1.34.8","level":"info","msg":"election won","tally":1,"term":2,"time":"2026-01-11T22:56:00Z"}
weaviate-1               | {"action":"raft","build_git_commit":"62eab64","build_go_version":"go1.24.11","build_image_tag":"v1.34.8","build_wv_version":"1.34.8","leader":{},"level":"info","msg":"entering leader state","time":"2026-01-11T22:56:00Z"}
weaviate-1               | {"action":"leader_found","build_git_commit":"62eab64","build_go_version":"go1.24.11","build_image_tag":"v1.34.8","build_wv_version":"1.34.8","leader_address":"172.20.0.2:8300","level":"info","msg":"current leader","time":"2026-01-11T22:56:01Z"}
ingestion-worker-web-1   | [FETCH]... ↓ https://pinia.vuejs.org/llms.txt                                   
backend-1                | {"time":"2026-01-11T23:11:57.098628822Z","level":"INFO","msg":"stored chunks","count":8,"correlation_id":"2944f3a9-3109-4b0c-80f9-5081ea2acc51"}
ingestion-worker-web-1   | | ✓ | ⏱: 0.01s 
backend-1                | {"time":"2026-01-11T23:11:57.100953476Z","level":"INFO","msg":"received result","source_id":"2944f3a9-3109-4b0c-80f9-5081ea2acc51","url":"https://pinia.vuejs.org/llms.txt","content_len":340,"correlation_id":"2944f3a9-3109-4b0c-80f9-5081ea2acc51"}
nsqlookupd-1             | [nsqlookupd] 2026/01/11 23:08:11.287449 INFO: 200 GET /lookup?topic=ingest.result (172.20.0.6:43782) 15.138µs
backend-1                | {"time":"2026-01-11T23:11:57.488621801Z","level":"INFO","msg":"stored chunks","count":1,"correlation_id":"2944f3a9-3109-4b0c-80f9-5081ea2acc51"}
nsqlookupd-1             | [nsqlookupd] 2026/01/11 23:08:18.297137 INFO: 200 GET /lookup?topic=ingest.task.file (172.20.0.7:36158) 14.968µs
postgres-1               | selecting default shared_buffers ... 128MB
ingestion-worker-web-1   | [COMPLETE] ● https://pinia.vuejs.org/llms.txt                                   
ingestion-worker-web-1   | | ✓ | ⏱: 0.01s 
ingestion-worker-web-1   | {"url": "https://pinia.vuejs.org/llms.txt", "event": "manifest_found", "logger": "handlers.web", "level": "info", "timestamp": "2026-01-11T23:09:25.988363Z"}
ingestion-worker-web-1   | [INIT].... → Crawl4AI 0.7.8 
ingestion-worker-web-1   | [INIT].... → Crawl4AI 0.7.8 
backend-1                | {"time":"2026-01-11T23:11:57.490155019Z","level":"INFO","msg":"received result","source_id":"2944f3a9-3109-4b0c-80f9-5081ea2acc51","url":"https://pinia.vuejs.org/","content_len":1528,"correlation_id":"2944f3a9-3109-4b0c-80f9-5081ea2acc51"}
backend-1                | {"time":"2026-01-11T23:12:01.498476458Z","level":"INFO","msg":"stored chunks","count":10,"correlation_id":"2944f3a9-3109-4b0c-80f9-5081ea2acc51"}
backend-1                | {"time":"2026-01-11T23:12:01.500721411Z","level":"INFO","msg":"received result","source_id":"2944f3a9-3109-4b0c-80f9-5081ea2acc51","url":"https://pinia.vuejs.org/llms.txt","content_len":340,"correlation_id":"2944f3a9-3109-4b0c-80f9-5081ea2acc51"}
backend-1                | {"time":"2026-01-11T23:12:01.908897177Z","level":"INFO","msg":"stored chunks","count":1,"correlation_id":"2944f3a9-3109-4b0c-80f9-5081ea2acc51"}
backend-1                | {"time":"2026-01-11T23:12:01.910388857Z","level":"INFO","msg":"received result","source_id":"2944f3a9-3109-4b0c-80f9-5081ea2acc51","url":"https://pinia.vuejs.org/logo.svg","content_len":1,"correlation_id":"2944f3a9-3109-4b0c-80f9-5081ea2acc51"}
backend-1                | {"time":"2026-01-11T23:12:01.912710074Z","level":"INFO","msg":"received result","source_id":"2944f3a9-3109-4b0c-80f9-5081ea2acc51","url":"https://pinia.vuejs.org/llms.txt","content_len":340,"correlation_id":"2944f3a9-3109-4b0c-80f9-5081ea2acc51"}
backend-1                | {"time":"2026-01-11T23:12:02.308060489Z","level":"INFO","msg":"stored chunks","count":1,"correlation_id":"2944f3a9-3109-4b0c-80f9-5081ea2acc51"}
backend-1                | {"time":"2026-01-11T23:12:02.309582536Z","level":"INFO","msg":"received result","source_id":"2944f3a9-3109-4b0c-80f9-5081ea2acc51","url":"https://pinia.vuejs.org/cookbook/composing-stores.html","content_len":6729,"correlation_id":"2944f3a9-3109-4b0c-80f9-5081ea2acc51"}
backend-1                | {"time":"2026-01-11T23:12:08.957713544Z","level":"INFO","msg":"stored chunks","count":16,"correlation_id":"2944f3a9-3109-4b0c-80f9-5081ea2acc51"}
backend-1                | {"time":"2026-01-11T23:12:08.959733612Z","level":"INFO","msg":"received result","source_id":"2944f3a9-3109-4b0c-80f9-5081ea2acc51","url":"https://pinia.vuejs.org/llms.txt","content_len":340,"correlation_id":"2944f3a9-3109-4b0c-80f9-5081ea2acc51"}
backend-1                | {"time":"2026-01-11T23:12:09.367819068Z","level":"INFO","msg":"stored chunks","count":1,"correlation_id":"2944f3a9-3109-4b0c-80f9-5081ea2acc51"}
backend-1                | {"time":"2026-01-11T23:12:09.369515825Z","level":"INFO","msg":"received result","source_id":"2944f3a9-3109-4b0c-80f9-5081ea2acc51","url":"https://pinia.vuejs.org/api/","content_len":8125,"correlation_id":"2944f3a9-3109-4b0c-80f9-5081ea2acc51"}
backend-1                | INF    2 [ingest.result/backend] querying nsqlookupd http://nsqlookupd:4161/lookup?topic=ingest.result
backend-1                | {"time":"2026-01-11T23:12:16.025535987Z","level":"INFO","msg":"stored chunks","count":17,"correlation_id":"2944f3a9-3109-4b0c-80f9-5081ea2acc51"}
backend-1                | {"time":"2026-01-11T23:12:16.027578728Z","level":"INFO","msg":"received result","source_id":"2944f3a9-3109-4b0c-80f9-5081ea2acc51","url":"https://pinia.vuejs.org/llms.txt","content_len":340,"correlation_id":"2944f3a9-3109-4b0c-80f9-5081ea2acc51"}
backend-1                | {"time":"2026-01-11T23:12:16.432748742Z","level":"INFO","msg":"stored chunks","count":1,"correlation_id":"2944f3a9-3109-4b0c-80f9-5081ea2acc51"}
backend-1                | {"time":"2026-01-11T23:12:16.434149771Z","level":"INFO","msg":"received result","source_id":"2944f3a9-3109-4b0c-80f9-5081ea2acc51","url":"https://pinia.vuejs.org/core-concepts/state.html","content_len":12637,"correlation_id":"2944f3a9-3109-4b0c-80f9-5081ea2acc51"}
backend-1                | {"time":"2026-01-11T23:12:35.598910989Z","level":"INFO","msg":"stored chunks","count":46,"correlation_id":"2944f3a9-3109-4b0c-80f9-5081ea2acc51"}
backend-1                | {"time":"2026-01-11T23:12:35.60092706Z","level":"INFO","msg":"received result","source_id":"2944f3a9-3109-4b0c-80f9-5081ea2acc51","url":"https://pinia.vuejs.org/llms.txt","content_len":340,"correlation_id":"2944f3a9-3109-4b0c-80f9-5081ea2acc51"}
backend-1                | {"time":"2026-01-11T23:12:35.993806325Z","level":"INFO","msg":"stored chunks","count":1,"correlation_id":"2944f3a9-3109-4b0c-80f9-5081ea2acc51"}
backend-1                | {"time":"2026-01-11T23:12:35.995314115Z","level":"INFO","msg":"received result","source_id":"2944f3a9-3109-4b0c-80f9-5081ea2acc51","url":"https://pinia.vuejs.org/core-concepts/actions.html","content_len":9619,"correlation_id":"2944f3a9-3109-4b0c-80f9-5081ea2acc51"}
backend-1                | {"time":"2026-01-11T23:12:45.941048509Z","level":"INFO","msg":"stored chunks","count":24,"correlation_id":"2944f3a9-3109-4b0c-80f9-5081ea2acc51"}
backend-1                | {"time":"2026-01-11T23:12:45.943047778Z","level":"INFO","msg":"received result","source_id":"2944f3a9-3109-4b0c-80f9-5081ea2acc51","url":"https://pinia.vuejs.org/llms.txt","content_len":340,"correlation_id":"2944f3a9-3109-4b0c-80f9-5081ea2acc51"}
backend-1                | {"time":"2026-01-11T23:12:46.333734759Z","level":"INFO","msg":"stored chunks","count":1,"correlation_id":"2944f3a9-3109-4b0c-80f9-5081ea2acc51"}
backend-1                | {"time":"2026-01-11T23:12:46.335240555Z","level":"INFO","msg":"received result","source_id":"2944f3a9-3109-4b0c-80f9-5081ea2acc51","url":"https://pinia.vuejs.org/cookbook","content_len":3188,"correlation_id":"2944f3a9-3109-4b0c-80f9-5081ea2acc51"}
backend-1                | {"time":"2026-01-11T23:12:49.098861519Z","level":"INFO","msg":"stored chunks","count":6,"correlation_id":"2944f3a9-3109-4b0c-80f9-5081ea2acc51"}
backend-1                | {"time":"2026-01-11T23:12:49.100827214Z","level":"INFO","msg":"source ingestion completed","source_id":"2944f3a9-3109-4b0c-80f9-5081ea2acc51","correlation_id":"2944f3a9-3109-4b0c-80f9-5081ea2acc51"}
backend-1                | {"time":"2026-01-11T23:12:49.101656181Z","level":"INFO","msg":"received result","source_id":"2944f3a9-3109-4b0c-80f9-5081ea2acc51","url":"https://pinia.vuejs.org/llms.txt","content_len":340,"correlation_id":"2944f3a9-3109-4b0c-80f9-5081ea2acc51"}
ingestion-worker-file-1  | {"data": {"correlation_id": "4c335bfa-f426-49ca-abe6-da46859fb985", "id": "2c696c8e-d61c-4d72-b563-62a17428fea2", "path": "/var/lib/qurio/uploads/fb8b9062-4596-403f-8047-fc2448382968_RESTful_Web_Services.pdf", "type": "file"}, "event": "message_received", "logger": "__main__", "level": "info", "timestamp": "2026-01-11T22:58:03.982797Z"}
weaviate-1               | {"action":"bootstrap","build_git_commit":"62eab64","build_go_version":"go1.24.11","build_image_tag":"v1.34.8","build_wv_version":"1.34.8","level":"info","msg":"node reporting ready, exiting bootstrap process","time":"2026-01-11T22:56:01Z"}
ingestion-worker-web-1   | [INIT].... → Crawl4AI 0.7.8 
